Archive member included to satisfy reference by file (symbol)

D:/devkitPro/libnds/lib\libnds9.a(console.o)
                              main.o (consoleDemoInit)
D:/devkitPro/libnds/lib\libnds9.a(gl2d.o)
                              main.o (glScreen2D)
D:/devkitPro/libnds/lib\libnds9.a(videoGL.o)
                              D:/devkitPro/libnds/lib\libnds9.a(gl2d.o) (glMaterialf)
D:/devkitPro/libnds/lib\libnds9.a(keys.o)
                              main.o (scanKeys)
D:/devkitPro/libnds/lib\libnds9.a(initSystem.o)
                              D:/devkitPro/devkitARM/bin/../lib/gcc/arm-none-eabi/13.2.0/../../../../arm-none-eabi/lib/thumb/ds_arm9_crt0.o (initSystem)
D:/devkitPro/libnds/lib\libnds9.a(securearea.o)
                              D:/devkitPro/devkitARM/bin/../lib/gcc/arm-none-eabi/13.2.0/../../../../arm-none-eabi/lib/thumb/ds_arm9_crt0.o (__secure_area__)
D:/devkitPro/libnds/lib\libnds9.a(interrupts.o)
                              D:/devkitPro/libnds/lib\libnds9.a(initSystem.o) (irqInit)
D:/devkitPro/libnds/lib\libnds9.a(libnds_exit.arm.o)
                              D:/devkitPro/devkitARM/bin/../lib/gcc/arm-none-eabi/13.2.0/../../../../arm-none-eabi/lib/thumb/ds_arm9_crt0.o (__libnds_exit)
D:/devkitPro/libnds/lib\libnds9.a(fifosystem.o)
                              D:/devkitPro/libnds/lib\libnds9.a(initSystem.o) (fifoSetValue32Handler)
D:/devkitPro/libnds/lib\libnds9.a(mpu_setup.o)
                              D:/devkitPro/devkitARM/bin/../lib/gcc/arm-none-eabi/13.2.0/../../../../arm-none-eabi/lib/thumb/ds_arm9_crt0.o (__libnds_mpu_setup)
D:/devkitPro/libnds/lib\libnds9.a(IntrWait.o)
                              main.o (swiWaitForVBlank)
D:/devkitPro/libnds/lib\libnds9.a(cpu_clock.o)
                              D:/devkitPro/libnds/lib\libnds9.a(initSystem.o) (setCpuClock)
D:/devkitPro/libnds/lib\libnds9.a(interruptDispatcher.o)
                              D:/devkitPro/libnds/lib\libnds9.a(interrupts.o) (IntrMain)
D:/devkitPro/libnds/lib\libnds9.a(biosCalls.o)
                              D:/devkitPro/libnds/lib\libnds9.a(videoGL.o) (swiCopy)
D:/devkitPro/libnds/lib\libnds9.a(debugprint.o)
                              D:/devkitPro/libnds/lib\libnds9.a(console.o) (nocashWrite)
D:/devkitPro/libnds/lib\libnds9.a(swiSoftReset.o)
                              D:/devkitPro/libnds/lib\libnds9.a(fifosystem.o) (swiSoftReset)
D:/devkitPro/libnds/lib\libnds9.a(default_font.bin.o)
                              D:/devkitPro/libnds/lib\libnds9.a(console.o) (default_font_bin)
D:/devkitPro/libnds/lib\libnds9.a(background.o)
                              D:/devkitPro/libnds/lib\libnds9.a(console.o) (bgState)
D:/devkitPro/libnds/lib\libnds9.a(dynamicArray.o)
                              D:/devkitPro/libnds/lib\libnds9.a(videoGL.o) (DynamicArrayInit)
D:/devkitPro/libnds/lib\libnds9.a(trig.o)
                              D:/devkitPro/libnds/lib\libnds9.a(gl2d.o) (sinLerp)
D:/devkitPro/libnds/lib\libnds9.a(video.o)
                              D:/devkitPro/libnds/lib\libnds9.a(videoGL.o) (vramSetBanks_EFG)
D:/devkitPro/libnds/lib\libnds9.a(system.o)
                              D:/devkitPro/libnds/lib\libnds9.a(initSystem.o) (systemValueHandler)
D:/devkitPro/devkitARM/bin/../lib/gcc/arm-none-eabi/13.2.0/thumb\libgcc.a(_arm_mulsf3.o)
                              playerO.o (__aeabi_fmul)
D:/devkitPro/devkitARM/bin/../lib/gcc/arm-none-eabi/13.2.0/thumb\libgcc.a(_divsi3.o)
                              D:/devkitPro/libnds/lib\libnds9.a(gl2d.o) (__aeabi_idiv)
D:/devkitPro/devkitARM/bin/../lib/gcc/arm-none-eabi/13.2.0/thumb\libgcc.a(_dvmd_tls.o)
                              D:/devkitPro/devkitARM/bin/../lib/gcc/arm-none-eabi/13.2.0/thumb\libgcc.a(_divsi3.o) (__aeabi_idiv0)
D:/devkitPro/devkitARM/bin/../lib/gcc/arm-none-eabi/13.2.0/thumb\libgcc.a(_arm_addsubdf3.o)
                              main.o (__aeabi_f2d)
D:/devkitPro/devkitARM/bin/../lib/gcc/arm-none-eabi/13.2.0/thumb\libgcc.a(_arm_addsubsf3.o)
                              playerO.o (__aeabi_fadd)
D:/devkitPro/devkitARM/bin/../lib/gcc/arm-none-eabi/13.2.0/thumb\libgcc.a(_arm_cmpsf2.o)
                              playerO.o (__aeabi_fcmpgt)
D:/devkitPro/devkitARM/bin/../lib/gcc/arm-none-eabi/13.2.0/thumb\libgcc.a(_arm_fixsfsi.o)
                              playerO.o (__aeabi_f2iz)
D:/devkitPro/devkitARM/bin/../lib/gcc/arm-none-eabi/13.2.0/thumb\libgcc.a(_muldi3.o)
                              D:/devkitPro/libnds/lib\libnds9.a(gl2d.o) (__aeabi_lmul)
D:/devkitPro/devkitARM/bin/../lib/gcc/arm-none-eabi/13.2.0/../../../../arm-none-eabi/lib/thumb\libg.a(libc_a-bsearch.o)
                              D:/devkitPro/libnds/lib\libnds9.a(trig.o) (bsearch)
D:/devkitPro/devkitARM/bin/../lib/gcc/arm-none-eabi/13.2.0/../../../../arm-none-eabi/lib/thumb\libg.a(libc_a-calloc.o)
                              D:/devkitPro/libnds/lib\libnds9.a(videoGL.o) (calloc)
[...]
Memory Configuration

Name             Origin             Length             Attributes
ewram            0x02000000         0x00380000
dtcm             0x02ff0000         0x00004000
vectors          0x01000000         0x00000100
itcm             0x01000100         0x00007f00
*default*        0x00000000         0xffffffff

Linker script and memory map

                0x02380000                        __ewram_end = (ORIGIN (ewram) + LENGTH (ewram))
                0x02380000                        __eheap_end = (ORIGIN (ewram) + LENGTH (ewram))
                0x02ff4000                        __dtcm_top = (ORIGIN (dtcm) + LENGTH (dtcm))
                0x02ff3ff8                        __irq_flags = (__dtcm_top - 0x8)
                0x02ff3ffc                        __irq_vector = (__dtcm_top - 0x4)
                0x02ff3f00                        __sp_svc = (__dtcm_top - 0x100)
                0x02ff3e00                        __sp_irq = (__sp_svc - 0x100)
                0x02ff3d00                        __sp_usr = (__sp_irq - 0x100)

.secure         0x02000000      0x800
 *(.secure)
 .secure        0x02000000      0x800 D:/devkitPro/libnds/lib\libnds9.a(securearea.o)
                0x02000000                __secure_area__

.crt0           0x02000800      0x300
                0x02000800                        __text_start = .
 *(.crt0)
 .crt0          0x02000800      0x300 D:/devkitPro/devkitARM/bin/../lib/gcc/arm-none-eabi/13.2.0/../../../../arm-none-eabi/lib/thumb/ds_arm9_crt0.o
                0x02000800                _start
                0x02000b00                        . = ALIGN (0x4)

.plt
 *(.plt)

.init           0x02000b00        0xc
 *(SORT_NONE(.init))
 .init          0x02000b00        0x4 D:/devkitPro/devkitARM/bin/../lib/gcc/arm-none-eabi/13.2.0/thumb/crti.o
                0x02000b00                _init
 .init          0x02000b04        0x8 D:/devkitPro/devkitARM/bin/../lib/gcc/arm-none-eabi/13.2.0/thumb/crtn.o

.text           0x02000b10     0xba30
 *(EXCLUDE_FILE(*.twl* *.vectors* *.itcm*) .text)
 .text          0x02000b10       0x60 cameraO.o
                0x02000b10                CameraUpdate
 .text          0x02000b70       0xc8 cursorO.o
                0x02000b70                InitializeCursor
                0x02000bc0                CursorLogic
                0x02000c1c                DrawCursor
 .text          0x02000c38       0xbc main.o
                0x02000c38                DSInitialSetup
                0x02000c64                Render
 .text          0x02000cf4      0x148 mapO.o
                0x02000cf4                InitMap
                0x02000da0                MapInteraction
                0x02000de0                DrawMap
 .text          0x02000e3c      0x2d4 playerO.o
                0x02000e3c                InitializePlayer
                0x02000edc                DetectHorizontalCollision
                0x02000f84                DetectVerticalCollision
                0x02001000                DetectPlayerCollision
                0x02001060                PlayerLogic
                0x020010d4                DrawPlayer
 .text          0x02001110      0x198 D:/devkitPro/devkitARM/bin/../lib/gcc/arm-none-eabi/13.2.0/thumb\libgcc.a(_arm_mulsf3.o)
                0x02001110                __aeabi_fmul
                0x02001110                __mulsf3
 .text          0x020012a8      0x150 D:/devkitPro/devkitARM/bin/../lib/gcc/arm-none-eabi/13.2.0/thumb\libgcc.a(_divsi3.o)
                0x020012a8                __divsi3
                0x020012a8                __aeabi_idiv
                0x020013d8                __aeabi_idivmod
 .text          0x020013f8        0x4 D:/devkitPro/devkitARM/bin/../lib/gcc/arm-none-eabi/13.2.0/thumb\libgcc.a(_dvmd_tls.o)
                0x020013f8                __aeabi_idiv0
                0x020013f8                __aeabi_ldiv0
 .text          0x020013fc      0x424 D:/devkitPro/devkitARM/bin/../lib/gcc/arm-none-eabi/13.2.0/thumb\libgcc.a(_arm_addsubdf3.o)
                0x020013fc                __aeabi_drsub
                0x02001404                __aeabi_dsub
                0x02001404                __subdf3
                0x02001408                __aeabi_dadd
                0x02001408                __adddf3
                0x02001718                __floatunsidf
                0x02001718                __aeabi_ui2d
                0x0200173c                __floatsidf
                0x0200173c                __aeabi_i2d
                0x02001764                __aeabi_f2d
                0x02001764                __extendsfdf2
                0x020017ac                __floatundidf
                0x020017ac                __aeabi_ul2d
                0x020017c0                __floatdidf
                0x020017c0                __aeabi_l2d
 .text          0x02001820      0x2ac D:/devkitPro/devkitARM/bin/../lib/gcc/arm-none-eabi/13.2.0/thumb\libgcc.a(_arm_addsubsf3.o)
                0x02001820                __aeabi_frsub
                0x02001828                __subsf3
                0x02001828                __aeabi_fsub
                0x0200182c                __aeabi_fadd
                0x0200182c                __addsf3
                0x020019e8                __aeabi_ui2f
                0x020019e8                __floatunsisf
                0x020019f0                __aeabi_i2f
                0x020019f0                __floatsisf
                0x02001a10                __aeabi_ul2f
                0x02001a10                __floatundisf
                0x02001a20                __aeabi_l2f
                0x02001a20                __floatdisf
 .text          0x02001acc      0x114 D:/devkitPro/devkitARM/bin/../lib/gcc/arm-none-eabi/13.2.0/thumb\libgcc.a(_arm_cmpsf2.o)
                0x02001acc                __gesf2
                0x02001acc                __gtsf2
                0x02001ad4                __lesf2
                0x02001ad4                __ltsf2
                0x02001adc                __nesf2
                0x02001adc                __eqsf2
                0x02001adc                __cmpsf2
                0x02001b40                __aeabi_cfrcmple
                0x02001b50                __aeabi_cfcmpeq
                0x02001b50                __aeabi_cfcmple
                0x02001b68                __aeabi_fcmpeq
                0x02001b80                __aeabi_fcmplt
                0x02001b98                __aeabi_fcmple
                0x02001bb0                __aeabi_fcmpge
                0x02001bc8                __aeabi_fcmpgt
 .text          0x02001be0       0x5c D:/devkitPro/devkitARM/bin/../lib/gcc/arm-none-eabi/13.2.0/thumb\libgcc.a(_arm_fixsfsi.o)
                0x02001be0                __aeabi_f2iz
                0x02001be0                __fixsfsi
 .text          0x02001c3c       0x14 D:/devkitPro/devkitARM/bin/../lib/gcc/arm-none-eabi/13.2.0/thumb\libgcc.a(_thumb1_case_uqi.o)
                0x02001c3c                __gnu_thumb1_case_uqi
 .text          0x02001c50       0x14 D:/devkitPro/devkitARM/bin/../lib/gcc/arm-none-eabi/13.2.0/thumb\libgcc.a(_thumb1_case_uhi.o)
                0x02001c50                __gnu_thumb1_case_uhi
 .text          0x02001c64      0x11c D:/devkitPro/devkitARM/bin/../lib/gcc/arm-none-eabi/13.2.0/thumb\libgcc.a(_udivsi3.o)
                0x02001c64                __aeabi_uidiv
                0x02001c64                __udivsi3
                0x02001d60                __aeabi_uidivmod
 .text          0x02001d80       0x3c D:/devkitPro/devkitARM/bin/../lib/gcc/arm-none-eabi/13.2.0/thumb\libgcc.a(_aeabi_uldivmod.o)
                0x02001d80                __aeabi_uldivmod
 .text          0x02001dbc       0x28 D:/devkitPro/devkitARM/bin/../lib/gcc/arm-none-eabi/13.2.0/thumb\libgcc.a(_clzdi2.o)
                0x02001dbc                __clzdi2
 .text          0x02001de4       0x48 D:/devkitPro/devkitARM/bin/../lib/gcc/arm-none-eabi/13.2.0/thumb\libgcc.a(_clzsi2.o)
                0x02001de4                __clzsi2
 *(EXCLUDE_FILE(*.twl* *.vectors* *.itcm*) .stub)
 *(EXCLUDE_FILE(*.twl* *.vectors* *.itcm*) .text.*)
 .text.__do_global_dtors_aux
                0x02001e2c       0x2c D:/devkitPro/devkitARM/bin/../lib/gcc/arm-none-eabi/13.2.0/thumb/crtbegin.o
 .text.frame_dummy
                0x02001e58       0x24 D:/devkitPro/devkitARM/bin/../lib/gcc/arm-none-eabi/13.2.0/thumb/crtbegin.o
 .text.startup  0x02001e7c       0x90 main.o
                0x02001e7c                main
 .text.newRow   0x02001f0c       0xa8 D:/devkitPro/libnds/lib\libnds9.a(console.o)
 .text.consolePrintChar
                0x02001fb4       0xe0 D:/devkitPro/libnds/lib\libnds9.a(console.o)
                0x02001fb4                consolePrintChar
 .text.con_write
                0x02002094      0x36c D:/devkitPro/libnds/lib\libnds9.a(console.o)
                0x02002094                con_write
 .text.consoleLoadFont
                0x02002400      0x2a0 D:/devkitPro/libnds/lib\libnds9.a(console.o)
                0x02002400                consoleLoadFont
 .text.consoleInit
                0x020026a0      0x18c D:/devkitPro/libnds/lib\libnds9.a(console.o)
                0x020026a0                consoleInit
 .text.consoleDemoInit
                0x0200282c       0x40 D:/devkitPro/libnds/lib\libnds9.a(console.o)
                0x0200282c                consoleDemoInit
 .text.SetOrtho
                0x0200286c      0x184 D:/devkitPro/libnds/lib\libnds9.a(gl2d.o)
                0x0200286c                SetOrtho
 .text.glScreen2D
                0x020029f0      0x540 D:/devkitPro/libnds/lib\libnds9.a(gl2d.o)
                0x020029f0                glScreen2D
 .text.glBegin2D
                0x02002f30       0x84 D:/devkitPro/libnds/lib\libnds9.a(gl2d.o)
                0x02002f30                glBegin2D
 .text.glEnd2D  0x02002fb4       0x1c D:/devkitPro/libnds/lib\libnds9.a(gl2d.o)
                0x02002fb4                glEnd2D
 .text.glSprite
                0x02002fd0      0x108 D:/devkitPro/libnds/lib\libnds9.a(gl2d.o)
                0x02002fd0                glSprite
 .text.glSpriteRotate
                0x020030d8      0x174 D:/devkitPro/libnds/lib\libnds9.a(gl2d.o)
                0x020030d8                glSpriteRotate
 .text.glLoadSpriteSet
                0x0200324c       0x84 D:/devkitPro/libnds/lib\libnds9.a(gl2d.o)
                0x0200324c                glLoadSpriteSet
 .text.glLoadTileSet
                0x020032d0       0xd0 D:/devkitPro/libnds/lib\libnds9.a(gl2d.o)
                0x020032d0                glLoadTileSet
 .text.vramBlock__deallocateBlock.part.0
                0x020033a0      0x190 D:/devkitPro/libnds/lib\libnds9.a(videoGL.o)
 .text.glMaterialf
                0x02003530       0x7c D:/devkitPro/libnds/lib\libnds9.a(videoGL.o)
                0x02003530                glMaterialf
 .text.vramBlock_init
                0x020035ac       0x5c D:/devkitPro/libnds/lib\libnds9.a(videoGL.o)
                0x020035ac                vramBlock_init
 .text.vramBlock__allocateBlock
                0x02003608      0x178 D:/devkitPro/libnds/lib\libnds9.a(videoGL.o)
                0x02003608                vramBlock__allocateBlock
 .text.vramBlock_examineSpecial
                0x02003780      0x238 D:/devkitPro/libnds/lib\libnds9.a(videoGL.o)
                0x02003780                vramBlock_examineSpecial
 .text.vramBlock_allocateSpecial
                0x020039b8       0x6c D:/devkitPro/libnds/lib\libnds9.a(videoGL.o)
                0x020039b8                vramBlock_allocateSpecial
 .text.vramBlock_allocateBlock
                0x02003a24       0x30 D:/devkitPro/libnds/lib\libnds9.a(videoGL.o)
                0x02003a24                vramBlock_allocateBlock
 .text.vramBlock_deallocateBlock
                0x02003a54       0x48 D:/devkitPro/libnds/lib\libnds9.a(videoGL.o)
                0x02003a54                vramBlock_deallocateBlock
 .text.removePaletteFromTexture.part.0
                0x02003a9c       0x68 D:/devkitPro/libnds/lib\libnds9.a(videoGL.o)
 .text.glInit_C
                0x02003b04      0x1cc D:/devkitPro/libnds/lib\libnds9.a(videoGL.o)
                0x02003b04                glInit_C
 .text.glGenTextures
                0x02003cd0       0x80 D:/devkitPro/libnds/lib\libnds9.a(videoGL.o)
                0x02003cd0                glGenTextures
 .text.vramGetBank
                0x02003d50       0xb8 D:/devkitPro/libnds/lib\libnds9.a(videoGL.o)
                0x02003d50                vramGetBank
 .text.glBindTexture
                0x02003e08       0x60 D:/devkitPro/libnds/lib\libnds9.a(videoGL.o)
                0x02003e08                glBindTexture
 .text.glColorTableEXT
                0x02003e68      0x1d8 D:/devkitPro/libnds/lib\libnds9.a(videoGL.o)
                0x02003e68                glColorTableEXT
 .text.glTexImage2D
                0x02004040      0x40c D:/devkitPro/libnds/lib\libnds9.a(videoGL.o)
                0x02004040                glTexImage2D
 .text.scanKeys
                0x0200444c       0x8c D:/devkitPro/libnds/lib\libnds9.a(keys.o)
                0x0200444c                scanKeys
 .text.keysHeld
                0x020044d8        0xc D:/devkitPro/libnds/lib\libnds9.a(keys.o)
                0x020044d8                keysHeld
 .text.keysDown
                0x020044e4       0x14 D:/devkitPro/libnds/lib\libnds9.a(keys.o)
                0x020044e4                keysDown
 .text.initSystem
                0x020044f8      0x180 D:/devkitPro/libnds/lib\libnds9.a(initSystem.o)
                0x020044f8                initSystem
 .text.irqDummy
                0x02004678        0x4 D:/devkitPro/libnds/lib\libnds9.a(interrupts.o)
                0x02004678                irqDummy
 .text.irqSet   0x0200467c       0x6c D:/devkitPro/libnds/lib\libnds9.a(interrupts.o)
                0x0200467c                irqSet
 .text.irqInit  0x020046e8       0x50 D:/devkitPro/libnds/lib\libnds9.a(interrupts.o)
                0x020046e8                irqInit
 .text.irqEnable
                0x02004738       0x64 D:/devkitPro/libnds/lib\libnds9.a(interrupts.o)
                0x02004738                irqEnable
 .text.systemErrorExit
                0x0200479c        0x4 D:/devkitPro/libnds/lib\libnds9.a(libnds_exit.arm.o)
                0x0200479c                systemErrorExit
 .text.__libnds_exit
                0x020047a0       0x5c D:/devkitPro/libnds/lib\libnds9.a(libnds_exit.arm.o)
                0x020047a0                __libnds_exit
 .text.fifo_queueBlock
                0x020047fc       0x44 D:/devkitPro/libnds/lib\libnds9.a(fifosystem.o)
 .text.fifo_waitBlock
                0x02004840       0x80 D:/devkitPro/libnds/lib\libnds9.a(fifosystem.o)
 .text.fifoInternalSend.part.0
                0x020048c0       0xd4 D:/devkitPro/libnds/lib\libnds9.a(fifosystem.o)
 .text.fifoInternalSendInterrupt
                0x02004994       0xb0 D:/devkitPro/libnds/lib\libnds9.a(fifosystem.o)
 .text.fifoSetValue32Handler
                0x02004a44       0xd4 D:/devkitPro/libnds/lib\libnds9.a(fifosystem.o)
                0x02004a44                fifoSetValue32Handler
 .text.fifoSendValue32
                0x02004b18       0x4c D:/devkitPro/libnds/lib\libnds9.a(fifosystem.o)
                0x02004b18                fifoSendValue32
 .text.fifoGetDatamsg
                0x02004b64       0xf4 D:/devkitPro/libnds/lib\libnds9.a(fifosystem.o)
                0x02004b64                fifoGetDatamsg
 .text.fifoInternalRecvInterrupt
                0x02004c58      0x37c D:/devkitPro/libnds/lib\libnds9.a(fifosystem.o)
 .text.fifoSetDatamsgHandler
                0x02004fd4       0x9c D:/devkitPro/libnds/lib\libnds9.a(fifosystem.o)
                0x02004fd4                fifoSetDatamsgHandler
 .text.fifoInit
                0x02005070      0x108 D:/devkitPro/libnds/lib\libnds9.a(fifosystem.o)
                0x02005070                fifoInit
 .text.__libnds_mpu_setup
                0x02005178      0x174 D:/devkitPro/libnds/lib\libnds9.a(mpu_setup.o)
                0x02005178                __libnds_mpu_setup
 .text.memUncached
                0x020052ec       0x20 D:/devkitPro/libnds/lib\libnds9.a(mpu_setup.o)
                0x020052ec                memUncached
 .text.swiWaitForVBlank
                0x0200530c        0x8 D:/devkitPro/libnds/lib\libnds9.a(IntrWait.o)
                0x0200530c                swiWaitForVBlank
 .text.swiIntrWait
                0x02005314       0x70 D:/devkitPro/libnds/lib\libnds9.a(IntrWait.o)
                0x02005314                swiIntrWait
 .text.setCpuClock
                0x02005384       0x50 D:/devkitPro/libnds/lib\libnds9.a(cpu_clock.o)
                0x02005384                setCpuClock
 .text.swiDelay
                0x020053d4        0x4 D:/devkitPro/libnds/lib\libnds9.a(biosCalls.o)
                0x020053d4                swiDelay
 .text.swiCopy  0x020053d8        0x4 D:/devkitPro/libnds/lib\libnds9.a(biosCalls.o)
                0x020053d8                swiCopy
 .text.swiSoftReset
                0x020053dc       0x2c D:/devkitPro/libnds/lib\libnds9.a(swiSoftReset.o)
                0x020053dc                swiSoftReset
 .text.checkIfText
                0x02005408       0x5c D:/devkitPro/libnds/lib\libnds9.a(background.o)
                0x02005408                checkIfText
 .text.bgUpdate
                0x02005464       0xf4 D:/devkitPro/libnds/lib\libnds9.a(background.o)
                0x02005464                bgUpdate
 .text.bgInit_call
                0x02005558       0xc4 D:/devkitPro/libnds/lib\libnds9.a(background.o)
                0x02005558                bgInit_call
 .text.bgInitSub_call
                0x0200561c       0xcc D:/devkitPro/libnds/lib\libnds9.a(background.o)
                0x0200561c                bgInitSub_call
 .text.DynamicArrayInit
                0x020056e8       0x18 D:/devkitPro/libnds/lib\libnds9.a(dynamicArray.o)
                0x020056e8                DynamicArrayInit
 .text.DynamicArrayGet
                0x02005700       0x18 D:/devkitPro/libnds/lib\libnds9.a(dynamicArray.o)
                0x02005700                DynamicArrayGet
 .text.DynamicArraySet
                0x02005718       0x48 D:/devkitPro/libnds/lib\libnds9.a(dynamicArray.o)
                0x02005718                DynamicArraySet
 .text.sinLutLookup
                0x02005760       0x4c D:/devkitPro/libnds/lib\libnds9.a(trig.o)
                0x02005760                sinLutLookup
 .text.sinLerp  0x020057ac       0x40 D:/devkitPro/libnds/lib\libnds9.a(trig.o)
                0x020057ac                sinLerp
 .text.cosLerp  0x020057ec       0x4c D:/devkitPro/libnds/lib\libnds9.a(trig.o)
                0x020057ec                cosLerp
 .text.tanLerp  0x02005838       0xb0 D:/devkitPro/libnds/lib\libnds9.a(trig.o)
                0x02005838                tanLerp
 .text.vramRestorePrimaryBanks
                0x020058e8        0xc D:/devkitPro/libnds/lib\libnds9.a(video.o)
                0x020058e8                vramRestorePrimaryBanks
 .text.vramRestoreBanks_EFG
                0x020058f4        0xc D:/devkitPro/libnds/lib\libnds9.a(video.o)
                0x020058f4                vramRestoreBanks_EFG
 .text.vramDefault
                0x02005900       0xd0 D:/devkitPro/libnds/lib\libnds9.a(video.o)
                0x02005900                vramDefault
 .text.systemValueHandler
                0x020059d0       0x48 D:/devkitPro/libnds/lib\libnds9.a(system.o)
                0x020059d0                systemValueHandler
 .text.systemMsgHandler
                0x02005a18       0x60 D:/devkitPro/libnds/lib\libnds9.a(system.o)
                0x02005a18                systemMsgHandler
 .text.powerOn  0x02005a78       0x2c D:/devkitPro/libnds/lib\libnds9.a(system.o)
                0x02005a78                powerOn
 .text.__muldi3
                0x02005aa4       0x64 D:/devkitPro/devkitARM/bin/../lib/gcc/arm-none-eabi/13.2.0/thumb\libgcc.a(_muldi3.o)
                0x02005aa4                __muldi3
                0x02005aa4                __aeabi_lmul
 .text.calloc   0x02005b08       0x18 D:/devkitPro/devkitARM/bin/../lib/gcc/arm-none-eabi/13.2.0/../../../../arm-none-eabi/lib/thumb\libg.a(libc_a-calloc.o)
                0x02005b08                calloc
 .text.siscanf  0x02005b20       0x50 D:/devkitPro/devkitARM/bin/../lib/gcc/arm-none-eabi/13.2.0/../../../../arm-none-eabi/lib/thumb\libg.a(libc_a-siscanf.o)
                0x02005b20                siscanf
 .text.__sread  0x02005b70       0x34 D:/devkitPro/devkitARM/bin/../lib/gcc/arm-none-eabi/13.2.0/../../../../arm-none-eabi/lib/thumb\libg.a(libc_a-stdio.o)
                0x02005b70                __sread
 .text.__seofread
                0x02005ba4        0x4 D:/devkitPro/devkitARM/bin/../lib/gcc/arm-none-eabi/13.2.0/../../../../arm-none-eabi/lib/thumb\libg.a(libc_a-stdio.o)
                0x02005ba4                __seofread
 .text.__swrite
                0x02005ba8       0x4c D:/devkitPro/devkitARM/bin/../lib/gcc/arm-none-eabi/13.2.0/../../../../arm-none-eabi/lib/thumb\libg.a(libc_a-stdio.o)
                0x02005ba8                __swrite
 .text.__sseek  0x02005bf4       0x44 D:/devkitPro/devkitARM/bin/../lib/gcc/arm-none-eabi/13.2.0/../../../../arm-none-eabi/lib/thumb\libg.a(libc_a-stdio.o)
                0x02005bf4                __sseek
 .text.__sclose
                0x02005c38       0x10 D:/devkitPro/devkitARM/bin/../lib/gcc/arm-none-eabi/13.2.0/../../../../arm-none-eabi/lib/thumb\libg.a(libc_a-stdio.o)
                0x02005c38                __sclose
 .text._calloc_r
                0x02005c48       0xb8 D:/devkitPro/devkitARM/bin/../lib/gcc/arm-none-eabi/13.2.0/../../../../arm-none-eabi/lib/thumb\libg.a(libc_a-callocr.o)
                0x02005c48                _calloc_r
 .text.realloc  0x02005d00       0x18 D:/devkitPro/devkitARM/bin/../lib/gcc/arm-none-eabi/13.2.0/../../../../arm-none-eabi/lib/thumb\libg.a(libc_a-realloc.o)
                0x02005d00                realloc
 .text._malloc_r
                0x02005d18      0x558 D:/devkitPro/devkitARM/bin/../lib/gcc/arm-none-eabi/13.2.0/../../../../arm-none-eabi/lib/thumb\libg.a(libc_a-mallocr.o)
                0x02005d18                _malloc_r
 .text._malloc_trim_r
                0x02006270       0xac D:/devkitPro/devkitARM/bin/../lib/gcc/arm-none-eabi/13.2.0/../../../../arm-none-eabi/lib/thumb\libg.a(libc_a-freer.o)
                0x02006270                _malloc_trim_r
 .text._free_r  0x0200631c      0x1d8 D:/devkitPro/devkitARM/bin/../lib/gcc/arm-none-eabi/13.2.0/../../../../arm-none-eabi/lib/thumb\libg.a(libc_a-freer.o)
                0x0200631c                _free_r
 .text.setvbuf  0x020064f4      0x1a4 D:/devkitPro/devkitARM/bin/../lib/gcc/arm-none-eabi/13.2.0/../../../../arm-none-eabi/lib/thumb\libg.a(libc_a-setvbuf.o)
                0x020064f4                setvbuf
 .text.__errno  0x02006698        0xc D:/devkitPro/devkitARM/bin/../lib/gcc/arm-none-eabi/13.2.0/../../../../arm-none-eabi/lib/thumb\libg.a(libc_a-errno.o)
                0x02006698                __errno
 .text.malloc   0x020066a4       0x14 D:/devkitPro/devkitARM/bin/../lib/gcc/arm-none-eabi/13.2.0/../../../../arm-none-eabi/lib/thumb\libg.a(libc_a-malloc.o)
                0x020066a4                malloc
 .text.free     0x020066b8       0x14 D:/devkitPro/devkitARM/bin/../lib/gcc/arm-none-eabi/13.2.0/../../../../arm-none-eabi/lib/thumb\libg.a(libc_a-malloc.o)
                0x020066b8                free
 .text.memcpy   0x020066cc       0x90 D:/devkitPro/devkitARM/bin/../lib/gcc/arm-none-eabi/13.2.0/../../../../arm-none-eabi/lib/thumb\libg.a(libc_a-memcpy-stub.o)
                0x020066cc                memcpy
 .text.memset   0x0200675c       0xb0 D:/devkitPro/devkitARM/bin/../lib/gcc/arm-none-eabi/13.2.0/../../../../arm-none-eabi/lib/thumb\libg.a(libc_a-memset.o)
                0x0200675c                memset
 .text._realloc_r
                0x0200680c      0x384 D:/devkitPro/devkitARM/bin/../lib/gcc/arm-none-eabi/13.2.0/../../../../arm-none-eabi/lib/thumb\libg.a(libc_a-reallocr.o)
                0x0200680c                _realloc_r
 .text.__malloc_lock
                0x02006b90       0x14 D:/devkitPro/devkitARM/bin/../lib/gcc/arm-none-eabi/13.2.0/../../../../arm-none-eabi/lib/thumb\libg.a(libc_a-mlock.o)
                0x02006b90                __malloc_lock
 .text.__malloc_unlock
                0x02006ba4       0x14 D:/devkitPro/devkitARM/bin/../lib/gcc/arm-none-eabi/13.2.0/../../../../arm-none-eabi/lib/thumb\libg.a(libc_a-mlock.o)
                0x02006ba4                __malloc_unlock
 .text.iprintf  0x02006bb8       0x24 D:/devkitPro/devkitARM/bin/../lib/gcc/arm-none-eabi/13.2.0/../../../../arm-none-eabi/lib/thumb\libg.a(libc_a-iprintf.o)
                0x02006bb8                iprintf
 .text.__libc_init_array
                0x02006bdc       0x54 D:/devkitPro/devkitARM/bin/../lib/gcc/arm-none-eabi/13.2.0/../../../../arm-none-eabi/lib/thumb\libg.a(libc_a-init.o)
                0x02006bdc                __libc_init_array
 .text.__sflush_r
                0x02006c30      0x188 D:/devkitPro/devkitARM/bin/../lib/gcc/arm-none-eabi/13.2.0/../../../../arm-none-eabi/lib/thumb\libg.a(libc_a-fflush.o)
                0x02006c30                __sflush_r
 .text._fflush_r
                0x02006db8       0x70 D:/devkitPro/devkitARM/bin/../lib/gcc/arm-none-eabi/13.2.0/../../../../arm-none-eabi/lib/thumb\libg.a(libc_a-fflush.o)
                0x02006db8                _fflush_r
 .text.strlen   0x02006e28       0x60 D:/devkitPro/devkitARM/bin/../lib/gcc/arm-none-eabi/13.2.0/../../../../arm-none-eabi/lib/thumb\libg.a(libc_a-strlen-stub.o)
                0x02006e28                strlen
 .text.memmove  0x02006e88       0xbc D:/devkitPro/devkitARM/bin/../lib/gcc/arm-none-eabi/13.2.0/../../../../arm-none-eabi/lib/thumb\libg.a(libc_a-memmove.o)
                0x02006e88                memmove
 .text.get_arg  0x02006f44      0x434 D:/devkitPro/devkitARM/bin/../lib/gcc/arm-none-eabi/13.2.0/../../../../arm-none-eabi/lib/thumb\libg.a(libc_a-vfiprintf.o)
 .text._vfiprintf_r
                0x02007378     0x17bc D:/devkitPro/devkitARM/bin/../lib/gcc/arm-none-eabi/13.2.0/../../../../arm-none-eabi/lib/thumb\libg.a(libc_a-vfiprintf.o)
                0x02007378                _vfiprintf_r
 .text.__sbprintf
                0x02008b34       0x7c D:/devkitPro/devkitARM/bin/../lib/gcc/arm-none-eabi/13.2.0/../../../../arm-none-eabi/lib/thumb\libg.a(libc_a-vfiprintf.o)
 .text.memchr   0x02008bb0       0x78 D:/devkitPro/devkitARM/bin/../lib/gcc/arm-none-eabi/13.2.0/../../../../arm-none-eabi/lib/thumb\libg.a(libc_a-memchr-stub.o)
                0x02008bb0                memchr
 .text.get_arg  0x02008c28       0x3e D:/devkitPro/devkitARM/bin/../lib/gcc/arm-none-eabi/13.2.0/../../../../arm-none-eabi/lib/thumb\libg.a(libc_a-svfiscanf.o)
 .text._sungetc_r
                0x02008c66       0x7e D:/devkitPro/devkitARM/bin/../lib/gcc/arm-none-eabi/13.2.0/../../../../arm-none-eabi/lib/thumb\libg.a(libc_a-svfiscanf.o)
                0x02008c66                _sungetc_r
 .text.__ssrefill_r
                0x02008ce4       0x42 D:/devkitPro/devkitARM/bin/../lib/gcc/arm-none-eabi/13.2.0/../../../../arm-none-eabi/lib/thumb\libg.a(libc_a-svfiscanf.o)
                0x02008ce4                __ssrefill_r
 .text._sfread_r
                0x02008d26       0x88 D:/devkitPro/devkitARM/bin/../lib/gcc/arm-none-eabi/13.2.0/../../../../arm-none-eabi/lib/thumb\libg.a(libc_a-svfiscanf.o)
                0x02008d26                _sfread_r
 *fill*         0x02008dae        0x2 ff
 .text.__ssvfiscanf_r
                0x02008db0     0x1ac4 D:/devkitPro/devkitARM/bin/../lib/gcc/arm-none-eabi/13.2.0/../../../../arm-none-eabi/lib/thumb\libg.a(libc_a-svfiscanf.o)
                0x02008db0                __ssvfiscanf_r
 .text._strtoul_l.isra.0
                0x0200a874      0x144 D:/devkitPro/devkitARM/bin/../lib/gcc/arm-none-eabi/13.2.0/../../../../arm-none-eabi/lib/thumb\libg.a(libc_a-strtoul.o)
 .text._strtoul_r
                0x0200a9b8       0x20 D:/devkitPro/devkitARM/bin/../lib/gcc/arm-none-eabi/13.2.0/../../../../arm-none-eabi/lib/thumb\libg.a(libc_a-strtoul.o)
                0x0200a9b8                _strtoul_r
 .text.__sprint_r
                0x0200a9d8       0x24 D:/devkitPro/devkitARM/bin/../lib/gcc/arm-none-eabi/13.2.0/../../../../arm-none-eabi/lib/thumb\libg.a(libc_a-sprint_r.o)
                0x0200a9d8                __sprint_r
 .text.iswspace
                0x0200a9fc       0x10 D:/devkitPro/devkitARM/bin/../lib/gcc/arm-none-eabi/13.2.0/../../../../arm-none-eabi/lib/thumb\libg.a(libc_a-iswspace.o)
                0x0200a9fc                iswspace
 .text.__sccl   0x0200aa0c       0xa0 D:/devkitPro/devkitARM/bin/../lib/gcc/arm-none-eabi/13.2.0/../../../../arm-none-eabi/lib/thumb\libg.a(libc_a-sccl.o)
                0x0200aa0c                __sccl
 .text._localeconv_r
                0x0200aaac       0x1c D:/devkitPro/devkitARM/bin/../lib/gcc/arm-none-eabi/13.2.0/../../../../arm-none-eabi/lib/thumb\libg.a(libc_a-localeconv.o)
                0x0200aaac                _localeconv_r
 .text.__smakebuf_r
                0x0200aac8       0xe8 D:/devkitPro/devkitARM/bin/../lib/gcc/arm-none-eabi/13.2.0/../../../../arm-none-eabi/lib/thumb\libg.a(libc_a-makebuf.o)
                0x0200aac8                __smakebuf_r
 .text.__swhatbuf_r
                0x0200abb0       0x5c D:/devkitPro/devkitARM/bin/../lib/gcc/arm-none-eabi/13.2.0/../../../../arm-none-eabi/lib/thumb\libg.a(libc_a-makebuf.o)
                0x0200abb0                __swhatbuf_r
 .text.stdio_exit_handler
                0x0200ac0c       0x20 D:/devkitPro/devkitARM/bin/../lib/gcc/arm-none-eabi/13.2.0/../../../../arm-none-eabi/lib/thumb\libg.a(libc_a-findfp.o)
 .text.cleanup_stdio
                0x0200ac2c       0x40 D:/devkitPro/devkitARM/bin/../lib/gcc/arm-none-eabi/13.2.0/../../../../arm-none-eabi/lib/thumb\libg.a(libc_a-findfp.o)
 .text.global_stdio_init.part.0
                0x0200ac6c      0x128 D:/devkitPro/devkitARM/bin/../lib/gcc/arm-none-eabi/13.2.0/../../../../arm-none-eabi/lib/thumb\libg.a(libc_a-findfp.o)
 .text.__sinit  0x0200ad94       0x3c D:/devkitPro/devkitARM/bin/../lib/gcc/arm-none-eabi/13.2.0/../../../../arm-none-eabi/lib/thumb\libg.a(libc_a-findfp.o)
                0x0200ad94                __sinit
 .text.__sfp_lock_acquire
                0x0200add0       0x14 D:/devkitPro/devkitARM/bin/../lib/gcc/arm-none-eabi/13.2.0/../../../../arm-none-eabi/lib/thumb\libg.a(libc_a-findfp.o)
                0x0200add0                __sfp_lock_acquire
 .text.__sfp_lock_release
                0x0200ade4       0x14 D:/devkitPro/devkitARM/bin/../lib/gcc/arm-none-eabi/13.2.0/../../../../arm-none-eabi/lib/thumb\libg.a(libc_a-findfp.o)
                0x0200ade4                __sfp_lock_release
 .text._wcrtomb_r
                0x0200adf8       0x84 D:/devkitPro/devkitARM/bin/../lib/gcc/arm-none-eabi/13.2.0/../../../../arm-none-eabi/lib/thumb\libg.a(libc_a-wcrtomb.o)
                0x0200adf8                _wcrtomb_r
 .text._strtol_l.part.0
                0x0200ae7c      0x13c D:/devkitPro/devkitARM/bin/../lib/gcc/arm-none-eabi/13.2.0/../../../../arm-none-eabi/lib/thumb\libg.a(libc_a-strtol.o)
 .text._strtol_r
                0x0200afb8       0x34 D:/devkitPro/devkitARM/bin/../lib/gcc/arm-none-eabi/13.2.0/../../../../arm-none-eabi/lib/thumb\libg.a(libc_a-strtol.o)
                0x0200afb8                _strtol_r
 .text._fwalk_sglue
                0x0200afec       0x4c D:/devkitPro/devkitARM/bin/../lib/gcc/arm-none-eabi/13.2.0/../../../../arm-none-eabi/lib/thumb\libg.a(libc_a-fwalk.o)
                0x0200afec                _fwalk_sglue
 .text.strncpy  0x0200b038       0x68 D:/devkitPro/devkitARM/bin/../lib/gcc/arm-none-eabi/13.2.0/../../../../arm-none-eabi/lib/thumb\libg.a(libc_a-strncpy.o)
                0x0200b038                strncpy
 .text._strtoull_l.isra.0
                0x0200b0a0      0x1c4 D:/devkitPro/devkitARM/bin/../lib/gcc/arm-none-eabi/13.2.0/../../../../arm-none-eabi/lib/thumb\libg.a(libc_a-strtoull.o)
 .text._strtoull_r
                0x0200b264       0x20 D:/devkitPro/devkitARM/bin/../lib/gcc/arm-none-eabi/13.2.0/../../../../arm-none-eabi/lib/thumb\libg.a(libc_a-strtoull.o)
                0x0200b264                _strtoull_r
 .text._wcsrtombs_r
                0x0200b284       0x1c D:/devkitPro/devkitARM/bin/../lib/gcc/arm-none-eabi/13.2.0/../../../../arm-none-eabi/lib/thumb\libg.a(libc_a-wcsrtombs.o)
                0x0200b284                _wcsrtombs_r
 .text._mbrtowc_r
                0x0200b2a0       0x90 D:/devkitPro/devkitARM/bin/../lib/gcc/arm-none-eabi/13.2.0/../../../../arm-none-eabi/lib/thumb\libg.a(libc_a-mbrtowc.o)
                0x0200b2a0                _mbrtowc_r
 .text.__swsetup_r
                0x0200b330       0xcc D:/devkitPro/devkitARM/bin/../lib/gcc/arm-none-eabi/13.2.0/../../../../arm-none-eabi/lib/thumb\libg.a(libc_a-wsetup.o)
                0x0200b330                __swsetup_r
 .text.__submore
                0x0200b3fc       0x88 D:/devkitPro/devkitARM/bin/../lib/gcc/arm-none-eabi/13.2.0/../../../../arm-none-eabi/lib/thumb\libg.a(libc_a-ungetc.o)
                0x0200b3fc                __submore
 .text.iswspace_l
                0x0200b484       0x28 D:/devkitPro/devkitARM/bin/../lib/gcc/arm-none-eabi/13.2.0/../../../../arm-none-eabi/lib/thumb\libg.a(libc_a-iswspace_l.o)
                0x0200b484                iswspace_l
 .text.__sfvwrite_r
                0x0200b4ac      0x330 D:/devkitPro/devkitARM/bin/../lib/gcc/arm-none-eabi/13.2.0/../../../../arm-none-eabi/lib/thumb\libg.a(libc_a-fvwrite.o)
                0x0200b4ac                __sfvwrite_r
 .text._strtoll_l.isra.0
                0x0200b7dc      0x19c D:/devkitPro/devkitARM/bin/../lib/gcc/arm-none-eabi/13.2.0/../../../../arm-none-eabi/lib/thumb\libg.a(libc_a-strtoll.o)
 .text._strtoll_r
                0x0200b978       0x20 D:/devkitPro/devkitARM/bin/../lib/gcc/arm-none-eabi/13.2.0/../../../../arm-none-eabi/lib/thumb\libg.a(libc_a-strtoll.o)
                0x0200b978                _strtoll_r
 .text.__locale_mb_cur_max
                0x0200b998       0x20 D:/devkitPro/devkitARM/bin/../lib/gcc/arm-none-eabi/13.2.0/../../../../arm-none-eabi/lib/thumb\libg.a(libc_a-locale.o)
                0x0200b998                __locale_mb_cur_max
 .text._wcsnrtombs_l
                0x0200b9b8      0x11c D:/devkitPro/devkitARM/bin/../lib/gcc/arm-none-eabi/13.2.0/../../../../arm-none-eabi/lib/thumb\libg.a(libc_a-wcsnrtombs.o)
                0x0200b9b8                _wcsnrtombs_l
 .text._wcsnrtombs_r
                0x0200bad4       0x40 D:/devkitPro/devkitARM/bin/../lib/gcc/arm-none-eabi/13.2.0/../../../../arm-none-eabi/lib/thumb\libg.a(libc_a-wcsnrtombs.o)
                0x0200bad4                _wcsnrtombs_r
 .text.__utf8_mbtowc
                0x0200bb14      0x27c D:/devkitPro/devkitARM/bin/../lib/gcc/arm-none-eabi/13.2.0/../../../../arm-none-eabi/lib/thumb\libg.a(libc_a-mbtowc_r.o)
                0x0200bb14                __utf8_mbtowc
 .text._fclose_r
                0x0200bd90       0xd8 D:/devkitPro/devkitARM/bin/../lib/gcc/arm-none-eabi/13.2.0/../../../../arm-none-eabi/lib/thumb\libg.a(libc_a-fclose.o)
                0x0200bd90                _fclose_r
 .text.category
                0x0200be68       0x58 D:/devkitPro/devkitARM/bin/../lib/gcc/arm-none-eabi/13.2.0/../../../../arm-none-eabi/lib/thumb\libg.a(libc_a-categories.o)
                0x0200be68                category
 .text.__utf8_wctomb
                0x0200bec0       0xb4 D:/devkitPro/devkitARM/bin/../lib/gcc/arm-none-eabi/13.2.0/../../../../arm-none-eabi/lib/thumb\libg.a(libc_a-wctomb_r.o)
                0x0200bec0                __utf8_wctomb
 .text.build_argv
                0x0200bf74       0x54 D:/devkitPro/devkitARM/bin/../lib/gcc/arm-none-eabi/13.2.0/../../../../arm-none-eabi/lib/thumb\libsysbase.a(libsysbase_libsysbase_a-build_argv.o)
                0x0200bf74                build_argv
 .text._fstat_r
                0x0200bfc8       0x4c D:/devkitPro/devkitARM/bin/../lib/gcc/arm-none-eabi/13.2.0/../../../../arm-none-eabi/lib/thumb\libsysbase.a(libsysbase_libsysbase_a-fstat.o)
                0x0200bfc8                _fstat_r
 .text.__getreent
                0x0200c014       0x20 D:/devkitPro/devkitARM/bin/../lib/gcc/arm-none-eabi/13.2.0/../../../../arm-none-eabi/lib/thumb\libsysbase.a(libsysbase_libsysbase_a-getreent.o)
                0x0200c014                __getreent
 .text.__get_handle
                0x0200c034       0x34 D:/devkitPro/devkitARM/bin/../lib/gcc/arm-none-eabi/13.2.0/../../../../arm-none-eabi/lib/thumb\libsysbase.a(libsysbase_libsysbase_a-handle_manager.o)
                0x0200c034                __get_handle
 .text._close_r
                0x0200c068       0xb8 D:/devkitPro/devkitARM/bin/../lib/gcc/arm-none-eabi/13.2.0/../../../../arm-none-eabi/lib/thumb\libsysbase.a(libsysbase_libsysbase_a-handle_manager.o)
                0x0200c068                _close_r
 .text.null_write
                0x0200c120        0x4 D:/devkitPro/devkitARM/bin/../lib/gcc/arm-none-eabi/13.2.0/../../../../arm-none-eabi/lib/thumb\libsysbase.a(libsysbase_libsysbase_a-iosupport.o)
 .text._isatty_r
                0x0200c124        0x4 D:/devkitPro/devkitARM/bin/../lib/gcc/arm-none-eabi/13.2.0/../../../../arm-none-eabi/lib/thumb\libsysbase.a(libsysbase_libsysbase_a-isatty.o)
                0x0200c124                _isatty_r
 .text._lseek_r
                0x0200c128       0x5c D:/devkitPro/devkitARM/bin/../lib/gcc/arm-none-eabi/13.2.0/../../../../arm-none-eabi/lib/thumb\libsysbase.a(libsysbase_libsysbase_a-lseek.o)
                0x0200c128                _lseek_r
 .text._read_r  0x0200c184       0x50 D:/devkitPro/devkitARM/bin/../lib/gcc/arm-none-eabi/13.2.0/../../../../arm-none-eabi/lib/thumb\libsysbase.a(libsysbase_libsysbase_a-read.o)
                0x0200c184                _read_r
 .text._sbrk_r  0x0200c1d4       0x54 D:/devkitPro/devkitARM/bin/../lib/gcc/arm-none-eabi/13.2.0/../../../../arm-none-eabi/lib/thumb\libsysbase.a(libsysbase_libsysbase_a-sbrk.o)
                0x0200c1d4                _sbrk_r
 .text.__libc_lock_acquire
                0x0200c228       0x18 D:/devkitPro/devkitARM/bin/../lib/gcc/arm-none-eabi/13.2.0/../../../../arm-none-eabi/lib/thumb\libsysbase.a(libsysbase_libsysbase_a-syscall_support.o)
                0x0200c228                __libc_lock_acquire
 .text.__libc_lock_release
                0x0200c240       0x18 D:/devkitPro/devkitARM/bin/../lib/gcc/arm-none-eabi/13.2.0/../../../../arm-none-eabi/lib/thumb\libsysbase.a(libsysbase_libsysbase_a-syscall_support.o)
                0x0200c240                __libc_lock_release
 .text.__libc_lock_acquire_recursive
                0x0200c258       0x18 D:/devkitPro/devkitARM/bin/../lib/gcc/arm-none-eabi/13.2.0/../../../../arm-none-eabi/lib/thumb\libsysbase.a(libsysbase_libsysbase_a-syscall_support.o)
                0x0200c258                __libc_lock_acquire_recursive
 .text.__libc_lock_release_recursive
                0x0200c270       0x18 D:/devkitPro/devkitARM/bin/../lib/gcc/arm-none-eabi/13.2.0/../../../../arm-none-eabi/lib/thumb\libsysbase.a(libsysbase_libsysbase_a-syscall_support.o)
                0x0200c270                __libc_lock_release_recursive
 .text._write_r
                0x0200c288       0x50 D:/devkitPro/devkitARM/bin/../lib/gcc/arm-none-eabi/13.2.0/../../../../arm-none-eabi/lib/thumb\libsysbase.a(libsysbase_libsysbase_a-write.o)
                0x0200c288                _write_r
 .text.__udivmoddi4
                0x0200c2d8      0x19c D:/devkitPro/devkitARM/bin/../lib/gcc/arm-none-eabi/13.2.0/thumb\libgcc.a(_udivmoddi4.o)
                0x0200c2d8                __udivmoddi4
 *fill*         0x0200c474        0x4 ff
 .text.__udivmoddi4.__stub
                0x0200c478       0xb8 linker stubs
 *(EXCLUDE_FILE(*.twl*) .gnu.warning)
 *(EXCLUDE_FILE(*.twl*) .gnu.linkonce.t*)
 *(.glue_7)
 .glue_7        0x0200c540        0x0 linker stubs
 *(.glue_7t)
 .glue_7t       0x0200c540        0x0 linker stubs
                0x0200c540                        . = ALIGN (0x4)

.vfp11_veneer   0x0200c540        0x0
 .vfp11_veneer  0x0200c540        0x0 linker stubs

.v4_bx          0x0200c540        0x0
 .v4_bx         0x0200c540        0x0 linker stubs

.iplt           0x0200c540        0x0
 .iplt          0x0200c540        0x0 D:/devkitPro/devkitARM/bin/../lib/gcc/arm-none-eabi/13.2.0/../../../../arm-none-eabi/lib/thumb/ds_arm9_crt0.o

.fini           0x0200c540        0xc
 *(.fini)
 .fini          0x0200c540        0x4 D:/devkitPro/devkitARM/bin/../lib/gcc/arm-none-eabi/13.2.0/thumb/crti.o
                0x0200c540                _fini
 .fini          0x0200c544        0x8 D:/devkitPro/devkitARM/bin/../lib/gcc/arm-none-eabi/13.2.0/thumb/crtn.o
                0x0200c54c                        __text_end = .

.rodata         0x0200c54c    0x1a7b8
 *(EXCLUDE_FILE(*.twl*) .rodata)
 .rodata        0x0200c54c      0x300 cursor.o
                0x0200c54c                cursorBitmap
                0x0200c64c                cursorPal
 .rodata        0x0200c84c     0x4200 player.o
                0x0200c84c                playerBitmap
                0x0201084c                playerPal
 .rodata        0x02010a4c    0x10200 tiles.o
                0x02010a4c                tilesBitmap
                0x02020a4c                tilesPal
 .rodata        0x02020c4c      0x130 playerO.o
                0x02020c4c                player_texcoords
 .rodata        0x02020d7c       0x24 D:/devkitPro/libnds/lib\libnds9.a(videoGL.o)
 *all.rodata*(*)
 *(EXCLUDE_FILE(*.twl*) .roda)
 *(EXCLUDE_FILE(*.twl*) .rodata.*)
 .rodata.str1.4
                0x02020da0      0x12c main.o
                                 0x98 (size before relaxing)
 .rodata.con_write.str1.4
                0x02020ecc       0x30 D:/devkitPro/libnds/lib\libnds9.a(console.o)
 .rodata.con_write
                0x02020ecc       0xd4 D:/devkitPro/libnds/lib\libnds9.a(console.o)
 .rodata.str1.4
                0x02020fa0       0x14 D:/devkitPro/libnds/lib\libnds9.a(console.o)
 .rodata.dotab_stdout
                0x02020fa0       0x70 D:/devkitPro/libnds/lib\libnds9.a(console.o)
 .rodata.glMaterialf
                0x02021010       0x44 D:/devkitPro/libnds/lib\libnds9.a(videoGL.o)
 .rodata.default_font_bin
                0x02021054     0x2000 D:/devkitPro/libnds/lib\libnds9.a(default_font.bin.o)
                0x02021054                default_font_bin
                0x02023054                default_font_bin_end
 .rodata.SIN_LUT
                0x02023054      0x102 D:/devkitPro/libnds/lib\libnds9.a(trig.o)
                0x02023054                SIN_LUT
 *fill*         0x02023156        0x2 ff
 .rodata.TAN_LUT
                0x02023158      0x204 D:/devkitPro/libnds/lib\libnds9.a(trig.o)
                0x02023158                TAN_LUT
 .rodata._vfiprintf_r.str1.1
                0x0202335c       0x29 D:/devkitPro/devkitARM/bin/../lib/gcc/arm-none-eabi/13.2.0/../../../../arm-none-eabi/lib/thumb\libg.a(libc_a-vfiprintf.o)
 *fill*         0x02023385        0x3 ff
 .rodata.zeroes.0
                0x02023388       0x10 D:/devkitPro/devkitARM/bin/../lib/gcc/arm-none-eabi/13.2.0/../../../../arm-none-eabi/lib/thumb\libg.a(libc_a-vfiprintf.o)
 .rodata.blanks.1
                0x02023398       0x10 D:/devkitPro/devkitARM/bin/../lib/gcc/arm-none-eabi/13.2.0/../../../../arm-none-eabi/lib/thumb\libg.a(libc_a-vfiprintf.o)
 .rodata.basefix.0
                0x020233a8       0x22 D:/devkitPro/devkitARM/bin/../lib/gcc/arm-none-eabi/13.2.0/../../../../arm-none-eabi/lib/thumb\libg.a(libc_a-svfiscanf.o)
 *fill*         0x020233ca        0x2 ff
 .rodata._ctype_
                0x020233cc      0x101 D:/devkitPro/devkitARM/bin/../lib/gcc/arm-none-eabi/13.2.0/../../../../arm-none-eabi/lib/thumb\libg.a(libc_a-ctype_.o)
                0x020233cc                _ctype_
 *fill*         0x020234cd        0x3 ff
 .rodata.__action_table
                0x020234d0       0x6c D:/devkitPro/devkitARM/bin/../lib/gcc/arm-none-eabi/13.2.0/../../../../arm-none-eabi/lib/thumb\libg.a(libc_a-svfiprintf.o)
                0x020234d0                __action_table
 .rodata.__state_table
                0x0202353c       0x6c D:/devkitPro/devkitARM/bin/../lib/gcc/arm-none-eabi/13.2.0/../../../../arm-none-eabi/lib/thumb\libg.a(libc_a-svfiprintf.o)
                0x0202353c                __state_table
 .rodata.__chclass
                0x020235a8      0x100 D:/devkitPro/devkitARM/bin/../lib/gcc/arm-none-eabi/13.2.0/../../../../arm-none-eabi/lib/thumb\libg.a(libc_a-svfiprintf.o)
                0x020235a8                __chclass
 .rodata._mbrtowc_r.str1.4
                0x020236a8        0x1 D:/devkitPro/devkitARM/bin/../lib/gcc/arm-none-eabi/13.2.0/../../../../arm-none-eabi/lib/thumb\libg.a(libc_a-mbrtowc.o)
 .rodata.str1.4
                0x020236a8       0x4c D:/devkitPro/devkitARM/bin/../lib/gcc/arm-none-eabi/13.2.0/../../../../arm-none-eabi/lib/thumb\libg.a(libc_a-locale.o)
 .rodata.categories
                0x020236a8     0x35dc D:/devkitPro/devkitARM/bin/../lib/gcc/arm-none-eabi/13.2.0/../../../../arm-none-eabi/lib/thumb\libg.a(libc_a-categories.o)
 .rodata.AddDevice.str1.4
                0x02026c84        0x8 D:/devkitPro/devkitARM/bin/../lib/gcc/arm-none-eabi/13.2.0/../../../../arm-none-eabi/lib/thumb\libsysbase.a(libsysbase_libsysbase_a-iosupport.o)
 .rodata.dotab_stdnull
                0x02026c84       0x80 D:/devkitPro/devkitARM/bin/../lib/gcc/arm-none-eabi/13.2.0/../../../../arm-none-eabi/lib/thumb\libsysbase.a(libsysbase_libsysbase_a-iosupport.o)
                0x02026c84                dotab_stdnull
 *(EXCLUDE_FILE(*.twl*) .gnu.linkonce.r*)
                0x02026d04                        . = ALIGN (0x4)

.ARM.extab
 *(.ARM.extab* .gnu.linkonce.armextab.*)
                0x02026d04                        __exidx_start = .

ARM.exidx
 *(.ARM.exidx* .gnu.linkonce.armexidx.*)
                0x02026d04                        __exidx_end = .
                0x02026d04                        . = ALIGN (0x4)
                0x02026d04                        PROVIDE (__preinit_array_start = .)

.preinit_array
 *(.preinit_array)
                0x02026d04                        PROVIDE (__preinit_array_end = .)
                0x02026d04                        PROVIDE (__init_array_start = .)

.init_array     0x02026d04        0x4
 *(SORT_BY_NAME(.init_array.*))
 *(.init_array)
 .init_array    0x02026d04        0x4 D:/devkitPro/devkitARM/bin/../lib/gcc/arm-none-eabi/13.2.0/thumb/crtbegin.o
                0x02026d08                        PROVIDE (__init_array_end = .)
                [!provide]                        PROVIDE (__fini_array_start = .)

.fini_array     0x02026d08        0x4
 *(.fini_array)
 .fini_array    0x02026d08        0x4 D:/devkitPro/devkitARM/bin/../lib/gcc/arm-none-eabi/13.2.0/thumb/crtbegin.o
 *(SORT_BY_NAME(.fini_array.*))
                [!provide]                        PROVIDE (__fini_array_end = .)

.ctors          0x02026d0c        0x0
 *crtbegin.o(.ctors)
 *(EXCLUDE_FILE(*crtend.o) .ctors)
 *(SORT_BY_NAME(.ctors.*))
 *(.ctors)
                0x02026d0c                        . = ALIGN (0x4)

.dtors          0x02026d0c        0x0
 *crtbegin.o(.dtors)
 *(EXCLUDE_FILE(*crtend.o) .dtors)
 *(SORT_BY_NAME(.dtors.*))
 *(.dtors)
                0x02026d0c                        . = ALIGN (0x4)

.eh_frame       0x02026d0c        0x4
 *(.eh_frame)
 .eh_frame      0x02026d0c        0x0 D:/devkitPro/devkitARM/bin/../lib/gcc/arm-none-eabi/13.2.0/thumb/crtbegin.o
 .eh_frame      0x02026d0c        0x4 D:/devkitPro/devkitARM/bin/../lib/gcc/arm-none-eabi/13.2.0/thumb/crtend.o
                0x02026d10                        . = ALIGN (0x4)

.rel.dyn        0x02026d10        0x0
 .rel.iplt      0x02026d10        0x0 D:/devkitPro/devkitARM/bin/../lib/gcc/arm-none-eabi/13.2.0/../../../../arm-none-eabi/lib/thumb/ds_arm9_crt0.o

.gcc_except_table
                0x02026d10        0x0
 *(.gcc_except_table)
                0x02026d10                        . = ALIGN (0x4)

.jcr
 *(.jcr)

.got
 *(.got.plt)
 *(.got)
 *(.rel.got)

.ewram          0x02026d10        0x0
                0x02026d10                        __ewram_start = ABSOLUTE (.)
 *(.ewram)
 *ewram.*(.text)
                0x02026d10                        . = ALIGN (0x4)

.data           0x02026d10     0x1868
                0x02026d10                        __data_start = ABSOLUTE (.)
 *(EXCLUDE_FILE(*.twl*) .data)
 .data          0x02026d10       0x28 D:/devkitPro/libnds/lib\libnds9.a(mpu_setup.o)
 *(EXCLUDE_FILE(*.twl*) .data.*)
 .data.currentConsole
                0x02026d38        0x4 D:/devkitPro/libnds/lib\libnds9.a(console.o)
                0x02026d38                currentConsole
 .data.defaultConsole
                0x02026d3c       0x5c D:/devkitPro/libnds/lib\libnds9.a(console.o)
                0x02026d3c                defaultConsole
 .data.firstConsoleInit.0
                0x02026d98        0x1 D:/devkitPro/libnds/lib\libnds9.a(console.o)
 *fill*         0x02026d99        0x3 ff
 .data.glGlob   0x02026d9c        0x4 D:/devkitPro/libnds/lib\libnds9.a(videoGL.o)
 .data.count    0x02026da0        0x1 D:/devkitPro/libnds/lib\libnds9.a(keys.o)
 .data.delay    0x02026da1        0x1 D:/devkitPro/libnds/lib\libnds9.a(keys.o)
 .data.repeat   0x02026da2        0x1 D:/devkitPro/libnds/lib\libnds9.a(keys.o)
 *fill*         0x02026da3        0x1 ff
 .data.fifo_buffer_free
                0x02026da4        0x4 D:/devkitPro/libnds/lib\libnds9.a(fifosystem.o)
                0x02026da4                fifo_buffer_free
 .data.fifo_freewords
                0x02026da8        0x4 D:/devkitPro/libnds/lib\libnds9.a(fifosystem.o)
                0x02026da8                fifo_freewords
 .data.fifo_receive_queue
                0x02026dac        0x4 D:/devkitPro/libnds/lib\libnds9.a(fifosystem.o)
                0x02026dac                fifo_receive_queue
 .data.fifo_send_queue
                0x02026db0        0x4 D:/devkitPro/libnds/lib\libnds9.a(fifosystem.o)
                0x02026db0                fifo_send_queue
 .data.bgControl
                0x02026db4       0x20 D:/devkitPro/libnds/lib\libnds9.a(background.o)
                0x02026db4                bgControl
 .data.bgScrollTable
                0x02026dd4       0x20 D:/devkitPro/libnds/lib\libnds9.a(background.o)
                0x02026dd4                bgScrollTable
 .data.bgTransform
                0x02026df4       0x20 D:/devkitPro/libnds/lib\libnds9.a(background.o)
                0x02026df4                bgTransform
 .data.__malloc_sbrk_base
                0x02026e14        0x4 D:/devkitPro/devkitARM/bin/../lib/gcc/arm-none-eabi/13.2.0/../../../../arm-none-eabi/lib/thumb\libg.a(libc_a-mallocr.o)
                0x02026e14                __malloc_sbrk_base
 .data.__malloc_trim_threshold
                0x02026e18        0x4 D:/devkitPro/devkitARM/bin/../lib/gcc/arm-none-eabi/13.2.0/../../../../arm-none-eabi/lib/thumb\libg.a(libc_a-mallocr.o)
                0x02026e18                __malloc_trim_threshold
 *fill*         0x02026e1c        0x4 ff
 .data.__malloc_av_
                0x02026e20      0x408 D:/devkitPro/devkitARM/bin/../lib/gcc/arm-none-eabi/13.2.0/../../../../arm-none-eabi/lib/thumb\libg.a(libc_a-mallocr.o)
                0x02026e20                __malloc_av_
 .data._impure_ptr
                0x02027228        0x4 D:/devkitPro/devkitARM/bin/../lib/gcc/arm-none-eabi/13.2.0/../../../../arm-none-eabi/lib/thumb\libg.a(libc_a-impure.o)
                0x02027228                _impure_ptr
 *fill*         0x0202722c        0x4 ff
 .data._impure_data
                0x02027230      0x120 D:/devkitPro/devkitARM/bin/../lib/gcc/arm-none-eabi/13.2.0/../../../../arm-none-eabi/lib/thumb\libg.a(libc_a-impure.o)
                0x02027230                _impure_data
 .data.__sglue  0x02027350        0xc D:/devkitPro/devkitARM/bin/../lib/gcc/arm-none-eabi/13.2.0/../../../../arm-none-eabi/lib/thumb\libg.a(libc_a-findfp.o)
                0x02027350                __sglue
 .data.__global_locale
                0x0202735c      0x16c D:/devkitPro/devkitARM/bin/../lib/gcc/arm-none-eabi/13.2.0/../../../../arm-none-eabi/lib/thumb\libg.a(libc_a-locale.o)
                0x0202735c                __global_locale
 .data.handles  0x020274c8     0x1000 D:/devkitPro/devkitARM/bin/../lib/gcc/arm-none-eabi/13.2.0/../../../../arm-none-eabi/lib/thumb\libsysbase.a(libsysbase_libsysbase_a-handle_manager.o)
 .data.__stderr_handle
                0x020284c8        0xc D:/devkitPro/devkitARM/bin/../lib/gcc/arm-none-eabi/13.2.0/../../../../arm-none-eabi/lib/thumb\libsysbase.a(libsysbase_libsysbase_a-handle_manager.o)
 .data.__stdout_handle
                0x020284d4        0xc D:/devkitPro/devkitARM/bin/../lib/gcc/arm-none-eabi/13.2.0/../../../../arm-none-eabi/lib/thumb\libsysbase.a(libsysbase_libsysbase_a-handle_manager.o)
 .data.__stdin_handle
                0x020284e0        0xc D:/devkitPro/devkitARM/bin/../lib/gcc/arm-none-eabi/13.2.0/../../../../arm-none-eabi/lib/thumb\libsysbase.a(libsysbase_libsysbase_a-handle_manager.o)
 .data.devoptab_list
                0x020284ec       0x8c D:/devkitPro/devkitARM/bin/../lib/gcc/arm-none-eabi/13.2.0/../../../../arm-none-eabi/lib/thumb\libsysbase.a(libsysbase_libsysbase_a-iosupport.o)
                0x020284ec                devoptab_list
 *(EXCLUDE_FILE(*.twl*) .gnu.linkonce.d*)
                0x02028578                        . = ALIGN (0x4)
                0x02028578                        __data_end = ABSOLUTE (.)
                0x02028578                        __bss_vma = .

.igot.plt       0x02028578        0x0
 .igot.plt      0x02028578        0x0 D:/devkitPro/devkitARM/bin/../lib/gcc/arm-none-eabi/13.2.0/../../../../arm-none-eabi/lib/thumb/ds_arm9_crt0.o

.dtcm           0x02ff0000        0x0 load address 0x02028578
                0x02028578                        __dtcm_lma = LOADADDR (.dtcm)
                0x02ff0000                        __dtcm_start = ABSOLUTE (.)
 *(.dtcm)
 *(.dtcm.*)
                0x02ff0000                        . = ALIGN (0x4)
                0x02ff0000                        __dtcm_end = ABSOLUTE (.)

.itcm           0x01000100      0x194 load address 0x02028578
                0x02028578                        __itcm_lma = LOADADDR (.itcm)
                0x01000100                        __itcm_start = ABSOLUTE (.)
 *(.itcm)
 .itcm          0x01000100       0xc8 D:/devkitPro/libnds/lib\libnds9.a(interrupts.o)
                0x01000100                irqTable
 .itcm          0x010001c8       0xcc D:/devkitPro/libnds/lib\libnds9.a(interruptDispatcher.o)
                0x010001c8                IntrMain
 *.itcm*(.text .stub .text.*)
                0x01000294                        . = ALIGN (0x4)
                0x01000294                        __itcm_end = ABSOLUTE (.)

.vectors        0x01000000        0x0 load address 0x0202870c
                0x0202870c                        __vectors_lma = LOADADDR (.vectors)
                0x01000000                        __vectors_start = ABSOLUTE (.)
 *(.vectors .vectors.*)
                0x01000000                        . = ALIGN (0x4)
                0x01000000                        __vectors_end = ABSOLUTE (.)

.sbss           0x02ff0000        0x0
                0x02ff0000                        __sbss_start = ABSOLUTE (.)
                0x02ff0000                        __sbss_start__ = ABSOLUTE (.)
 *(.sbss)
                0x02ff0000                        . = ALIGN (0x4)
                0x02ff0000                        __sbss_end = ABSOLUTE (.)

.bss            0x02028578      0xe44
                0x02028578                        __bss_start = ABSOLUTE (.)
                0x02028578                        __bss_start__ = ABSOLUTE (.)
 *(EXCLUDE_FILE(*.twl*) .dynbss)
 *(EXCLUDE_FILE(*.twl*) .gnu.linkonce.b*)
 *(EXCLUDE_FILE(*.twl*) .bss*)
 .bss.completed.1
                0x02028578        0x1 D:/devkitPro/devkitARM/bin/../lib/gcc/arm-none-eabi/13.2.0/thumb/crtbegin.o
 *fill*         0x02028579        0x3 
 .bss.object.0  0x0202857c       0x18 D:/devkitPro/devkitARM/bin/../lib/gcc/arm-none-eabi/13.2.0/thumb/crtbegin.o
 .bss.currentCopy
                0x02028594       0x5c D:/devkitPro/libnds/lib\libnds9.a(console.o)
                0x02028594                currentCopy
 .bss.gCurrentTexture
                0x020285f0        0x4 D:/devkitPro/libnds/lib\libnds9.a(gl2d.o)
                0x020285f0                gCurrentTexture
 .bss.g_depth   0x020285f4        0x2 D:/devkitPro/libnds/lib\libnds9.a(gl2d.o)
 *fill*         0x020285f6        0x2 
 .bss.diffuse_ambient.1
                0x020285f8        0x4 D:/devkitPro/libnds/lib\libnds9.a(videoGL.o)
 .bss.glGlobalData
                0x020285fc       0x54 D:/devkitPro/libnds/lib\libnds9.a(videoGL.o)
                0x020285fc                glGlobalData
 .bss.specular_emission.0
                0x02028650        0x4 D:/devkitPro/libnds/lib\libnds9.a(videoGL.o)
 .bss.keys      0x02028654        0x2 D:/devkitPro/libnds/lib\libnds9.a(keys.o)
 .bss.keysold   0x02028656        0x2 D:/devkitPro/libnds/lib\libnds9.a(keys.o)
 .bss.keysrepeat
                0x02028658        0x2 D:/devkitPro/libnds/lib\libnds9.a(keys.o)
 .bss.__dsimode
                0x0202865a        0x1 D:/devkitPro/libnds/lib\libnds9.a(initSystem.o)
                0x0202865a                __dsimode
 *fill*         0x0202865b        0x1 
 .bss.punixTime
                0x0202865c        0x4 D:/devkitPro/libnds/lib\libnds9.a(initSystem.o)
                0x0202865c                punixTime
 .bss.fifo_address_data
                0x02028660       0x40 D:/devkitPro/libnds/lib\libnds9.a(fifosystem.o)
                0x02028660                fifo_address_data
 .bss.fifo_address_func
                0x020286a0       0x40 D:/devkitPro/libnds/lib\libnds9.a(fifosystem.o)
                0x020286a0                fifo_address_func
 .bss.fifo_address_queue
                0x020286e0       0x40 D:/devkitPro/libnds/lib\libnds9.a(fifosystem.o)
                0x020286e0                fifo_address_queue
 .bss.fifo_buffer
                0x02028720      0x800 D:/devkitPro/libnds/lib\libnds9.a(fifosystem.o)
                0x02028720                fifo_buffer
 .bss.fifo_data_queue
                0x02028f20       0x40 D:/devkitPro/libnds/lib\libnds9.a(fifosystem.o)
                0x02028f20                fifo_data_queue
 .bss.fifo_datamsg_data
                0x02028f60       0x40 D:/devkitPro/libnds/lib\libnds9.a(fifosystem.o)
                0x02028f60                fifo_datamsg_data
 .bss.fifo_datamsg_func
                0x02028fa0       0x40 D:/devkitPro/libnds/lib\libnds9.a(fifosystem.o)
                0x02028fa0                fifo_datamsg_func
 .bss.fifo_value32_data
                0x02028fe0       0x40 D:/devkitPro/libnds/lib\libnds9.a(fifosystem.o)
                0x02028fe0                fifo_value32_data
 .bss.fifo_value32_func
                0x02029020       0x40 D:/devkitPro/libnds/lib\libnds9.a(fifosystem.o)
                0x02029020                fifo_value32_func
 .bss.fifo_value32_queue
                0x02029060       0x40 D:/devkitPro/libnds/lib\libnds9.a(fifosystem.o)
                0x02029060                fifo_value32_queue
 .bss.processing
                0x020290a0        0x4 D:/devkitPro/libnds/lib\libnds9.a(fifosystem.o)
                0x020290a0                processing
 .bss.bgIsTextLut
                0x020290a4        0x8 D:/devkitPro/libnds/lib\libnds9.a(background.o)
                0x020290a4                bgIsTextLut
 .bss.bgState   0x020290ac      0x140 D:/devkitPro/libnds/lib\libnds9.a(background.o)
                0x020290ac                bgState
 .bss.SDcallback
                0x020291ec        0x4 D:/devkitPro/libnds/lib\libnds9.a(system.o)
 .bss.__malloc_current_mallinfo
                0x020291f0       0x28 D:/devkitPro/devkitARM/bin/../lib/gcc/arm-none-eabi/13.2.0/../../../../arm-none-eabi/lib/thumb\libg.a(libc_a-mallocr.o)
                0x020291f0                __malloc_current_mallinfo
 .bss.__malloc_max_total_mem
                0x02029218        0x4 D:/devkitPro/devkitARM/bin/../lib/gcc/arm-none-eabi/13.2.0/../../../../arm-none-eabi/lib/thumb\libg.a(libc_a-mallocr.o)
                0x02029218                __malloc_max_total_mem
 .bss.__malloc_max_sbrked_mem
                0x0202921c        0x4 D:/devkitPro/devkitARM/bin/../lib/gcc/arm-none-eabi/13.2.0/../../../../arm-none-eabi/lib/thumb\libg.a(libc_a-mallocr.o)
                0x0202921c                __malloc_max_sbrked_mem
 .bss.__malloc_top_pad
                0x02029220        0x4 D:/devkitPro/devkitARM/bin/../lib/gcc/arm-none-eabi/13.2.0/../../../../arm-none-eabi/lib/thumb\libg.a(libc_a-mallocr.o)
                0x02029220                __malloc_top_pad
 .bss.__malloc_recursive_mutex
                0x02029224        0xc D:/devkitPro/devkitARM/bin/../lib/gcc/arm-none-eabi/13.2.0/../../../../arm-none-eabi/lib/thumb\libg.a(libc_a-mlock.o)
 .bss.__sfp_recursive_mutex
                0x02029230        0xc D:/devkitPro/devkitARM/bin/../lib/gcc/arm-none-eabi/13.2.0/../../../../arm-none-eabi/lib/thumb\libg.a(libc_a-findfp.o)
 *fill*         0x0202923c        0x4 
 .bss.__sf      0x02029240      0x168 D:/devkitPro/devkitARM/bin/../lib/gcc/arm-none-eabi/13.2.0/../../../../arm-none-eabi/lib/thumb\libg.a(libc_a-findfp.o)
                0x02029240                __sf
 .bss.__stdio_exit_handler
                0x020293a8        0x4 D:/devkitPro/devkitARM/bin/../lib/gcc/arm-none-eabi/13.2.0/../../../../arm-none-eabi/lib/thumb\libg.a(libc_a-findfp.o)
                0x020293a8                __stdio_exit_handler
 .bss.__hndl_lock
                0x020293ac        0x4 D:/devkitPro/devkitARM/bin/../lib/gcc/arm-none-eabi/13.2.0/../../../../arm-none-eabi/lib/thumb\libsysbase.a(libsysbase_libsysbase_a-handle_manager.o)
 .bss.fake_heap_start
                0x020293b0        0x4 D:/devkitPro/devkitARM/bin/../lib/gcc/arm-none-eabi/13.2.0/../../../../arm-none-eabi/lib/thumb\libsysbase.a(libsysbase_libsysbase_a-malloc_vars.o)
                0x020293b0                fake_heap_start
 .bss.fake_heap_end
                0x020293b4        0x4 D:/devkitPro/devkitARM/bin/../lib/gcc/arm-none-eabi/13.2.0/../../../../arm-none-eabi/lib/thumb\libsysbase.a(libsysbase_libsysbase_a-malloc_vars.o)
                0x020293b4                fake_heap_end
 .bss.heap_start.0
                0x020293b8        0x4 D:/devkitPro/devkitARM/bin/../lib/gcc/arm-none-eabi/13.2.0/../../../../arm-none-eabi/lib/thumb\libsysbase.a(libsysbase_libsysbase_a-sbrk.o)
 *(EXCLUDE_FILE(*.twl*) COMMON)
                0x020293bc                        . = ALIGN (0x4)
                0x020293bc                        __bss_end__ = ABSOLUTE (.)
                0x020293bc                        __end__ = ABSOLUTE (.)

.twl            0x020293bc        0x0 load address 0x02400000
                0x02400000                        __arm9i_lma__ = LOADADDR (.twl)
                0x020293bc                        __arm9i_start__ = ABSOLUTE (.)
 *(.twl)
 *.twl*(.text .stub .text.* .gnu.linkonce.t.*)
 *.twl*(.rodata)
 *.twl*(.roda)
 *.twl*(.rodata.*)
 *.twl*(.data)
 *.twl*(.data.*)
 *.twl*(.gnu.linkonce.d*)
                0x020293bc                        __arm9i_end__ = ABSOLUTE (.)

.twl_bss        0x020293bc        0x0
                0x020293bc                        __twl_bss_start__ = ABSOLUTE (.)
 *(.twl_bss)
 *.twl*(.dynbss)
 *.twl*(.gnu.linkonce.b*)
 *.twl*(.bss*)
 *.twl*(COMMON)
                0x020293bc                        . = ALIGN (0x4)
                0x020293bc                        __twl_bss_end__ = ABSOLUTE (.)
                0x020293bc                        __twl_end__ = ABSOLUTE (.)

.stab
 *(.stab)

.stabstr
 *(.stabstr)

.stab.excl
 *(.stab.excl)

.stab.exclstr
 *(.stab.exclstr)

.stab.index
 *(.stab.index)

.stab.indexstr
 *(.stab.indexstr)

.comment        0x00000000       0x46
 *(.comment)
 .comment       0x00000000       0x46 D:/devkitPro/devkitARM/bin/../lib/gcc/arm-none-eabi/13.2.0/thumb/crtbegin.o
                                 0x24 (size before relaxing)
 .comment       0x00000046       0x24 cameraO.o
 .comment       0x00000046       0x24 cursorO.o
 .comment       0x00000046       0x24 main.o
 .comment       0x00000046       0x24 mapO.o
 .comment       0x00000046       0x24 playerO.o
 .comment       0x00000046       0x24 D:/devkitPro/libnds/lib\libnds9.a(console.o)
 .comment       0x00000046       0x24 D:/devkitPro/libnds/lib\libnds9.a(gl2d.o)
 .comment       0x00000046       0x24 D:/devkitPro/libnds/lib\libnds9.a(videoGL.o)
 .comment       0x00000046       0x24 D:/devkitPro/libnds/lib\libnds9.a(keys.o)
 .comment       0x00000046       0x24 D:/devkitPro/libnds/lib\libnds9.a(initSystem.o)
 .comment       0x00000046       0x24 D:/devkitPro/libnds/lib\libnds9.a(securearea.o)
 .comment       0x00000046       0x24 D:/devkitPro/libnds/lib\libnds9.a(interrupts.o)
 .comment       0x00000046       0x24 D:/devkitPro/libnds/lib\libnds9.a(libnds_exit.arm.o)
 .comment       0x00000046       0x24 D:/devkitPro/libnds/lib\libnds9.a(fifosystem.o)
 .comment       0x00000046       0x24 D:/devkitPro/libnds/lib\libnds9.a(background.o)
 .comment       0x00000046       0x24 D:/devkitPro/libnds/lib\libnds9.a(dynamicArray.o)
 .comment       0x00000046       0x24 D:/devkitPro/libnds/lib\libnds9.a(trig.o)
 .comment       0x00000046       0x24 D:/devkitPro/libnds/lib\libnds9.a(video.o)
 .comment       0x00000046       0x24 D:/devkitPro/libnds/lib\libnds9.a(system.o)
 .comment       0x00000046       0x24 D:/devkitPro/devkitARM/bin/../lib/gcc/arm-none-eabi/13.2.0/thumb\libgcc.a(_muldi3.o)
 .comment       0x00000046       0x24 D:/devkitPro/devkitARM/bin/../lib/gcc/arm-none-eabi/13.2.0/../../../../arm-none-eabi/lib/thumb\libg.a(libc_a-calloc.o)
 .comment       0x00000046       0x24 D:/devkitPro/devkitARM/bin/../lib/gcc/arm-none-eabi/13.2.0/../../../../arm-none-eabi/lib/thumb\libg.a(libc_a-siscanf.o)
 .comment       0x00000046       0x24 D:/devkitPro/devkitARM/bin/../lib/gcc/arm-none-eabi/13.2.0/../../../../arm-none-eabi/lib/thumb\libg.a(libc_a-stdio.o)
 .comment       0x00000046       0x24 D:/devkitPro/devkitARM/bin/../lib/gcc/arm-none-eabi/13.2.0/../../../../arm-none-eabi/lib/thumb\libg.a(libc_a-callocr.o)
 .comment       0x00000046       0x24 D:/devkitPro/devkitARM/bin/../lib/gcc/arm-none-eabi/13.2.0/../../../../arm-none-eabi/lib/thumb\libg.a(libc_a-realloc.o)
 .comment       0x00000046       0x24 D:/devkitPro/devkitARM/bin/../lib/gcc/arm-none-eabi/13.2.0/../../../../arm-none-eabi/lib/thumb\libg.a(libc_a-mallocr.o)
 .comment       0x00000046       0x24 D:/devkitPro/devkitARM/bin/../lib/gcc/arm-none-eabi/13.2.0/../../../../arm-none-eabi/lib/thumb\libg.a(libc_a-freer.o)
 .comment       0x00000046       0x24 D:/devkitPro/devkitARM/bin/../lib/gcc/arm-none-eabi/13.2.0/../../../../arm-none-eabi/lib/thumb\libg.a(libc_a-setvbuf.o)
 .comment       0x00000046       0x24 D:/devkitPro/devkitARM/bin/../lib/gcc/arm-none-eabi/13.2.0/../../../../arm-none-eabi/lib/thumb\libg.a(libc_a-errno.o)
 .comment       0x00000046       0x24 D:/devkitPro/devkitARM/bin/../lib/gcc/arm-none-eabi/13.2.0/../../../../arm-none-eabi/lib/thumb\libg.a(libc_a-malloc.o)
 .comment       0x00000046       0x24 D:/devkitPro/devkitARM/bin/../lib/gcc/arm-none-eabi/13.2.0/../../../../arm-none-eabi/lib/thumb\libg.a(libc_a-memcpy-stub.o)
 .comment       0x00000046       0x24 D:/devkitPro/devkitARM/bin/../lib/gcc/arm-none-eabi/13.2.0/../../../../arm-none-eabi/lib/thumb\libg.a(libc_a-memset.o)
 .comment       0x00000046       0x24 D:/devkitPro/devkitARM/bin/../lib/gcc/arm-none-eabi/13.2.0/../../../../arm-none-eabi/lib/thumb\libg.a(libc_a-reallocr.o)
 .comment       0x00000046       0x24 D:/devkitPro/devkitARM/bin/../lib/gcc/arm-none-eabi/13.2.0/../../../../arm-none-eabi/lib/thumb\libg.a(libc_a-mlock.o)
 .comment       0x00000046       0x24 D:/devkitPro/devkitARM/bin/../lib/gcc/arm-none-eabi/13.2.0/../../../../arm-none-eabi/lib/thumb\libg.a(libc_a-iprintf.o)
 .comment       0x00000046       0x24 D:/devkitPro/devkitARM/bin/../lib/gcc/arm-none-eabi/13.2.0/../../../../arm-none-eabi/lib/thumb\libg.a(libc_a-init.o)
 .comment       0x00000046       0x24 D:/devkitPro/devkitARM/bin/../lib/gcc/arm-none-eabi/13.2.0/../../../../arm-none-eabi/lib/thumb\libg.a(libc_a-fflush.o)
 .comment       0x00000046       0x24 D:/devkitPro/devkitARM/bin/../lib/gcc/arm-none-eabi/13.2.0/../../../../arm-none-eabi/lib/thumb\libg.a(libc_a-strlen-stub.o)
 .comment       0x00000046       0x24 D:/devkitPro/devkitARM/bin/../lib/gcc/arm-none-eabi/13.2.0/../../../../arm-none-eabi/lib/thumb\libg.a(libc_a-memmove.o)
 .comment       0x00000046       0x24 D:/devkitPro/devkitARM/bin/../lib/gcc/arm-none-eabi/13.2.0/../../../../arm-none-eabi/lib/thumb\libg.a(libc_a-impure.o)
 .comment       0x00000046       0x24 D:/devkitPro/devkitARM/bin/../lib/gcc/arm-none-eabi/13.2.0/../../../../arm-none-eabi/lib/thumb\libg.a(libc_a-vfiprintf.o)
 .comment       0x00000046       0x24 D:/devkitPro/devkitARM/bin/../lib/gcc/arm-none-eabi/13.2.0/../../../../arm-none-eabi/lib/thumb\libg.a(libc_a-memchr-stub.o)
 .comment       0x00000046       0x24 D:/devkitPro/devkitARM/bin/../lib/gcc/arm-none-eabi/13.2.0/../../../../arm-none-eabi/lib/thumb\libg.a(libc_a-svfiscanf.o)
 .comment       0x00000046       0x24 D:/devkitPro/devkitARM/bin/../lib/gcc/arm-none-eabi/13.2.0/../../../../arm-none-eabi/lib/thumb\libg.a(libc_a-strtoul.o)
 .comment       0x00000046       0x24 D:/devkitPro/devkitARM/bin/../lib/gcc/arm-none-eabi/13.2.0/../../../../arm-none-eabi/lib/thumb\libg.a(libc_a-sprint_r.o)
 .comment       0x00000046       0x24 D:/devkitPro/devkitARM/bin/../lib/gcc/arm-none-eabi/13.2.0/../../../../arm-none-eabi/lib/thumb\libg.a(libc_a-iswspace.o)
 .comment       0x00000046       0x24 D:/devkitPro/devkitARM/bin/../lib/gcc/arm-none-eabi/13.2.0/../../../../arm-none-eabi/lib/thumb\libg.a(libc_a-sccl.o)
 .comment       0x00000046       0x24 D:/devkitPro/devkitARM/bin/../lib/gcc/arm-none-eabi/13.2.0/../../../../arm-none-eabi/lib/thumb\libg.a(libc_a-localeconv.o)
 .comment       0x00000046       0x24 D:/devkitPro/devkitARM/bin/../lib/gcc/arm-none-eabi/13.2.0/../../../../arm-none-eabi/lib/thumb\libg.a(libc_a-makebuf.o)
 .comment       0x00000046       0x24 D:/devkitPro/devkitARM/bin/../lib/gcc/arm-none-eabi/13.2.0/../../../../arm-none-eabi/lib/thumb\libg.a(libc_a-findfp.o)
 .comment       0x00000046       0x24 D:/devkitPro/devkitARM/bin/../lib/gcc/arm-none-eabi/13.2.0/../../../../arm-none-eabi/lib/thumb\libg.a(libc_a-wcrtomb.o)
 .comment       0x00000046       0x24 D:/devkitPro/devkitARM/bin/../lib/gcc/arm-none-eabi/13.2.0/../../../../arm-none-eabi/lib/thumb\libg.a(libc_a-strtol.o)
 .comment       0x00000046       0x24 D:/devkitPro/devkitARM/bin/../lib/gcc/arm-none-eabi/13.2.0/../../../../arm-none-eabi/lib/thumb\libg.a(libc_a-ctype_.o)
 .comment       0x00000046       0x24 D:/devkitPro/devkitARM/bin/../lib/gcc/arm-none-eabi/13.2.0/../../../../arm-none-eabi/lib/thumb\libg.a(libc_a-fwalk.o)
 .comment       0x00000046       0x24 D:/devkitPro/devkitARM/bin/../lib/gcc/arm-none-eabi/13.2.0/../../../../arm-none-eabi/lib/thumb\libg.a(libc_a-strncpy.o)
 .comment       0x00000046       0x24 D:/devkitPro/devkitARM/bin/../lib/gcc/arm-none-eabi/13.2.0/../../../../arm-none-eabi/lib/thumb\libg.a(libc_a-strtoull.o)
 .comment       0x00000046       0x24 D:/devkitPro/devkitARM/bin/../lib/gcc/arm-none-eabi/13.2.0/../../../../arm-none-eabi/lib/thumb\libg.a(libc_a-wcsrtombs.o)
 .comment       0x00000046       0x24 D:/devkitPro/devkitARM/bin/../lib/gcc/arm-none-eabi/13.2.0/../../../../arm-none-eabi/lib/thumb\libg.a(libc_a-svfiprintf.o)
 .comment       0x00000046       0x24 D:/devkitPro/devkitARM/bin/../lib/gcc/arm-none-eabi/13.2.0/../../../../arm-none-eabi/lib/thumb\libg.a(libc_a-mbrtowc.o)
 .comment       0x00000046       0x24 D:/devkitPro/devkitARM/bin/../lib/gcc/arm-none-eabi/13.2.0/../../../../arm-none-eabi/lib/thumb\libg.a(libc_a-wsetup.o)
 .comment       0x00000046       0x24 D:/devkitPro/devkitARM/bin/../lib/gcc/arm-none-eabi/13.2.0/../../../../arm-none-eabi/lib/thumb\libg.a(libc_a-ungetc.o)
 .comment       0x00000046       0x24 D:/devkitPro/devkitARM/bin/../lib/gcc/arm-none-eabi/13.2.0/../../../../arm-none-eabi/lib/thumb\libg.a(libc_a-iswspace_l.o)
 .comment       0x00000046       0x24 D:/devkitPro/devkitARM/bin/../lib/gcc/arm-none-eabi/13.2.0/../../../../arm-none-eabi/lib/thumb\libg.a(libc_a-fvwrite.o)
 .comment       0x00000046       0x24 D:/devkitPro/devkitARM/bin/../lib/gcc/arm-none-eabi/13.2.0/../../../../arm-none-eabi/lib/thumb\libg.a(libc_a-strtoll.o)
 .comment       0x00000046       0x24 D:/devkitPro/devkitARM/bin/../lib/gcc/arm-none-eabi/13.2.0/../../../../arm-none-eabi/lib/thumb\libg.a(libc_a-locale.o)
 .comment       0x00000046       0x24 D:/devkitPro/devkitARM/bin/../lib/gcc/arm-none-eabi/13.2.0/../../../../arm-none-eabi/lib/thumb\libg.a(libc_a-wcsnrtombs.o)
 .comment       0x00000046       0x24 D:/devkitPro/devkitARM/bin/../lib/gcc/arm-none-eabi/13.2.0/../../../../arm-none-eabi/lib/thumb\libg.a(libc_a-mbtowc_r.o)
 .comment       0x00000046       0x24 D:/devkitPro/devkitARM/bin/../lib/gcc/arm-none-eabi/13.2.0/../../../../arm-none-eabi/lib/thumb\libg.a(libc_a-fclose.o)
 .comment       0x00000046       0x24 D:/devkitPro/devkitARM/bin/../lib/gcc/arm-none-eabi/13.2.0/../../../../arm-none-eabi/lib/thumb\libg.a(libc_a-categories.o)
 .comment       0x00000046       0x24 D:/devkitPro/devkitARM/bin/../lib/gcc/arm-none-eabi/13.2.0/../../../../arm-none-eabi/lib/thumb\libg.a(libc_a-wctomb_r.o)
 .comment       0x00000046       0x24 D:/devkitPro/devkitARM/bin/../lib/gcc/arm-none-eabi/13.2.0/../../../../arm-none-eabi/lib/thumb\libsysbase.a(libsysbase_libsysbase_a-build_argv.o)
 .comment       0x00000046       0x24 D:/devkitPro/devkitARM/bin/../lib/gcc/arm-none-eabi/13.2.0/../../../../arm-none-eabi/lib/thumb\libsysbase.a(libsysbase_libsysbase_a-fstat.o)
 .comment       0x00000046       0x24 D:/devkitPro/devkitARM/bin/../lib/gcc/arm-none-eabi/13.2.0/../../../../arm-none-eabi/lib/thumb\libsysbase.a(libsysbase_libsysbase_a-getreent.o)
 .comment       0x00000046       0x24 D:/devkitPro/devkitARM/bin/../lib/gcc/arm-none-eabi/13.2.0/../../../../arm-none-eabi/lib/thumb\libsysbase.a(libsysbase_libsysbase_a-handle_manager.o)
 .comment       0x00000046       0x24 D:/devkitPro/devkitARM/bin/../lib/gcc/arm-none-eabi/13.2.0/../../../../arm-none-eabi/lib/thumb\libsysbase.a(libsysbase_libsysbase_a-iosupport.o)
 .comment       0x00000046       0x24 D:/devkitPro/devkitARM/bin/../lib/gcc/arm-none-eabi/13.2.0/../../../../arm-none-eabi/lib/thumb\libsysbase.a(libsysbase_libsysbase_a-isatty.o)
 .comment       0x00000046       0x24 D:/devkitPro/devkitARM/bin/../lib/gcc/arm-none-eabi/13.2.0/../../../../arm-none-eabi/lib/thumb\libsysbase.a(libsysbase_libsysbase_a-lseek.o)
 .comment       0x00000046       0x24 D:/devkitPro/devkitARM/bin/../lib/gcc/arm-none-eabi/13.2.0/../../../../arm-none-eabi/lib/thumb\libsysbase.a(libsysbase_libsysbase_a-malloc_vars.o)
 .comment       0x00000046       0x24 D:/devkitPro/devkitARM/bin/../lib/gcc/arm-none-eabi/13.2.0/../../../../arm-none-eabi/lib/thumb\libsysbase.a(libsysbase_libsysbase_a-read.o)
 .comment       0x00000046       0x24 D:/devkitPro/devkitARM/bin/../lib/gcc/arm-none-eabi/13.2.0/../../../../arm-none-eabi/lib/thumb\libsysbase.a(libsysbase_libsysbase_a-sbrk.o)
 .comment       0x00000046       0x24 D:/devkitPro/devkitARM/bin/../lib/gcc/arm-none-eabi/13.2.0/../../../../arm-none-eabi/lib/thumb\libsysbase.a(libsysbase_libsysbase_a-syscall_support.o)
 .comment       0x00000046       0x24 D:/devkitPro/devkitARM/bin/../lib/gcc/arm-none-eabi/13.2.0/../../../../arm-none-eabi/lib/thumb\libsysbase.a(libsysbase_libsysbase_a-write.o)
 .comment       0x00000046       0x24 D:/devkitPro/devkitARM/bin/../lib/gcc/arm-none-eabi/13.2.0/thumb\libgcc.a(_udivmoddi4.o)
 .comment       0x00000046       0x24 D:/devkitPro/devkitARM/bin/../lib/gcc/arm-none-eabi/13.2.0/thumb/crtend.o

.ARM.attributes
                0x00000000       0x2d
 .ARM.attributes
                0x00000000       0x21 D:/devkitPro/devkitARM/bin/../lib/gcc/arm-none-eabi/13.2.0/../../../../arm-none-eabi/lib/thumb/ds_arm9_crt0.o
 .ARM.attributes
                0x00000021       0x1c D:/devkitPro/devkitARM/bin/../lib/gcc/arm-none-eabi/13.2.0/thumb/crti.o
 .ARM.attributes
                0x0000003d       0x2a D:/devkitPro/devkitARM/bin/../lib/gcc/arm-none-eabi/13.2.0/thumb/crtbegin.o
 .ARM.attributes
                0x00000067       0x1a cursor.o
 .ARM.attributes
                0x00000081       0x1a player.o
 .ARM.attributes
                0x0000009b       0x1a tiles.o
 .ARM.attributes
                0x000000b5       0x2b cameraO.o
 .ARM.attributes
                0x000000e0       0x2b cursorO.o
 .ARM.attributes
                0x0000010b       0x2b main.o
 .ARM.attributes
                0x00000136       0x2b mapO.o
 .ARM.attributes
                0x00000161       0x2b playerO.o
 .ARM.attributes
                0x0000018c       0x2b D:/devkitPro/libnds/lib\libnds9.a(console.o)
 .ARM.attributes
                0x000001b7       0x2b D:/devkitPro/libnds/lib\libnds9.a(gl2d.o)
 .ARM.attributes
                0x000001e2       0x2b D:/devkitPro/libnds/lib\libnds9.a(videoGL.o)
 .ARM.attributes
                0x0000020d       0x2b D:/devkitPro/libnds/lib\libnds9.a(keys.o)
 .ARM.attributes
                0x00000238       0x2b D:/devkitPro/libnds/lib\libnds9.a(initSystem.o)
 .ARM.attributes
                0x00000263       0x2b D:/devkitPro/libnds/lib\libnds9.a(securearea.o)
 .ARM.attributes
                0x0000028e       0x2b D:/devkitPro/libnds/lib\libnds9.a(interrupts.o)
 .ARM.attributes
                0x000002b9       0x2b D:/devkitPro/libnds/lib\libnds9.a(libnds_exit.arm.o)
 .ARM.attributes
                0x000002e4       0x2b D:/devkitPro/libnds/lib\libnds9.a(fifosystem.o)
 .ARM.attributes
                0x0000030f       0x21 D:/devkitPro/libnds/lib\libnds9.a(mpu_setup.o)
 .ARM.attributes
                0x00000330       0x21 D:/devkitPro/libnds/lib\libnds9.a(IntrWait.o)
 .ARM.attributes
                0x00000351       0x21 D:/devkitPro/libnds/lib\libnds9.a(cpu_clock.o)
 .ARM.attributes
                0x00000372       0x1b D:/devkitPro/libnds/lib\libnds9.a(interruptDispatcher.o)
 .ARM.attributes
                0x0000038d       0x1b D:/devkitPro/libnds/lib\libnds9.a(biosCalls.o)
 .ARM.attributes
                0x000003a8       0x21 D:/devkitPro/libnds/lib\libnds9.a(swiSoftReset.o)
 .ARM.attributes
                0x000003c9       0x14 D:/devkitPro/libnds/lib\libnds9.a(default_font.bin.o)
 .ARM.attributes
                0x000003dd       0x2b D:/devkitPro/libnds/lib\libnds9.a(background.o)
 .ARM.attributes
                0x00000408       0x2b D:/devkitPro/libnds/lib\libnds9.a(dynamicArray.o)
 .ARM.attributes
                0x00000433       0x2b D:/devkitPro/libnds/lib\libnds9.a(trig.o)
 .ARM.attributes
                0x0000045e       0x2b D:/devkitPro/libnds/lib\libnds9.a(video.o)
 .ARM.attributes
                0x00000489       0x2b D:/devkitPro/libnds/lib\libnds9.a(system.o)
 .ARM.attributes
                0x000004b4       0x1c D:/devkitPro/devkitARM/bin/../lib/gcc/arm-none-eabi/13.2.0/thumb\libgcc.a(_arm_mulsf3.o)
 .ARM.attributes
                0x000004d0       0x1c D:/devkitPro/devkitARM/bin/../lib/gcc/arm-none-eabi/13.2.0/thumb\libgcc.a(_divsi3.o)
 .ARM.attributes
                0x000004ec       0x1c D:/devkitPro/devkitARM/bin/../lib/gcc/arm-none-eabi/13.2.0/thumb\libgcc.a(_dvmd_tls.o)
 .ARM.attributes
                0x00000508       0x1c D:/devkitPro/devkitARM/bin/../lib/gcc/arm-none-eabi/13.2.0/thumb\libgcc.a(_arm_addsubdf3.o)
 .ARM.attributes
                0x00000524       0x1c D:/devkitPro/devkitARM/bin/../lib/gcc/arm-none-eabi/13.2.0/thumb\libgcc.a(_arm_addsubsf3.o)
 .ARM.attributes
                0x00000540       0x1c D:/devkitPro/devkitARM/bin/../lib/gcc/arm-none-eabi/13.2.0/thumb\libgcc.a(_arm_cmpsf2.o)
 .ARM.attributes
                0x0000055c       0x1c D:/devkitPro/devkitARM/bin/../lib/gcc/arm-none-eabi/13.2.0/thumb\libgcc.a(_arm_fixsfsi.o)
 .ARM.attributes
                0x00000578       0x2a D:/devkitPro/devkitARM/bin/../lib/gcc/arm-none-eabi/13.2.0/thumb\libgcc.a(_muldi3.o)
 .ARM.attributes
                0x000005a2       0x2a D:/devkitPro/devkitARM/bin/../lib/gcc/arm-none-eabi/13.2.0/../../../../arm-none-eabi/lib/thumb\libg.a(libc_a-calloc.o)
 .ARM.attributes
                0x000005cc       0x2a D:/devkitPro/devkitARM/bin/../lib/gcc/arm-none-eabi/13.2.0/../../../../arm-none-eabi/lib/thumb\libg.a(libc_a-siscanf.o)
 .ARM.attributes
                0x000005f6       0x2a D:/devkitPro/devkitARM/bin/../lib/gcc/arm-none-eabi/13.2.0/../../../../arm-none-eabi/lib/thumb\libg.a(libc_a-stdio.o)
 .ARM.attributes
                0x00000620       0x2a D:/devkitPro/devkitARM/bin/../lib/gcc/arm-none-eabi/13.2.0/../../../../arm-none-eabi/lib/thumb\libg.a(libc_a-callocr.o)
 .ARM.attributes
                0x0000064a       0x2a D:/devkitPro/devkitARM/bin/../lib/gcc/arm-none-eabi/13.2.0/../../../../arm-none-eabi/lib/thumb\libg.a(libc_a-realloc.o)
 .ARM.attributes
                0x00000674       0x2a D:/devkitPro/devkitARM/bin/../lib/gcc/arm-none-eabi/13.2.0/../../../../arm-none-eabi/lib/thumb\libg.a(libc_a-mallocr.o)
 .ARM.attributes
                0x0000069e       0x2a D:/devkitPro/devkitARM/bin/../lib/gcc/arm-none-eabi/13.2.0/../../../../arm-none-eabi/lib/thumb\libg.a(libc_a-freer.o)
 .ARM.attributes
                0x000006c8       0x2a D:/devkitPro/devkitARM/bin/../lib/gcc/arm-none-eabi/13.2.0/../../../../arm-none-eabi/lib/thumb\libg.a(libc_a-setvbuf.o)
 .ARM.attributes
                0x000006f2       0x2a D:/devkitPro/devkitARM/bin/../lib/gcc/arm-none-eabi/13.2.0/../../../../arm-none-eabi/lib/thumb\libg.a(libc_a-errno.o)
 .ARM.attributes
                0x0000071c       0x2a D:/devkitPro/devkitARM/bin/../lib/gcc/arm-none-eabi/13.2.0/../../../../arm-none-eabi/lib/thumb\libg.a(libc_a-malloc.o)
 .ARM.attributes
                0x00000746       0x2a D:/devkitPro/devkitARM/bin/../lib/gcc/arm-none-eabi/13.2.0/../../../../arm-none-eabi/lib/thumb\libg.a(libc_a-memcpy-stub.o)
 .ARM.attributes
                0x00000770       0x2a D:/devkitPro/devkitARM/bin/../lib/gcc/arm-none-eabi/13.2.0/../../../../arm-none-eabi/lib/thumb\libg.a(libc_a-memset.o)
 .ARM.attributes
                0x0000079a       0x2a D:/devkitPro/devkitARM/bin/../lib/gcc/arm-none-eabi/13.2.0/../../../../arm-none-eabi/lib/thumb\libg.a(libc_a-reallocr.o)
 .ARM.attributes
                0x000007c4       0x2a D:/devkitPro/devkitARM/bin/../lib/gcc/arm-none-eabi/13.2.0/../../../../arm-none-eabi/lib/thumb\libg.a(libc_a-mlock.o)
 .ARM.attributes
                0x000007ee       0x2a D:/devkitPro/devkitARM/bin/../lib/gcc/arm-none-eabi/13.2.0/../../../../arm-none-eabi/lib/thumb\libg.a(libc_a-iprintf.o)
 .ARM.attributes
                0x00000818       0x2a D:/devkitPro/devkitARM/bin/../lib/gcc/arm-none-eabi/13.2.0/../../../../arm-none-eabi/lib/thumb\libg.a(libc_a-init.o)
 .ARM.attributes
                0x00000842       0x2a D:/devkitPro/devkitARM/bin/../lib/gcc/arm-none-eabi/13.2.0/../../../../arm-none-eabi/lib/thumb\libg.a(libc_a-fflush.o)
 .ARM.attributes
                0x0000086c       0x2a D:/devkitPro/devkitARM/bin/../lib/gcc/arm-none-eabi/13.2.0/../../../../arm-none-eabi/lib/thumb\libg.a(libc_a-strlen-stub.o)
 .ARM.attributes
                0x00000896       0x2a D:/devkitPro/devkitARM/bin/../lib/gcc/arm-none-eabi/13.2.0/../../../../arm-none-eabi/lib/thumb\libg.a(libc_a-memmove.o)
 .ARM.attributes
                0x000008c0       0x2a D:/devkitPro/devkitARM/bin/../lib/gcc/arm-none-eabi/13.2.0/../../../../arm-none-eabi/lib/thumb\libg.a(libc_a-impure.o)
 .ARM.attributes
                0x000008ea       0x2a D:/devkitPro/devkitARM/bin/../lib/gcc/arm-none-eabi/13.2.0/../../../../arm-none-eabi/lib/thumb\libg.a(libc_a-vfiprintf.o)
 .ARM.attributes
                0x00000914       0x2a D:/devkitPro/devkitARM/bin/../lib/gcc/arm-none-eabi/13.2.0/../../../../arm-none-eabi/lib/thumb\libg.a(libc_a-memchr-stub.o)
 .ARM.attributes
                0x0000093e       0x2a D:/devkitPro/devkitARM/bin/../lib/gcc/arm-none-eabi/13.2.0/../../../../arm-none-eabi/lib/thumb\libg.a(libc_a-svfiscanf.o)
 .ARM.attributes
                0x00000968       0x2a D:/devkitPro/devkitARM/bin/../lib/gcc/arm-none-eabi/13.2.0/../../../../arm-none-eabi/lib/thumb\libg.a(libc_a-strtoul.o)
 .ARM.attributes
                0x00000992       0x2a D:/devkitPro/devkitARM/bin/../lib/gcc/arm-none-eabi/13.2.0/../../../../arm-none-eabi/lib/thumb\libg.a(libc_a-sprint_r.o)
 .ARM.attributes
                0x000009bc       0x2a D:/devkitPro/devkitARM/bin/../lib/gcc/arm-none-eabi/13.2.0/../../../../arm-none-eabi/lib/thumb\libg.a(libc_a-iswspace.o)
 .ARM.attributes
                0x000009e6       0x2a D:/devkitPro/devkitARM/bin/../lib/gcc/arm-none-eabi/13.2.0/../../../../arm-none-eabi/lib/thumb\libg.a(libc_a-sccl.o)
 .ARM.attributes
                0x00000a10       0x2a D:/devkitPro/devkitARM/bin/../lib/gcc/arm-none-eabi/13.2.0/../../../../arm-none-eabi/lib/thumb\libg.a(libc_a-localeconv.o)
 .ARM.attributes
                0x00000a3a       0x2a D:/devkitPro/devkitARM/bin/../lib/gcc/arm-none-eabi/13.2.0/../../../../arm-none-eabi/lib/thumb\libg.a(libc_a-makebuf.o)
 .ARM.attributes
                0x00000a64       0x2a D:/devkitPro/devkitARM/bin/../lib/gcc/arm-none-eabi/13.2.0/../../../../arm-none-eabi/lib/thumb\libg.a(libc_a-findfp.o)
 .ARM.attributes
                0x00000a8e       0x2a D:/devkitPro/devkitARM/bin/../lib/gcc/arm-none-eabi/13.2.0/../../../../arm-none-eabi/lib/thumb\libg.a(libc_a-wcrtomb.o)
 .ARM.attributes
                0x00000ab8       0x2a D:/devkitPro/devkitARM/bin/../lib/gcc/arm-none-eabi/13.2.0/../../../../arm-none-eabi/lib/thumb\libg.a(libc_a-strtol.o)
 .ARM.attributes
                0x00000ae2       0x2a D:/devkitPro/devkitARM/bin/../lib/gcc/arm-none-eabi/13.2.0/../../../../arm-none-eabi/lib/thumb\libg.a(libc_a-ctype_.o)
 .ARM.attributes
                0x00000b0c       0x2a D:/devkitPro/devkitARM/bin/../lib/gcc/arm-none-eabi/13.2.0/../../../../arm-none-eabi/lib/thumb\libg.a(libc_a-fwalk.o)
 .ARM.attributes
                0x00000b36       0x2a D:/devkitPro/devkitARM/bin/../lib/gcc/arm-none-eabi/13.2.0/../../../../arm-none-eabi/lib/thumb\libg.a(libc_a-strncpy.o)
 .ARM.attributes
                0x00000b60       0x2a D:/devkitPro/devkitARM/bin/../lib/gcc/arm-none-eabi/13.2.0/../../../../arm-none-eabi/lib/thumb\libg.a(libc_a-strtoull.o)
 .ARM.attributes
                0x00000b8a       0x2a D:/devkitPro/devkitARM/bin/../lib/gcc/arm-none-eabi/13.2.0/../../../../arm-none-eabi/lib/thumb\libg.a(libc_a-wcsrtombs.o)
 .ARM.attributes
                0x00000bb4       0x2a D:/devkitPro/devkitARM/bin/../lib/gcc/arm-none-eabi/13.2.0/../../../../arm-none-eabi/lib/thumb\libg.a(libc_a-svfiprintf.o)
 .ARM.attributes
                0x00000bde       0x2a D:/devkitPro/devkitARM/bin/../lib/gcc/arm-none-eabi/13.2.0/../../../../arm-none-eabi/lib/thumb\libg.a(libc_a-mbrtowc.o)
 .ARM.attributes
                0x00000c08       0x2a D:/devkitPro/devkitARM/bin/../lib/gcc/arm-none-eabi/13.2.0/../../../../arm-none-eabi/lib/thumb\libg.a(libc_a-wsetup.o)
 .ARM.attributes
                0x00000c32       0x2a D:/devkitPro/devkitARM/bin/../lib/gcc/arm-none-eabi/13.2.0/../../../../arm-none-eabi/lib/thumb\libg.a(libc_a-ungetc.o)
 .ARM.attributes
                0x00000c5c       0x2a D:/devkitPro/devkitARM/bin/../lib/gcc/arm-none-eabi/13.2.0/../../../../arm-none-eabi/lib/thumb\libg.a(libc_a-iswspace_l.o)
 .ARM.attributes
                0x00000c86       0x2a D:/devkitPro/devkitARM/bin/../lib/gcc/arm-none-eabi/13.2.0/../../../../arm-none-eabi/lib/thumb\libg.a(libc_a-fvwrite.o)
 .ARM.attributes
                0x00000cb0       0x2a D:/devkitPro/devkitARM/bin/../lib/gcc/arm-none-eabi/13.2.0/../../../../arm-none-eabi/lib/thumb\libg.a(libc_a-strtoll.o)
 .ARM.attributes
                0x00000cda       0x2a D:/devkitPro/devkitARM/bin/../lib/gcc/arm-none-eabi/13.2.0/../../../../arm-none-eabi/lib/thumb\libg.a(libc_a-locale.o)
 .ARM.attributes
                0x00000d04       0x2a D:/devkitPro/devkitARM/bin/../lib/gcc/arm-none-eabi/13.2.0/../../../../arm-none-eabi/lib/thumb\libg.a(libc_a-wcsnrtombs.o)
 .ARM.attributes
                0x00000d2e       0x2a D:/devkitPro/devkitARM/bin/../lib/gcc/arm-none-eabi/13.2.0/../../../../arm-none-eabi/lib/thumb\libg.a(libc_a-mbtowc_r.o)
 .ARM.attributes
                0x00000d58       0x2a D:/devkitPro/devkitARM/bin/../lib/gcc/arm-none-eabi/13.2.0/../../../../arm-none-eabi/lib/thumb\libg.a(libc_a-fclose.o)
 .ARM.attributes
                0x00000d82       0x2a D:/devkitPro/devkitARM/bin/../lib/gcc/arm-none-eabi/13.2.0/../../../../arm-none-eabi/lib/thumb\libg.a(libc_a-categories.o)
 .ARM.attributes
                0x00000dac       0x2a D:/devkitPro/devkitARM/bin/../lib/gcc/arm-none-eabi/13.2.0/../../../../arm-none-eabi/lib/thumb\libg.a(libc_a-wctomb_r.o)
 .ARM.attributes
                0x00000dd6       0x2a D:/devkitPro/devkitARM/bin/../lib/gcc/arm-none-eabi/13.2.0/../../../../arm-none-eabi/lib/thumb\libsysbase.a(libsysbase_libsysbase_a-build_argv.o)
 .ARM.attributes
                0x00000e00       0x2a D:/devkitPro/devkitARM/bin/../lib/gcc/arm-none-eabi/13.2.0/../../../../arm-none-eabi/lib/thumb\libsysbase.a(libsysbase_libsysbase_a-fstat.o)
 .ARM.attributes
                0x00000e2a       0x2a D:/devkitPro/devkitARM/bin/../lib/gcc/arm-none-eabi/13.2.0/../../../../arm-none-eabi/lib/thumb\libsysbase.a(libsysbase_libsysbase_a-getreent.o)
 .ARM.attributes
                0x00000e54       0x2a D:/devkitPro/devkitARM/bin/../lib/gcc/arm-none-eabi/13.2.0/../../../../arm-none-eabi/lib/thumb\libsysbase.a(libsysbase_libsysbase_a-handle_manager.o)
 .ARM.attributes
                0x00000e7e       0x2a D:/devkitPro/devkitARM/bin/../lib/gcc/arm-none-eabi/13.2.0/../../../../arm-none-eabi/lib/thumb\libsysbase.a(libsysbase_libsysbase_a-iosupport.o)
 .ARM.attributes
                0x00000ea8       0x2a D:/devkitPro/devkitARM/bin/../lib/gcc/arm-none-eabi/13.2.0/../../../../arm-none-eabi/lib/thumb\libsysbase.a(libsysbase_libsysbase_a-isatty.o)
 .ARM.attributes
                0x00000ed2       0x2a D:/devkitPro/devkitARM/bin/../lib/gcc/arm-none-eabi/13.2.0/../../../../arm-none-eabi/lib/thumb\libsysbase.a(libsysbase_libsysbase_a-lseek.o)
 .ARM.attributes
                0x00000efc       0x2a D:/devkitPro/devkitARM/bin/../lib/gcc/arm-none-eabi/13.2.0/../../../../arm-none-eabi/lib/thumb\libsysbase.a(libsysbase_libsysbase_a-malloc_vars.o)
 .ARM.attributes
                0x00000f26       0x2a D:/devkitPro/devkitARM/bin/../lib/gcc/arm-none-eabi/13.2.0/../../../../arm-none-eabi/lib/thumb\libsysbase.a(libsysbase_libsysbase_a-read.o)
 .ARM.attributes
                0x00000f50       0x2a D:/devkitPro/devkitARM/bin/../lib/gcc/arm-none-eabi/13.2.0/../../../../arm-none-eabi/lib/thumb\libsysbase.a(libsysbase_libsysbase_a-sbrk.o)
 .ARM.attributes
                0x00000f7a       0x2a D:/devkitPro/devkitARM/bin/../lib/gcc/arm-none-eabi/13.2.0/../../../../arm-none-eabi/lib/thumb\libsysbase.a(libsysbase_libsysbase_a-syscall_support.o)
 .ARM.attributes
                0x00000fa4       0x2a D:/devkitPro/devkitARM/bin/../lib/gcc/arm-none-eabi/13.2.0/../../../../arm-none-eabi/lib/thumb\libsysbase.a(libsysbase_libsysbase_a-write.o)
 .ARM.attributes
                0x00000fce       0x1c D:/devkitPro/devkitARM/bin/../lib/gcc/arm-none-eabi/13.2.0/thumb\libgcc.a(_thumb1_case_uqi.o)
 .ARM.attributes
                0x00000fea       0x1c D:/devkitPro/devkitARM/bin/../lib/gcc/arm-none-eabi/13.2.0/thumb\libgcc.a(_thumb1_case_uhi.o)
 .ARM.attributes
                0x00001006       0x1c D:/devkitPro/devkitARM/bin/../lib/gcc/arm-none-eabi/13.2.0/thumb\libgcc.a(_udivsi3.o)
 .ARM.attributes
                0x00001022       0x1c D:/devkitPro/devkitARM/bin/../lib/gcc/arm-none-eabi/13.2.0/thumb\libgcc.a(_aeabi_uldivmod.o)
 .ARM.attributes
                0x0000103e       0x2a D:/devkitPro/devkitARM/bin/../lib/gcc/arm-none-eabi/13.2.0/thumb\libgcc.a(_udivmoddi4.o)
 .ARM.attributes
                0x00001068       0x1c D:/devkitPro/devkitARM/bin/../lib/gcc/arm-none-eabi/13.2.0/thumb\libgcc.a(_clzdi2.o)
 .ARM.attributes
                0x00001084       0x1c D:/devkitPro/devkitARM/bin/../lib/gcc/arm-none-eabi/13.2.0/thumb\libgcc.a(_clzsi2.o)
 .ARM.attributes
                0x000010a0       0x2a D:/devkitPro/devkitARM/bin/../lib/gcc/arm-none-eabi/13.2.0/thumb/crtend.o
 .ARM.attributes
                0x000010ca       0x1c D:/devkitPro/devkitARM/bin/../lib/gcc/arm-none-eabi/13.2.0/thumb/crtn.o

.debug
 *(.debug)

.line
 *(.line)

.debug_srcinfo
 *(.debug_srcinfo)

.debug_sfnames
 *(.debug_sfnames)

.debug_aranges  0x00000000      0x7f8
 *(.debug_aranges)
 .debug_aranges
                0x00000000       0x20 cameraO.o
 .debug_aranges
                0x00000020       0x20 cursorO.o
 .debug_aranges
                0x00000040       0x28 main.o
 .debug_aranges
                0x00000068       0x20 mapO.o
 .debug_aranges
                0x00000088       0x20 playerO.o
 .debug_aranges
                0x000000a8       0x80 D:/devkitPro/libnds/lib\libnds9.a(console.o)
 .debug_aranges
                0x00000128       0xc8 D:/devkitPro/libnds/lib\libnds9.a(gl2d.o)
 .debug_aranges
                0x000001f0      0x140 D:/devkitPro/libnds/lib\libnds9.a(videoGL.o)
 .debug_aranges
                0x00000330       0x50 D:/devkitPro/libnds/lib\libnds9.a(keys.o)
 .debug_aranges
                0x00000380       0x30 D:/devkitPro/libnds/lib\libnds9.a(initSystem.o)
 .debug_aranges
                0x000003b0       0x18 D:/devkitPro/libnds/lib\libnds9.a(securearea.o)
 .debug_aranges
                0x000003c8       0x50 D:/devkitPro/libnds/lib\libnds9.a(interrupts.o)
 .debug_aranges
                0x00000418       0x28 D:/devkitPro/libnds/lib\libnds9.a(libnds_exit.arm.o)
 .debug_aranges
                0x00000440       0xb0 D:/devkitPro/libnds/lib\libnds9.a(fifosystem.o)
 .debug_aranges
                0x000004f0       0x30 D:/devkitPro/libnds/lib\libnds9.a(mpu_setup.o)
 .debug_aranges
                0x00000520       0x28 D:/devkitPro/libnds/lib\libnds9.a(IntrWait.o)
 .debug_aranges
                0x00000548       0x20 D:/devkitPro/libnds/lib\libnds9.a(cpu_clock.o)
 .debug_aranges
                0x00000568       0x20 D:/devkitPro/libnds/lib\libnds9.a(interruptDispatcher.o)
 .debug_aranges
                0x00000588       0xc8 D:/devkitPro/libnds/lib\libnds9.a(biosCalls.o)
 .debug_aranges