Archive member included to satisfy reference by file (symbol)

D:/devkitPro/libnds/lib\libnds9.a(console.o)
                              main.o (consoleDemoInit)
D:/devkitPro/libnds/lib\libnds9.a(gl2d.o)
                              main.o (glScreen2D)
D:/devkitPro/libnds/lib\libnds9.a(videoGL.o)
                              D:/devkitPro/libnds/lib\libnds9.a(gl2d.o) (glMaterialf)
D:/devkitPro/libnds/lib\libnds9.a(keys.o)
                              main.o (scanKeys)
D:/devkitPro/libnds/lib\libnds9.a(initSystem.o)
                              D:/devkitPro/devkitARM/bin/../lib/gcc/arm-none-eabi/13.2.0/../../../../arm-none-eabi/lib/thumb/ds_arm9_crt0.o (initSystem)
D:/devkitPro/libnds/lib\libnds9.a(securearea.o)
                              D:/devkitPro/devkitARM/bin/../lib/gcc/arm-none-eabi/13.2.0/../../../../arm-none-eabi/lib/thumb/ds_arm9_crt0.o (__secure_area__)
D:/devkitPro/libnds/lib\libnds9.a(interrupts.o)
                              D:/devkitPro/libnds/lib\libnds9.a(initSystem.o) (irqInit)
D:/devkitPro/libnds/lib\libnds9.a(libnds_exit.arm.o)
                              D:/devkitPro/devkitARM/bin/../lib/gcc/arm-none-eabi/13.2.0/../../../../arm-none-eabi/lib/thumb/ds_arm9_crt0.o (__libnds_exit)
D:/devkitPro/libnds/lib\libnds9.a(fifosystem.o)
                              D:/devkitPro/libnds/lib\libnds9.a(initSystem.o) (fifoSetValue32Handler)
D:/devkitPro/libnds/lib\libnds9.a(mpu_setup.o)
                              D:/devkitPro/devkitARM/bin/../lib/gcc/arm-none-eabi/13.2.0/../../../../arm-none-eabi/lib/thumb/ds_arm9_crt0.o (__libnds_mpu_setup)
D:/devkitPro/libnds/lib\libnds9.a(IntrWait.o)
                              main.o (swiWaitForVBlank)
D:/devkitPro/libnds/lib\libnds9.a(cpu_clock.o)
                              D:/devkitPro/libnds/lib\libnds9.a(initSystem.o) (setCpuClock)
D:/devkitPro/libnds/lib\libnds9.a(interruptDispatcher.o)
                              D:/devkitPro/libnds/lib\libnds9.a(interrupts.o) (IntrMain)
D:/devkitPro/libnds/lib\libnds9.a(biosCalls.o)
                              D:/devkitPro/libnds/lib\libnds9.a(videoGL.o) (swiCopy)
D:/devkitPro/libnds/lib\libnds9.a(debugprint.o)
                              D:/devkitPro/libnds/lib\libnds9.a(console.o) (nocashWrite)
D:/devkitPro/libnds/lib\libnds9.a(swiSoftReset.o)
                              D:/devkitPro/libnds/lib\libnds9.a(fifosystem.o) (swiSoftReset)
D:/devkitPro/libnds/lib\libnds9.a(default_font.bin.o)
                              D:/devkitPro/libnds/lib\libnds9.a(console.o) (default_font_bin)
D:/devkitPro/libnds/lib\libnds9.a(background.o)
                              D:/devkitPro/libnds/lib\libnds9.a(console.o) (bgState)
D:/devkitPro/libnds/lib\libnds9.a(dynamicArray.o)
                              D:/devkitPro/libnds/lib\libnds9.a(videoGL.o) (DynamicArrayInit)
D:/devkitPro/libnds/lib\libnds9.a(trig.o)
                              D:/devkitPro/libnds/lib\libnds9.a(gl2d.o) (sinLerp)
D:/devkitPro/libnds/lib\libnds9.a(video.o)
                              D:/devkitPro/libnds/lib\libnds9.a(videoGL.o) (vramSetBanks_EFG)
D:/devkitPro/libnds/lib\libnds9.a(system.o)
                              D:/devkitPro/libnds/lib\libnds9.a(initSystem.o) (systemValueHandler)
D:/devkitPro/devkitARM/bin/../lib/gcc/arm-none-eabi/13.2.0/thumb\libgcc.a(_arm_mulsf3.o)
                              main.o (__aeabi_fmul)
D:/devkitPro/devkitARM/bin/../lib/gcc/arm-none-eabi/13.2.0/thumb\libgcc.a(_divsi3.o)
                              D:/devkitPro/libnds/lib\libnds9.a(gl2d.o) (__aeabi_idiv)
D:/devkitPro/devkitARM/bin/../lib/gcc/arm-none-eabi/13.2.0/thumb\libgcc.a(_dvmd_tls.o)
                              D:/devkitPro/devkitARM/bin/../lib/gcc/arm-none-eabi/13.2.0/thumb\libgcc.a(_divsi3.o) (__aeabi_idiv0)
D:/devkitPro/devkitARM/bin/../lib/gcc/arm-none-eabi/13.2.0/thumb\libgcc.a(_arm_addsubdf3.o)
                              main.o (__aeabi_f2d)
D:/devkitPro/devkitARM/bin/../lib/gcc/arm-none-eabi/13.2.0/thumb\libgcc.a(_arm_addsubsf3.o)
                              main.o (__aeabi_fadd)
D:/devkitPro/devkitARM/bin/../lib/gcc/arm-none-eabi/13.2.0/thumb\libgcc.a(_arm_cmpsf2.o)
                              main.o (__aeabi_fcmpgt)
D:/devkitPro/devkitARM/bin/../lib/gcc/arm-none-eabi/13.2.0/thumb\libgcc.a(_arm_fixsfsi.o)
                              main.o (__aeabi_f2iz)
D:/devkitPro/devkitARM/bin/../lib/gcc/arm-none-eabi/13.2.0/thumb\libgcc.a(_muldi3.o)
                              D:/devkitPro/libnds/lib\libnds9.a(gl2d.o) (__aeabi_lmul)
D:/devkitPro/devkitARM/bin/../lib/gcc/arm-none-eabi/13.2.0/../../../../arm-none-eabi/lib/thumb\libg.a(libc_a-bsearch.o)
                              D:/devkitPro/libnds/lib\libnds9.a(trig.o) (bsearch)
D:/devkitPro/devkitARM/bin/../lib/gcc/arm-none-eabi/13.2.0/../../../../arm-none-eabi/lib/thumb\libg.a(libc_a-calloc.o)
                              D:/devkitPro/libnds/lib\libnds9.a(videoGL.o) (calloc)
[...]
Memory Configuration

Name             Origin             Length             Attributes
ewram            0x02000000         0x00380000
dtcm             0x02ff0000         0x00004000
vectors          0x01000000         0x00000100
itcm             0x01000100         0x00007f00
*default*        0x00000000         0xffffffff

Linker script and memory map

                0x02380000                        __ewram_end = (ORIGIN (ewram) + LENGTH (ewram))
                0x02380000                        __eheap_end = (ORIGIN (ewram) + LENGTH (ewram))
                0x02ff4000                        __dtcm_top = (ORIGIN (dtcm) + LENGTH (dtcm))
                0x02ff3ff8                        __irq_flags = (__dtcm_top - 0x8)
                0x02ff3ffc                        __irq_vector = (__dtcm_top - 0x4)
                0x02ff3f00                        __sp_svc = (__dtcm_top - 0x100)
                0x02ff3e00                        __sp_irq = (__sp_svc - 0x100)
                0x02ff3d00                        __sp_usr = (__sp_irq - 0x100)

.secure         0x02000000      0x800
 *(.secure)
 .secure        0x02000000      0x800 D:/devkitPro/libnds/lib\libnds9.a(securearea.o)
                0x02000000                __secure_area__

.crt0           0x02000800      0x300
                0x02000800                        __text_start = .
 *(.crt0)
 .crt0          0x02000800      0x300 D:/devkitPro/devkitARM/bin/../lib/gcc/arm-none-eabi/13.2.0/../../../../arm-none-eabi/lib/thumb/ds_arm9_crt0.o
                0x02000800                _start
                0x02000b00                        . = ALIGN (0x4)

.plt
 *(.plt)

.init           0x02000b00        0xc
 *(SORT_NONE(.init))
 .init          0x02000b00        0x4 D:/devkitPro/devkitARM/bin/../lib/gcc/arm-none-eabi/13.2.0/thumb/crti.o
                0x02000b00                _init
 .init          0x02000b04        0x8 D:/devkitPro/devkitARM/bin/../lib/gcc/arm-none-eabi/13.2.0/thumb/crtn.o

.text           0x02000b10     0xb970
 *(EXCLUDE_FILE(*.twl* *.vectors* *.itcm*) .text)
 .text          0x02000b10      0x284 main.o
                0x02000b10                DetectHorizontalCollision
                0x02000b74                DetectVerticalCollision
                0x02000bf0                DetectPlayerCollision
                0x02000c38                AnimatePlayerT
                0x02000c98                DrawCursor
                0x02000cb0                DrawMap
                0x02000d04                CameraUpdate
                0x02000d58                InitMap
 .text          0x02000d94      0x198 D:/devkitPro/devkitARM/bin/../lib/gcc/arm-none-eabi/13.2.0/thumb\libgcc.a(_arm_mulsf3.o)
                0x02000d94                __aeabi_fmul
                0x02000d94                __mulsf3
 .text          0x02000f2c      0x150 D:/devkitPro/devkitARM/bin/../lib/gcc/arm-none-eabi/13.2.0/thumb\libgcc.a(_divsi3.o)
                0x02000f2c                __divsi3
                0x02000f2c                __aeabi_idiv
                0x0200105c                __aeabi_idivmod
 .text          0x0200107c        0x4 D:/devkitPro/devkitARM/bin/../lib/gcc/arm-none-eabi/13.2.0/thumb\libgcc.a(_dvmd_tls.o)
                0x0200107c                __aeabi_idiv0
                0x0200107c                __aeabi_ldiv0
 .text          0x02001080      0x424 D:/devkitPro/devkitARM/bin/../lib/gcc/arm-none-eabi/13.2.0/thumb\libgcc.a(_arm_addsubdf3.o)
                0x02001080                __aeabi_drsub
                0x02001088                __aeabi_dsub
                0x02001088                __subdf3
                0x0200108c                __aeabi_dadd
                0x0200108c                __adddf3
                0x0200139c                __floatunsidf
                0x0200139c                __aeabi_ui2d
                0x020013c0                __floatsidf
                0x020013c0                __aeabi_i2d
                0x020013e8                __aeabi_f2d
                0x020013e8                __extendsfdf2
                0x02001430                __floatundidf
                0x02001430                __aeabi_ul2d
                0x02001444                __floatdidf
                0x02001444                __aeabi_l2d
 .text          0x020014a4      0x2ac D:/devkitPro/devkitARM/bin/../lib/gcc/arm-none-eabi/13.2.0/thumb\libgcc.a(_arm_addsubsf3.o)
                0x020014a4                __aeabi_frsub
                0x020014ac                __subsf3
                0x020014ac                __aeabi_fsub
                0x020014b0                __aeabi_fadd
                0x020014b0                __addsf3
                0x0200166c                __aeabi_ui2f
                0x0200166c                __floatunsisf
                0x02001674                __aeabi_i2f
                0x02001674                __floatsisf
                0x02001694                __aeabi_ul2f
                0x02001694                __floatundisf
                0x020016a4                __aeabi_l2f
                0x020016a4                __floatdisf
 .text          0x02001750      0x114 D:/devkitPro/devkitARM/bin/../lib/gcc/arm-none-eabi/13.2.0/thumb\libgcc.a(_arm_cmpsf2.o)
                0x02001750                __gesf2
                0x02001750                __gtsf2
                0x02001758                __lesf2
                0x02001758                __ltsf2
                0x02001760                __nesf2
                0x02001760                __eqsf2
                0x02001760                __cmpsf2
                0x020017c4                __aeabi_cfrcmple
                0x020017d4                __aeabi_cfcmpeq
                0x020017d4                __aeabi_cfcmple
                0x020017ec                __aeabi_fcmpeq
                0x02001804                __aeabi_fcmplt
                0x0200181c                __aeabi_fcmple
                0x02001834                __aeabi_fcmpge
                0x0200184c                __aeabi_fcmpgt
 .text          0x02001864       0x5c D:/devkitPro/devkitARM/bin/../lib/gcc/arm-none-eabi/13.2.0/thumb\libgcc.a(_arm_fixsfsi.o)
                0x02001864                __aeabi_f2iz
                0x02001864                __fixsfsi
 .text          0x020018c0       0x14 D:/devkitPro/devkitARM/bin/../lib/gcc/arm-none-eabi/13.2.0/thumb\libgcc.a(_thumb1_case_uqi.o)
                0x020018c0                __gnu_thumb1_case_uqi
 .text          0x020018d4       0x14 D:/devkitPro/devkitARM/bin/../lib/gcc/arm-none-eabi/13.2.0/thumb\libgcc.a(_thumb1_case_uhi.o)
                0x020018d4                __gnu_thumb1_case_uhi
 .text          0x020018e8      0x11c D:/devkitPro/devkitARM/bin/../lib/gcc/arm-none-eabi/13.2.0/thumb\libgcc.a(_udivsi3.o)
                0x020018e8                __aeabi_uidiv
                0x020018e8                __udivsi3
                0x020019e4                __aeabi_uidivmod
 .text          0x02001a04       0x3c D:/devkitPro/devkitARM/bin/../lib/gcc/arm-none-eabi/13.2.0/thumb\libgcc.a(_aeabi_uldivmod.o)
                0x02001a04                __aeabi_uldivmod
 .text          0x02001a40       0x28 D:/devkitPro/devkitARM/bin/../lib/gcc/arm-none-eabi/13.2.0/thumb\libgcc.a(_clzdi2.o)
                0x02001a40                __clzdi2
 .text          0x02001a68       0x48 D:/devkitPro/devkitARM/bin/../lib/gcc/arm-none-eabi/13.2.0/thumb\libgcc.a(_clzsi2.o)
                0x02001a68                __clzsi2
 *(EXCLUDE_FILE(*.twl* *.vectors* *.itcm*) .stub)
 *(EXCLUDE_FILE(*.twl* *.vectors* *.itcm*) .text.*)
 .text.__do_global_dtors_aux
                0x02001ab0       0x2c D:/devkitPro/devkitARM/bin/../lib/gcc/arm-none-eabi/13.2.0/thumb/crtbegin.o
 .text.frame_dummy
                0x02001adc       0x24 D:/devkitPro/devkitARM/bin/../lib/gcc/arm-none-eabi/13.2.0/thumb/crtbegin.o
 .text.startup  0x02001b00      0x34c main.o
                0x02001b00                main
 .text.newRow   0x02001e4c       0xa8 D:/devkitPro/libnds/lib\libnds9.a(console.o)
 .text.consolePrintChar
                0x02001ef4       0xe0 D:/devkitPro/libnds/lib\libnds9.a(console.o)
                0x02001ef4                consolePrintChar
 .text.con_write
                0x02001fd4      0x36c D:/devkitPro/libnds/lib\libnds9.a(console.o)
                0x02001fd4                con_write
 .text.consoleLoadFont
                0x02002340      0x2a0 D:/devkitPro/libnds/lib\libnds9.a(console.o)
                0x02002340                consoleLoadFont
 .text.consoleInit
                0x020025e0      0x18c D:/devkitPro/libnds/lib\libnds9.a(console.o)
                0x020025e0                consoleInit
 .text.consoleDemoInit
                0x0200276c       0x40 D:/devkitPro/libnds/lib\libnds9.a(console.o)
                0x0200276c                consoleDemoInit
 .text.SetOrtho
                0x020027ac      0x184 D:/devkitPro/libnds/lib\libnds9.a(gl2d.o)
                0x020027ac                SetOrtho
 .text.glScreen2D
                0x02002930      0x540 D:/devkitPro/libnds/lib\libnds9.a(gl2d.o)
                0x02002930                glScreen2D
 .text.glBegin2D
                0x02002e70       0x84 D:/devkitPro/libnds/lib\libnds9.a(gl2d.o)
                0x02002e70                glBegin2D
 .text.glEnd2D  0x02002ef4       0x1c D:/devkitPro/libnds/lib\libnds9.a(gl2d.o)
                0x02002ef4                glEnd2D
 .text.glSprite
                0x02002f10      0x108 D:/devkitPro/libnds/lib\libnds9.a(gl2d.o)
                0x02002f10                glSprite
 .text.glSpriteRotate
                0x02003018      0x174 D:/devkitPro/libnds/lib\libnds9.a(gl2d.o)
                0x02003018                glSpriteRotate
 .text.glLoadSpriteSet
                0x0200318c       0x84 D:/devkitPro/libnds/lib\libnds9.a(gl2d.o)
                0x0200318c                glLoadSpriteSet
 .text.glLoadTileSet
                0x02003210       0xd0 D:/devkitPro/libnds/lib\libnds9.a(gl2d.o)
                0x02003210                glLoadTileSet
 .text.vramBlock__deallocateBlock.part.0
                0x020032e0      0x190 D:/devkitPro/libnds/lib\libnds9.a(videoGL.o)
 .text.glMaterialf
                0x02003470       0x7c D:/devkitPro/libnds/lib\libnds9.a(videoGL.o)
                0x02003470                glMaterialf
 .text.vramBlock_init
                0x020034ec       0x5c D:/devkitPro/libnds/lib\libnds9.a(videoGL.o)
                0x020034ec                vramBlock_init
 .text.vramBlock__allocateBlock
                0x02003548      0x178 D:/devkitPro/libnds/lib\libnds9.a(videoGL.o)
                0x02003548                vramBlock__allocateBlock
 .text.vramBlock_examineSpecial
                0x020036c0      0x238 D:/devkitPro/libnds/lib\libnds9.a(videoGL.o)
                0x020036c0                vramBlock_examineSpecial
 .text.vramBlock_allocateSpecial
                0x020038f8       0x6c D:/devkitPro/libnds/lib\libnds9.a(videoGL.o)
                0x020038f8                vramBlock_allocateSpecial
 .text.vramBlock_allocateBlock
                0x02003964       0x30 D:/devkitPro/libnds/lib\libnds9.a(videoGL.o)
                0x02003964                vramBlock_allocateBlock
 .text.vramBlock_deallocateBlock
                0x02003994       0x48 D:/devkitPro/libnds/lib\libnds9.a(videoGL.o)
                0x02003994                vramBlock_deallocateBlock
 .text.removePaletteFromTexture.part.0
                0x020039dc       0x68 D:/devkitPro/libnds/lib\libnds9.a(videoGL.o)
 .text.glInit_C
                0x02003a44      0x1cc D:/devkitPro/libnds/lib\libnds9.a(videoGL.o)
                0x02003a44                glInit_C
 .text.glGenTextures
                0x02003c10       0x80 D:/devkitPro/libnds/lib\libnds9.a(videoGL.o)
                0x02003c10                glGenTextures
 .text.vramGetBank
                0x02003c90       0xb8 D:/devkitPro/libnds/lib\libnds9.a(videoGL.o)
                0x02003c90                vramGetBank
 .text.glBindTexture
                0x02003d48       0x60 D:/devkitPro/libnds/lib\libnds9.a(videoGL.o)
                0x02003d48                glBindTexture
 .text.glColorTableEXT
                0x02003da8      0x1d8 D:/devkitPro/libnds/lib\libnds9.a(videoGL.o)
                0x02003da8                glColorTableEXT
 .text.glTexImage2D
                0x02003f80      0x40c D:/devkitPro/libnds/lib\libnds9.a(videoGL.o)
                0x02003f80                glTexImage2D
 .text.scanKeys
                0x0200438c       0x8c D:/devkitPro/libnds/lib\libnds9.a(keys.o)
                0x0200438c                scanKeys
 .text.keysHeld
                0x02004418        0xc D:/devkitPro/libnds/lib\libnds9.a(keys.o)
                0x02004418                keysHeld
 .text.keysDown
                0x02004424       0x14 D:/devkitPro/libnds/lib\libnds9.a(keys.o)
                0x02004424                keysDown
 .text.initSystem
                0x02004438      0x180 D:/devkitPro/libnds/lib\libnds9.a(initSystem.o)
                0x02004438                initSystem
 .text.irqDummy
                0x020045b8        0x4 D:/devkitPro/libnds/lib\libnds9.a(interrupts.o)
                0x020045b8                irqDummy
 .text.irqSet   0x020045bc       0x6c D:/devkitPro/libnds/lib\libnds9.a(interrupts.o)
                0x020045bc                irqSet
 .text.irqInit  0x02004628       0x50 D:/devkitPro/libnds/lib\libnds9.a(interrupts.o)
                0x02004628                irqInit
 .text.irqEnable
                0x02004678       0x64 D:/devkitPro/libnds/lib\libnds9.a(interrupts.o)
                0x02004678                irqEnable
 .text.systemErrorExit
                0x020046dc        0x4 D:/devkitPro/libnds/lib\libnds9.a(libnds_exit.arm.o)
                0x020046dc                systemErrorExit
 .text.__libnds_exit
                0x020046e0       0x5c D:/devkitPro/libnds/lib\libnds9.a(libnds_exit.arm.o)
                0x020046e0                __libnds_exit
 .text.fifo_queueBlock
                0x0200473c       0x44 D:/devkitPro/libnds/lib\libnds9.a(fifosystem.o)
 .text.fifo_waitBlock
                0x02004780       0x80 D:/devkitPro/libnds/lib\libnds9.a(fifosystem.o)
 .text.fifoInternalSend.part.0
                0x02004800       0xd4 D:/devkitPro/libnds/lib\libnds9.a(fifosystem.o)
 .text.fifoInternalSendInterrupt
                0x020048d4       0xb0 D:/devkitPro/libnds/lib\libnds9.a(fifosystem.o)
 .text.fifoSetValue32Handler
                0x02004984       0xd4 D:/devkitPro/libnds/lib\libnds9.a(fifosystem.o)
                0x02004984                fifoSetValue32Handler
 .text.fifoSendValue32
                0x02004a58       0x4c D:/devkitPro/libnds/lib\libnds9.a(fifosystem.o)
                0x02004a58                fifoSendValue32
 .text.fifoGetDatamsg
                0x02004aa4       0xf4 D:/devkitPro/libnds/lib\libnds9.a(fifosystem.o)
                0x02004aa4                fifoGetDatamsg
 .text.fifoInternalRecvInterrupt
                0x02004b98      0x37c D:/devkitPro/libnds/lib\libnds9.a(fifosystem.o)
 .text.fifoSetDatamsgHandler
                0x02004f14       0x9c D:/devkitPro/libnds/lib\libnds9.a(fifosystem.o)
                0x02004f14                fifoSetDatamsgHandler
 .text.fifoInit
                0x02004fb0      0x108 D:/devkitPro/libnds/lib\libnds9.a(fifosystem.o)
                0x02004fb0                fifoInit
 .text.__libnds_mpu_setup
                0x020050b8      0x174 D:/devkitPro/libnds/lib\libnds9.a(mpu_setup.o)
                0x020050b8                __libnds_mpu_setup
 .text.memUncached
                0x0200522c       0x20 D:/devkitPro/libnds/lib\libnds9.a(mpu_setup.o)
                0x0200522c                memUncached
 .text.swiWaitForVBlank
                0x0200524c        0x8 D:/devkitPro/libnds/lib\libnds9.a(IntrWait.o)
                0x0200524c                swiWaitForVBlank
 .text.swiIntrWait
                0x02005254       0x70 D:/devkitPro/libnds/lib\libnds9.a(IntrWait.o)
                0x02005254                swiIntrWait
 .text.setCpuClock
                0x020052c4       0x50 D:/devkitPro/libnds/lib\libnds9.a(cpu_clock.o)
                0x020052c4                setCpuClock
 .text.swiDelay
                0x02005314        0x4 D:/devkitPro/libnds/lib\libnds9.a(biosCalls.o)
                0x02005314                swiDelay
 .text.swiCopy  0x02005318        0x4 D:/devkitPro/libnds/lib\libnds9.a(biosCalls.o)
                0x02005318                swiCopy
 .text.swiSoftReset
                0x0200531c       0x2c D:/devkitPro/libnds/lib\libnds9.a(swiSoftReset.o)
                0x0200531c                swiSoftReset
 .text.checkIfText
                0x02005348       0x5c D:/devkitPro/libnds/lib\libnds9.a(background.o)
                0x02005348                checkIfText
 .text.bgUpdate
                0x020053a4       0xf4 D:/devkitPro/libnds/lib\libnds9.a(background.o)
                0x020053a4                bgUpdate
 .text.bgInit_call
                0x02005498       0xc4 D:/devkitPro/libnds/lib\libnds9.a(background.o)
                0x02005498                bgInit_call
 .text.bgInitSub_call
                0x0200555c       0xcc D:/devkitPro/libnds/lib\libnds9.a(background.o)
                0x0200555c                bgInitSub_call
 .text.DynamicArrayInit
                0x02005628       0x18 D:/devkitPro/libnds/lib\libnds9.a(dynamicArray.o)
                0x02005628                DynamicArrayInit
 .text.DynamicArrayGet
                0x02005640       0x18 D:/devkitPro/libnds/lib\libnds9.a(dynamicArray.o)
                0x02005640                DynamicArrayGet
 .text.DynamicArraySet
                0x02005658       0x48 D:/devkitPro/libnds/lib\libnds9.a(dynamicArray.o)
                0x02005658                DynamicArraySet
 .text.sinLutLookup
                0x020056a0       0x4c D:/devkitPro/libnds/lib\libnds9.a(trig.o)
                0x020056a0                sinLutLookup
 .text.sinLerp  0x020056ec       0x40 D:/devkitPro/libnds/lib\libnds9.a(trig.o)
                0x020056ec                sinLerp
 .text.cosLerp  0x0200572c       0x4c D:/devkitPro/libnds/lib\libnds9.a(trig.o)
                0x0200572c                cosLerp
 .text.tanLerp  0x02005778       0xb0 D:/devkitPro/libnds/lib\libnds9.a(trig.o)
                0x02005778                tanLerp
 .text.vramRestorePrimaryBanks
                0x02005828        0xc D:/devkitPro/libnds/lib\libnds9.a(video.o)
                0x02005828                vramRestorePrimaryBanks
 .text.vramRestoreBanks_EFG
                0x02005834        0xc D:/devkitPro/libnds/lib\libnds9.a(video.o)
                0x02005834                vramRestoreBanks_EFG
 .text.vramDefault
                0x02005840       0xd0 D:/devkitPro/libnds/lib\libnds9.a(video.o)
                0x02005840                vramDefault
 .text.systemValueHandler
                0x02005910       0x48 D:/devkitPro/libnds/lib\libnds9.a(system.o)
                0x02005910                systemValueHandler
 .text.systemMsgHandler
                0x02005958       0x60 D:/devkitPro/libnds/lib\libnds9.a(system.o)
                0x02005958                systemMsgHandler
 .text.powerOn  0x020059b8       0x2c D:/devkitPro/libnds/lib\libnds9.a(system.o)
                0x020059b8                powerOn
 .text.__muldi3
                0x020059e4       0x64 D:/devkitPro/devkitARM/bin/../lib/gcc/arm-none-eabi/13.2.0/thumb\libgcc.a(_muldi3.o)
                0x020059e4                __muldi3
                0x020059e4                __aeabi_lmul
 .text.calloc   0x02005a48       0x18 D:/devkitPro/devkitARM/bin/../lib/gcc/arm-none-eabi/13.2.0/../../../../arm-none-eabi/lib/thumb\libg.a(libc_a-calloc.o)
                0x02005a48                calloc
 .text.siscanf  0x02005a60       0x50 D:/devkitPro/devkitARM/bin/../lib/gcc/arm-none-eabi/13.2.0/../../../../arm-none-eabi/lib/thumb\libg.a(libc_a-siscanf.o)
                0x02005a60                siscanf
 .text.__sread  0x02005ab0       0x34 D:/devkitPro/devkitARM/bin/../lib/gcc/arm-none-eabi/13.2.0/../../../../arm-none-eabi/lib/thumb\libg.a(libc_a-stdio.o)
                0x02005ab0                __sread
 .text.__seofread
                0x02005ae4        0x4 D:/devkitPro/devkitARM/bin/../lib/gcc/arm-none-eabi/13.2.0/../../../../arm-none-eabi/lib/thumb\libg.a(libc_a-stdio.o)
                0x02005ae4                __seofread
 .text.__swrite
                0x02005ae8       0x4c D:/devkitPro/devkitARM/bin/../lib/gcc/arm-none-eabi/13.2.0/../../../../arm-none-eabi/lib/thumb\libg.a(libc_a-stdio.o)
                0x02005ae8                __swrite
 .text.__sseek  0x02005b34       0x44 D:/devkitPro/devkitARM/bin/../lib/gcc/arm-none-eabi/13.2.0/../../../../arm-none-eabi/lib/thumb\libg.a(libc_a-stdio.o)
                0x02005b34                __sseek
 .text.__sclose
                0x02005b78       0x10 D:/devkitPro/devkitARM/bin/../lib/gcc/arm-none-eabi/13.2.0/../../../../arm-none-eabi/lib/thumb\libg.a(libc_a-stdio.o)
                0x02005b78                __sclose
 .text._calloc_r
                0x02005b88       0xb8 D:/devkitPro/devkitARM/bin/../lib/gcc/arm-none-eabi/13.2.0/../../../../arm-none-eabi/lib/thumb\libg.a(libc_a-callocr.o)
                0x02005b88                _calloc_r
 .text.realloc  0x02005c40       0x18 D:/devkitPro/devkitARM/bin/../lib/gcc/arm-none-eabi/13.2.0/../../../../arm-none-eabi/lib/thumb\libg.a(libc_a-realloc.o)
                0x02005c40                realloc
 .text._malloc_r
                0x02005c58      0x558 D:/devkitPro/devkitARM/bin/../lib/gcc/arm-none-eabi/13.2.0/../../../../arm-none-eabi/lib/thumb\libg.a(libc_a-mallocr.o)
                0x02005c58                _malloc_r
 .text._malloc_trim_r
                0x020061b0       0xac D:/devkitPro/devkitARM/bin/../lib/gcc/arm-none-eabi/13.2.0/../../../../arm-none-eabi/lib/thumb\libg.a(libc_a-freer.o)
                0x020061b0                _malloc_trim_r
 .text._free_r  0x0200625c      0x1d8 D:/devkitPro/devkitARM/bin/../lib/gcc/arm-none-eabi/13.2.0/../../../../arm-none-eabi/lib/thumb\libg.a(libc_a-freer.o)
                0x0200625c                _free_r
 .text.setvbuf  0x02006434      0x1a4 D:/devkitPro/devkitARM/bin/../lib/gcc/arm-none-eabi/13.2.0/../../../../arm-none-eabi/lib/thumb\libg.a(libc_a-setvbuf.o)
                0x02006434                setvbuf
 .text.__errno  0x020065d8        0xc D:/devkitPro/devkitARM/bin/../lib/gcc/arm-none-eabi/13.2.0/../../../../arm-none-eabi/lib/thumb\libg.a(libc_a-errno.o)
                0x020065d8                __errno
 .text.malloc   0x020065e4       0x14 D:/devkitPro/devkitARM/bin/../lib/gcc/arm-none-eabi/13.2.0/../../../../arm-none-eabi/lib/thumb\libg.a(libc_a-malloc.o)
                0x020065e4                malloc
 .text.free     0x020065f8       0x14 D:/devkitPro/devkitARM/bin/../lib/gcc/arm-none-eabi/13.2.0/../../../../arm-none-eabi/lib/thumb\libg.a(libc_a-malloc.o)
                0x020065f8                free
 .text.memcpy   0x0200660c       0x90 D:/devkitPro/devkitARM/bin/../lib/gcc/arm-none-eabi/13.2.0/../../../../arm-none-eabi/lib/thumb\libg.a(libc_a-memcpy-stub.o)
                0x0200660c                memcpy
 .text.memset   0x0200669c       0xb0 D:/devkitPro/devkitARM/bin/../lib/gcc/arm-none-eabi/13.2.0/../../../../arm-none-eabi/lib/thumb\libg.a(libc_a-memset.o)
                0x0200669c                memset
 .text._realloc_r
                0x0200674c      0x384 D:/devkitPro/devkitARM/bin/../lib/gcc/arm-none-eabi/13.2.0/../../../../arm-none-eabi/lib/thumb\libg.a(libc_a-reallocr.o)
                0x0200674c                _realloc_r
 .text.__malloc_lock
                0x02006ad0       0x14 D:/devkitPro/devkitARM/bin/../lib/gcc/arm-none-eabi/13.2.0/../../../../arm-none-eabi/lib/thumb\libg.a(libc_a-mlock.o)
                0x02006ad0                __malloc_lock
 .text.__malloc_unlock
                0x02006ae4       0x14 D:/devkitPro/devkitARM/bin/../lib/gcc/arm-none-eabi/13.2.0/../../../../arm-none-eabi/lib/thumb\libg.a(libc_a-mlock.o)
                0x02006ae4                __malloc_unlock
 .text.iprintf  0x02006af8       0x24 D:/devkitPro/devkitARM/bin/../lib/gcc/arm-none-eabi/13.2.0/../../../../arm-none-eabi/lib/thumb\libg.a(libc_a-iprintf.o)
                0x02006af8                iprintf
 .text.__libc_init_array
                0x02006b1c       0x54 D:/devkitPro/devkitARM/bin/../lib/gcc/arm-none-eabi/13.2.0/../../../../arm-none-eabi/lib/thumb\libg.a(libc_a-init.o)
                0x02006b1c                __libc_init_array
 .text.__sflush_r
                0x02006b70      0x188 D:/devkitPro/devkitARM/bin/../lib/gcc/arm-none-eabi/13.2.0/../../../../arm-none-eabi/lib/thumb\libg.a(libc_a-fflush.o)
                0x02006b70                __sflush_r
 .text._fflush_r
                0x02006cf8       0x70 D:/devkitPro/devkitARM/bin/../lib/gcc/arm-none-eabi/13.2.0/../../../../arm-none-eabi/lib/thumb\libg.a(libc_a-fflush.o)
                0x02006cf8                _fflush_r
 .text.strlen   0x02006d68       0x60 D:/devkitPro/devkitARM/bin/../lib/gcc/arm-none-eabi/13.2.0/../../../../arm-none-eabi/lib/thumb\libg.a(libc_a-strlen-stub.o)
                0x02006d68                strlen
 .text.memmove  0x02006dc8       0xbc D:/devkitPro/devkitARM/bin/../lib/gcc/arm-none-eabi/13.2.0/../../../../arm-none-eabi/lib/thumb\libg.a(libc_a-memmove.o)
                0x02006dc8                memmove
 .text.get_arg  0x02006e84      0x434 D:/devkitPro/devkitARM/bin/../lib/gcc/arm-none-eabi/13.2.0/../../../../arm-none-eabi/lib/thumb\libg.a(libc_a-vfiprintf.o)
 .text._vfiprintf_r
                0x020072b8     0x17bc D:/devkitPro/devkitARM/bin/../lib/gcc/arm-none-eabi/13.2.0/../../../../arm-none-eabi/lib/thumb\libg.a(libc_a-vfiprintf.o)
                0x020072b8                _vfiprintf_r
 .text.__sbprintf
                0x02008a74       0x7c D:/devkitPro/devkitARM/bin/../lib/gcc/arm-none-eabi/13.2.0/../../../../arm-none-eabi/lib/thumb\libg.a(libc_a-vfiprintf.o)
 .text.memchr   0x02008af0       0x78 D:/devkitPro/devkitARM/bin/../lib/gcc/arm-none-eabi/13.2.0/../../../../arm-none-eabi/lib/thumb\libg.a(libc_a-memchr-stub.o)
                0x02008af0                memchr
 .text.get_arg  0x02008b68       0x3e D:/devkitPro/devkitARM/bin/../lib/gcc/arm-none-eabi/13.2.0/../../../../arm-none-eabi/lib/thumb\libg.a(libc_a-svfiscanf.o)
 .text._sungetc_r
                0x02008ba6       0x7e D:/devkitPro/devkitARM/bin/../lib/gcc/arm-none-eabi/13.2.0/../../../../arm-none-eabi/lib/thumb\libg.a(libc_a-svfiscanf.o)
                0x02008ba6                _sungetc_r
 .text.__ssrefill_r
                0x02008c24       0x42 D:/devkitPro/devkitARM/bin/../lib/gcc/arm-none-eabi/13.2.0/../../../../arm-none-eabi/lib/thumb\libg.a(libc_a-svfiscanf.o)
                0x02008c24                __ssrefill_r
 .text._sfread_r
                0x02008c66       0x88 D:/devkitPro/devkitARM/bin/../lib/gcc/arm-none-eabi/13.2.0/../../../../arm-none-eabi/lib/thumb\libg.a(libc_a-svfiscanf.o)
                0x02008c66                _sfread_r
 *fill*         0x02008cee        0x2 ff
 .text.__ssvfiscanf_r
                0x02008cf0     0x1ac4 D:/devkitPro/devkitARM/bin/../lib/gcc/arm-none-eabi/13.2.0/../../../../arm-none-eabi/lib/thumb\libg.a(libc_a-svfiscanf.o)
                0x02008cf0                __ssvfiscanf_r
 .text._strtoul_l.isra.0
                0x0200a7b4      0x144 D:/devkitPro/devkitARM/bin/../lib/gcc/arm-none-eabi/13.2.0/../../../../arm-none-eabi/lib/thumb\libg.a(libc_a-strtoul.o)
 .text._strtoul_r
                0x0200a8f8       0x20 D:/devkitPro/devkitARM/bin/../lib/gcc/arm-none-eabi/13.2.0/../../../../arm-none-eabi/lib/thumb\libg.a(libc_a-strtoul.o)
                0x0200a8f8                _strtoul_r
 .text.__sprint_r
                0x0200a918       0x24 D:/devkitPro/devkitARM/bin/../lib/gcc/arm-none-eabi/13.2.0/../../../../arm-none-eabi/lib/thumb\libg.a(libc_a-sprint_r.o)
                0x0200a918                __sprint_r
 .text.iswspace
                0x0200a93c       0x10 D:/devkitPro/devkitARM/bin/../lib/gcc/arm-none-eabi/13.2.0/../../../../arm-none-eabi/lib/thumb\libg.a(libc_a-iswspace.o)
                0x0200a93c                iswspace
 .text.__sccl   0x0200a94c       0xa0 D:/devkitPro/devkitARM/bin/../lib/gcc/arm-none-eabi/13.2.0/../../../../arm-none-eabi/lib/thumb\libg.a(libc_a-sccl.o)
                0x0200a94c                __sccl
 .text._localeconv_r
                0x0200a9ec       0x1c D:/devkitPro/devkitARM/bin/../lib/gcc/arm-none-eabi/13.2.0/../../../../arm-none-eabi/lib/thumb\libg.a(libc_a-localeconv.o)
                0x0200a9ec                _localeconv_r
 .text.__smakebuf_r
                0x0200aa08       0xe8 D:/devkitPro/devkitARM/bin/../lib/gcc/arm-none-eabi/13.2.0/../../../../arm-none-eabi/lib/thumb\libg.a(libc_a-makebuf.o)
                0x0200aa08                __smakebuf_r
 .text.__swhatbuf_r
                0x0200aaf0       0x5c D:/devkitPro/devkitARM/bin/../lib/gcc/arm-none-eabi/13.2.0/../../../../arm-none-eabi/lib/thumb\libg.a(libc_a-makebuf.o)
                0x0200aaf0                __swhatbuf_r
 .text.stdio_exit_handler
                0x0200ab4c       0x20 D:/devkitPro/devkitARM/bin/../lib/gcc/arm-none-eabi/13.2.0/../../../../arm-none-eabi/lib/thumb\libg.a(libc_a-findfp.o)
 .text.cleanup_stdio
                0x0200ab6c       0x40 D:/devkitPro/devkitARM/bin/../lib/gcc/arm-none-eabi/13.2.0/../../../../arm-none-eabi/lib/thumb\libg.a(libc_a-findfp.o)
 .text.global_stdio_init.part.0
                0x0200abac      0x128 D:/devkitPro/devkitARM/bin/../lib/gcc/arm-none-eabi/13.2.0/../../../../arm-none-eabi/lib/thumb\libg.a(libc_a-findfp.o)
 .text.__sinit  0x0200acd4       0x3c D:/devkitPro/devkitARM/bin/../lib/gcc/arm-none-eabi/13.2.0/../../../../arm-none-eabi/lib/thumb\libg.a(libc_a-findfp.o)
                0x0200acd4                __sinit
 .text.__sfp_lock_acquire
                0x0200ad10       0x14 D:/devkitPro/devkitARM/bin/../lib/gcc/arm-none-eabi/13.2.0/../../../../arm-none-eabi/lib/thumb\libg.a(libc_a-findfp.o)
                0x0200ad10                __sfp_lock_acquire
 .text.__sfp_lock_release
                0x0200ad24       0x14 D:/devkitPro/devkitARM/bin/../lib/gcc/arm-none-eabi/13.2.0/../../../../arm-none-eabi/lib/thumb\libg.a(libc_a-findfp.o)
                0x0200ad24                __sfp_lock_release
 .text._wcrtomb_r
                0x0200ad38       0x84 D:/devkitPro/devkitARM/bin/../lib/gcc/arm-none-eabi/13.2.0/../../../../arm-none-eabi/lib/thumb\libg.a(libc_a-wcrtomb.o)
                0x0200ad38                _wcrtomb_r
 .text._strtol_l.part.0
                0x0200adbc      0x13c D:/devkitPro/devkitARM/bin/../lib/gcc/arm-none-eabi/13.2.0/../../../../arm-none-eabi/lib/thumb\libg.a(libc_a-strtol.o)
 .text._strtol_r
                0x0200aef8       0x34 D:/devkitPro/devkitARM/bin/../lib/gcc/arm-none-eabi/13.2.0/../../../../arm-none-eabi/lib/thumb\libg.a(libc_a-strtol.o)
                0x0200aef8                _strtol_r
 .text._fwalk_sglue
                0x0200af2c       0x4c D:/devkitPro/devkitARM/bin/../lib/gcc/arm-none-eabi/13.2.0/../../../../arm-none-eabi/lib/thumb\libg.a(libc_a-fwalk.o)
                0x0200af2c                _fwalk_sglue
 .text.strncpy  0x0200af78       0x68 D:/devkitPro/devkitARM/bin/../lib/gcc/arm-none-eabi/13.2.0/../../../../arm-none-eabi/lib/thumb\libg.a(libc_a-strncpy.o)
                0x0200af78                strncpy
 .text._strtoull_l.isra.0
                0x0200afe0      0x1c4 D:/devkitPro/devkitARM/bin/../lib/gcc/arm-none-eabi/13.2.0/../../../../arm-none-eabi/lib/thumb\libg.a(libc_a-strtoull.o)
 .text._strtoull_r
                0x0200b1a4       0x20 D:/devkitPro/devkitARM/bin/../lib/gcc/arm-none-eabi/13.2.0/../../../../arm-none-eabi/lib/thumb\libg.a(libc_a-strtoull.o)
                0x0200b1a4                _strtoull_r
 .text._wcsrtombs_r
                0x0200b1c4       0x1c D:/devkitPro/devkitARM/bin/../lib/gcc/arm-none-eabi/13.2.0/../../../../arm-none-eabi/lib/thumb\libg.a(libc_a-wcsrtombs.o)
                0x0200b1c4                _wcsrtombs_r
 .text._mbrtowc_r
                0x0200b1e0       0x90 D:/devkitPro/devkitARM/bin/../lib/gcc/arm-none-eabi/13.2.0/../../../../arm-none-eabi/lib/thumb\libg.a(libc_a-mbrtowc.o)
                0x0200b1e0                _mbrtowc_r
 .text.__swsetup_r
                0x0200b270       0xcc D:/devkitPro/devkitARM/bin/../lib/gcc/arm-none-eabi/13.2.0/../../../../arm-none-eabi/lib/thumb\libg.a(libc_a-wsetup.o)
                0x0200b270                __swsetup_r
 .text.__submore
                0x0200b33c       0x88 D:/devkitPro/devkitARM/bin/../lib/gcc/arm-none-eabi/13.2.0/../../../../arm-none-eabi/lib/thumb\libg.a(libc_a-ungetc.o)
                0x0200b33c                __submore
 .text.iswspace_l
                0x0200b3c4       0x28 D:/devkitPro/devkitARM/bin/../lib/gcc/arm-none-eabi/13.2.0/../../../../arm-none-eabi/lib/thumb\libg.a(libc_a-iswspace_l.o)
                0x0200b3c4                iswspace_l
 .text.__sfvwrite_r
                0x0200b3ec      0x330 D:/devkitPro/devkitARM/bin/../lib/gcc/arm-none-eabi/13.2.0/../../../../arm-none-eabi/lib/thumb\libg.a(libc_a-fvwrite.o)
                0x0200b3ec                __sfvwrite_r
 .text._strtoll_l.isra.0
                0x0200b71c      0x19c D:/devkitPro/devkitARM/bin/../lib/gcc/arm-none-eabi/13.2.0/../../../../arm-none-eabi/lib/thumb\libg.a(libc_a-strtoll.o)
 .text._strtoll_r
                0x0200b8b8       0x20 D:/devkitPro/devkitARM/bin/../lib/gcc/arm-none-eabi/13.2.0/../../../../arm-none-eabi/lib/thumb\libg.a(libc_a-strtoll.o)
                0x0200b8b8                _strtoll_r
 .text.__locale_mb_cur_max
                0x0200b8d8       0x20 D:/devkitPro/devkitARM/bin/../lib/gcc/arm-none-eabi/13.2.0/../../../../arm-none-eabi/lib/thumb\libg.a(libc_a-locale.o)
                0x0200b8d8                __locale_mb_cur_max
 .text._wcsnrtombs_l
                0x0200b8f8      0x11c D:/devkitPro/devkitARM/bin/../lib/gcc/arm-none-eabi/13.2.0/../../../../arm-none-eabi/lib/thumb\libg.a(libc_a-wcsnrtombs.o)
                0x0200b8f8                _wcsnrtombs_l
 .text._wcsnrtombs_r
                0x0200ba14       0x40 D:/devkitPro/devkitARM/bin/../lib/gcc/arm-none-eabi/13.2.0/../../../../arm-none-eabi/lib/thumb\libg.a(libc_a-wcsnrtombs.o)
                0x0200ba14                _wcsnrtombs_r
 .text.__utf8_mbtowc
                0x0200ba54      0x27c D:/devkitPro/devkitARM/bin/../lib/gcc/arm-none-eabi/13.2.0/../../../../arm-none-eabi/lib/thumb\libg.a(libc_a-mbtowc_r.o)
                0x0200ba54                __utf8_mbtowc
 .text._fclose_r
                0x0200bcd0       0xd8 D:/devkitPro/devkitARM/bin/../lib/gcc/arm-none-eabi/13.2.0/../../../../arm-none-eabi/lib/thumb\libg.a(libc_a-fclose.o)
                0x0200bcd0                _fclose_r
 .text.category
                0x0200bda8       0x58 D:/devkitPro/devkitARM/bin/../lib/gcc/arm-none-eabi/13.2.0/../../../../arm-none-eabi/lib/thumb\libg.a(libc_a-categories.o)
                0x0200bda8                category
 .text.__utf8_wctomb
                0x0200be00       0xb4 D:/devkitPro/devkitARM/bin/../lib/gcc/arm-none-eabi/13.2.0/../../../../arm-none-eabi/lib/thumb\libg.a(libc_a-wctomb_r.o)
                0x0200be00                __utf8_wctomb
 .text.build_argv
                0x0200beb4       0x54 D:/devkitPro/devkitARM/bin/../lib/gcc/arm-none-eabi/13.2.0/../../../../arm-none-eabi/lib/thumb\libsysbase.a(libsysbase_libsysbase_a-build_argv.o)
                0x0200beb4                build_argv
 .text._fstat_r
                0x0200bf08       0x4c D:/devkitPro/devkitARM/bin/../lib/gcc/arm-none-eabi/13.2.0/../../../../arm-none-eabi/lib/thumb\libsysbase.a(libsysbase_libsysbase_a-fstat.o)
                0x0200bf08                _fstat_r
 .text.__getreent
                0x0200bf54       0x20 D:/devkitPro/devkitARM/bin/../lib/gcc/arm-none-eabi/13.2.0/../../../../arm-none-eabi/lib/thumb\libsysbase.a(libsysbase_libsysbase_a-getreent.o)
                0x0200bf54                __getreent
 .text.__get_handle
                0x0200bf74       0x34 D:/devkitPro/devkitARM/bin/../lib/gcc/arm-none-eabi/13.2.0/../../../../arm-none-eabi/lib/thumb\libsysbase.a(libsysbase_libsysbase_a-handle_manager.o)
                0x0200bf74                __get_handle
 .text._close_r
                0x0200bfa8       0xb8 D:/devkitPro/devkitARM/bin/../lib/gcc/arm-none-eabi/13.2.0/../../../../arm-none-eabi/lib/thumb\libsysbase.a(libsysbase_libsysbase_a-handle_manager.o)
                0x0200bfa8                _close_r
 .text.null_write
                0x0200c060        0x4 D:/devkitPro/devkitARM/bin/../lib/gcc/arm-none-eabi/13.2.0/../../../../arm-none-eabi/lib/thumb\libsysbase.a(libsysbase_libsysbase_a-iosupport.o)
 .text._isatty_r
                0x0200c064        0x4 D:/devkitPro/devkitARM/bin/../lib/gcc/arm-none-eabi/13.2.0/../../../../arm-none-eabi/lib/thumb\libsysbase.a(libsysbase_libsysbase_a-isatty.o)
                0x0200c064                _isatty_r
 .text._lseek_r
                0x0200c068       0x5c D:/devkitPro/devkitARM/bin/../lib/gcc/arm-none-eabi/13.2.0/../../../../arm-none-eabi/lib/thumb\libsysbase.a(libsysbase_libsysbase_a-lseek.o)
                0x0200c068                _lseek_r
 .text._read_r  0x0200c0c4       0x50 D:/devkitPro/devkitARM/bin/../lib/gcc/arm-none-eabi/13.2.0/../../../../arm-none-eabi/lib/thumb\libsysbase.a(libsysbase_libsysbase_a-read.o)
                0x0200c0c4                _read_r
 .text._sbrk_r  0x0200c114       0x54 D:/devkitPro/devkitARM/bin/../lib/gcc/arm-none-eabi/13.2.0/../../../../arm-none-eabi/lib/thumb\libsysbase.a(libsysbase_libsysbase_a-sbrk.o)
                0x0200c114                _sbrk_r
 .text.__libc_lock_acquire
                0x0200c168       0x18 D:/devkitPro/devkitARM/bin/../lib/gcc/arm-none-eabi/13.2.0/../../../../arm-none-eabi/lib/thumb\libsysbase.a(libsysbase_libsysbase_a-syscall_support.o)
                0x0200c168                __libc_lock_acquire
 .text.__libc_lock_release
                0x0200c180       0x18 D:/devkitPro/devkitARM/bin/../lib/gcc/arm-none-eabi/13.2.0/../../../../arm-none-eabi/lib/thumb\libsysbase.a(libsysbase_libsysbase_a-syscall_support.o)
                0x0200c180                __libc_lock_release
 .text.__libc_lock_acquire_recursive
                0x0200c198       0x18 D:/devkitPro/devkitARM/bin/../lib/gcc/arm-none-eabi/13.2.0/../../../../arm-none-eabi/lib/thumb\libsysbase.a(libsysbase_libsysbase_a-syscall_support.o)
                0x0200c198                __libc_lock_acquire_recursive
 .text.__libc_lock_release_recursive
                0x0200c1b0       0x18 D:/devkitPro/devkitARM/bin/../lib/gcc/arm-none-eabi/13.2.0/../../../../arm-none-eabi/lib/thumb\libsysbase.a(libsysbase_libsysbase_a-syscall_support.o)
                0x0200c1b0                __libc_lock_release_recursive
 .text._write_r
                0x0200c1c8       0x50 D:/devkitPro/devkitARM/bin/../lib/gcc/arm-none-eabi/13.2.0/../../../../arm-none-eabi/lib/thumb\libsysbase.a(libsysbase_libsysbase_a-write.o)
                0x0200c1c8                _write_r
 .text.__udivmoddi4
                0x0200c218      0x19c D:/devkitPro/devkitARM/bin/../lib/gcc/arm-none-eabi/13.2.0/thumb\libgcc.a(_udivmoddi4.o)
                0x0200c218                __udivmoddi4
 *fill*         0x0200c3b4        0x4 ff
 .text.__udivmoddi4.__stub
                0x0200c3b8       0xb8 linker stubs
 *(EXCLUDE_FILE(*.twl*) .gnu.warning)
 *(EXCLUDE_FILE(*.twl*) .gnu.linkonce.t*)
 *(.glue_7)
 .glue_7        0x0200c480        0x0 linker stubs
 *(.glue_7t)
 .glue_7t       0x0200c480        0x0 linker stubs
                0x0200c480                        . = ALIGN (0x4)

.vfp11_veneer   0x0200c480        0x0
 .vfp11_veneer  0x0200c480        0x0 linker stubs

.v4_bx          0x0200c480        0x0
 .v4_bx         0x0200c480        0x0 linker stubs

.iplt           0x0200c480        0x0
 .iplt          0x0200c480        0x0 D:/devkitPro/devkitARM/bin/../lib/gcc/arm-none-eabi/13.2.0/../../../../arm-none-eabi/lib/thumb/ds_arm9_crt0.o

.fini           0x0200c480        0xc
 *(.fini)
 .fini          0x0200c480        0x4 D:/devkitPro/devkitARM/bin/../lib/gcc/arm-none-eabi/13.2.0/thumb/crti.o
                0x0200c480                _fini
 .fini          0x0200c484        0x8 D:/devkitPro/devkitARM/bin/../lib/gcc/arm-none-eabi/13.2.0/thumb/crtn.o
                0x0200c48c                        __text_end = .

.rodata         0x0200c48c    0x1a804
 *(EXCLUDE_FILE(*.twl*) .rodata)
 .rodata        0x0200c48c      0x300 cursor.o
                0x0200c48c                cursorBitmap
                0x0200c58c                cursorPal
 .rodata        0x0200c78c     0x4200 player.o
                0x0200c78c                playerBitmap
                0x0201078c                playerPal
 .rodata        0x0201098c    0x10200 tiles.o
                0x0201098c                tilesBitmap
                0x0202098c                tilesPal
 .rodata        0x02020b8c      0x134 main.o
                0x02020b8c                player_texcoords
                0x02020cbc                TILESIZE
 .rodata        0x02020cc0       0x24 D:/devkitPro/libnds/lib\libnds9.a(videoGL.o)
 *all.rodata*(*)
 *(EXCLUDE_FILE(*.twl*) .roda)
 *(EXCLUDE_FILE(*.twl*) .rodata.*)
 .rodata.str1.4
                0x02020ce4      0x174 main.o
                                 0xe0 (size before relaxing)
 .rodata.con_write.str1.4
                0x02020e58       0x30 D:/devkitPro/libnds/lib\libnds9.a(console.o)
 .rodata.con_write
                0x02020e58       0xd4 D:/devkitPro/libnds/lib\libnds9.a(console.o)
 .rodata.str1.4
                0x02020f2c       0x14 D:/devkitPro/libnds/lib\libnds9.a(console.o)
 .rodata.dotab_stdout
                0x02020f2c       0x70 D:/devkitPro/libnds/lib\libnds9.a(console.o)
 .rodata.glMaterialf
                0x02020f9c       0x44 D:/devkitPro/libnds/lib\libnds9.a(videoGL.o)
 .rodata.default_font_bin
                0x02020fe0     0x2000 D:/devkitPro/libnds/lib\libnds9.a(default_font.bin.o)
                0x02020fe0                default_font_bin
                0x02022fe0                default_font_bin_end
 .rodata.SIN_LUT
                0x02022fe0      0x102 D:/devkitPro/libnds/lib\libnds9.a(trig.o)
                0x02022fe0                SIN_LUT
 *fill*         0x020230e2        0x2 ff
 .rodata.TAN_LUT
                0x020230e4      0x204 D:/devkitPro/libnds/lib\libnds9.a(trig.o)
                0x020230e4                TAN_LUT
 .rodata._vfiprintf_r.str1.1
                0x020232e8       0x29 D:/devkitPro/devkitARM/bin/../lib/gcc/arm-none-eabi/13.2.0/../../../../arm-none-eabi/lib/thumb\libg.a(libc_a-vfiprintf.o)
 *fill*         0x02023311        0x3 ff
 .rodata.zeroes.0
                0x02023314       0x10 D:/devkitPro/devkitARM/bin/../lib/gcc/arm-none-eabi/13.2.0/../../../../arm-none-eabi/lib/thumb\libg.a(libc_a-vfiprintf.o)
 .rodata.blanks.1
                0x02023324       0x10 D:/devkitPro/devkitARM/bin/../lib/gcc/arm-none-eabi/13.2.0/../../../../arm-none-eabi/lib/thumb\libg.a(libc_a-vfiprintf.o)
 .rodata.basefix.0
                0x02023334       0x22 D:/devkitPro/devkitARM/bin/../lib/gcc/arm-none-eabi/13.2.0/../../../../arm-none-eabi/lib/thumb\libg.a(libc_a-svfiscanf.o)
 *fill*         0x02023356        0x2 ff
 .rodata._ctype_
                0x02023358      0x101 D:/devkitPro/devkitARM/bin/../lib/gcc/arm-none-eabi/13.2.0/../../../../arm-none-eabi/lib/thumb\libg.a(libc_a-ctype_.o)
                0x02023358                _ctype_
 *fill*         0x02023459        0x3 ff
 .rodata.__action_table
                0x0202345c       0x6c D:/devkitPro/devkitARM/bin/../lib/gcc/arm-none-eabi/13.2.0/../../../../arm-none-eabi/lib/thumb\libg.a(libc_a-svfiprintf.o)
                0x0202345c                __action_table
 .rodata.__state_table
                0x020234c8       0x6c D:/devkitPro/devkitARM/bin/../lib/gcc/arm-none-eabi/13.2.0/../../../../arm-none-eabi/lib/thumb\libg.a(libc_a-svfiprintf.o)
                0x020234c8                __state_table
 .rodata.__chclass
                0x02023534      0x100 D:/devkitPro/devkitARM/bin/../lib/gcc/arm-none-eabi/13.2.0/../../../../arm-none-eabi/lib/thumb\libg.a(libc_a-svfiprintf.o)
                0x02023534                __chclass
 .rodata._mbrtowc_r.str1.4
                0x02023634        0x1 D:/devkitPro/devkitARM/bin/../lib/gcc/arm-none-eabi/13.2.0/../../../../arm-none-eabi/lib/thumb\libg.a(libc_a-mbrtowc.o)
 .rodata.str1.4
                0x02023634       0x4c D:/devkitPro/devkitARM/bin/../lib/gcc/arm-none-eabi/13.2.0/../../../../arm-none-eabi/lib/thumb\libg.a(libc_a-locale.o)
 .rodata.categories
                0x02023634     0x35dc D:/devkitPro/devkitARM/bin/../lib/gcc/arm-none-eabi/13.2.0/../../../../arm-none-eabi/lib/thumb\libg.a(libc_a-categories.o)
 .rodata.AddDevice.str1.4
                0x02026c10        0x8 D:/devkitPro/devkitARM/bin/../lib/gcc/arm-none-eabi/13.2.0/../../../../arm-none-eabi/lib/thumb\libsysbase.a(libsysbase_libsysbase_a-iosupport.o)
 .rodata.dotab_stdnull
                0x02026c10       0x80 D:/devkitPro/devkitARM/bin/../lib/gcc/arm-none-eabi/13.2.0/../../../../arm-none-eabi/lib/thumb\libsysbase.a(libsysbase_libsysbase_a-iosupport.o)
                0x02026c10                dotab_stdnull
 *(EXCLUDE_FILE(*.twl*) .gnu.linkonce.r*)
                0x02026c90                        . = ALIGN (0x4)

.ARM.extab
 *(.ARM.extab* .gnu.linkonce.armextab.*)
                0x02026c90                        __exidx_start = .

ARM.exidx
 *(.ARM.exidx* .gnu.linkonce.armexidx.*)
                0x02026c90                        __exidx_end = .
                0x02026c90                        . = ALIGN (0x4)
                0x02026c90                        PROVIDE (__preinit_array_start = .)

.preinit_array
 *(.preinit_array)
                0x02026c90                        PROVIDE (__preinit_array_end = .)
                0x02026c90                        PROVIDE (__init_array_start = .)

.init_array     0x02026c90        0x4
 *(SORT_BY_NAME(.init_array.*))
 *(.init_array)
 .init_array    0x02026c90        0x4 D:/devkitPro/devkitARM/bin/../lib/gcc/arm-none-eabi/13.2.0/thumb/crtbegin.o
                0x02026c94                        PROVIDE (__init_array_end = .)
                [!provide]                        PROVIDE (__fini_array_start = .)

.fini_array     0x02026c94        0x4
 *(.fini_array)
 .fini_array    0x02026c94        0x4 D:/devkitPro/devkitARM/bin/../lib/gcc/arm-none-eabi/13.2.0/thumb/crtbegin.o
 *(SORT_BY_NAME(.fini_array.*))
                [!provide]                        PROVIDE (__fini_array_end = .)

.ctors          0x02026c98        0x0
 *crtbegin.o(.ctors)
 *(EXCLUDE_FILE(*crtend.o) .ctors)
 *(SORT_BY_NAME(.ctors.*))
 *(.ctors)
                0x02026c98                        . = ALIGN (0x4)

.dtors          0x02026c98        0x0
 *crtbegin.o(.dtors)
 *(EXCLUDE_FILE(*crtend.o) .dtors)
 *(SORT_BY_NAME(.dtors.*))
 *(.dtors)
                0x02026c98                        . = ALIGN (0x4)

.eh_frame       0x02026c98        0x4
 *(.eh_frame)
 .eh_frame      0x02026c98        0x0 D:/devkitPro/devkitARM/bin/../lib/gcc/arm-none-eabi/13.2.0/thumb/crtbegin.o
 .eh_frame      0x02026c98        0x4 D:/devkitPro/devkitARM/bin/../lib/gcc/arm-none-eabi/13.2.0/thumb/crtend.o
                0x02026c9c                        . = ALIGN (0x4)

.rel.dyn        0x02026c9c        0x0
 .rel.iplt      0x02026c9c        0x0 D:/devkitPro/devkitARM/bin/../lib/gcc/arm-none-eabi/13.2.0/../../../../arm-none-eabi/lib/thumb/ds_arm9_crt0.o

.gcc_except_table
                0x02026c9c        0x0
 *(.gcc_except_table)
                0x02026c9c                        . = ALIGN (0x4)

.jcr
 *(.jcr)

.got
 *(.got.plt)
 *(.got)
 *(.rel.got)

.ewram          0x02026c9c        0x0
                0x02026c9c                        __ewram_start = ABSOLUTE (.)
 *(.ewram)
 *ewram.*(.text)
                0x02026c9c                        . = ALIGN (0x4)

.data           0x02026c9c     0x1864
                0x02026c9c                        __data_start = ABSOLUTE (.)
 *(EXCLUDE_FILE(*.twl*) .data)
 .data          0x02026c9c       0x28 D:/devkitPro/libnds/lib\libnds9.a(mpu_setup.o)
 *(EXCLUDE_FILE(*.twl*) .data.*)
 .data.currentConsole
                0x02026cc4        0x4 D:/devkitPro/libnds/lib\libnds9.a(console.o)
                0x02026cc4                currentConsole
 .data.defaultConsole
                0x02026cc8       0x5c D:/devkitPro/libnds/lib\libnds9.a(console.o)
                0x02026cc8                defaultConsole
 .data.firstConsoleInit.0
                0x02026d24        0x1 D:/devkitPro/libnds/lib\libnds9.a(console.o)
 *fill*         0x02026d25        0x3 ff
 .data.glGlob   0x02026d28        0x4 D:/devkitPro/libnds/lib\libnds9.a(videoGL.o)
 .data.count    0x02026d2c        0x1 D:/devkitPro/libnds/lib\libnds9.a(keys.o)
 .data.delay    0x02026d2d        0x1 D:/devkitPro/libnds/lib\libnds9.a(keys.o)
 .data.repeat   0x02026d2e        0x1 D:/devkitPro/libnds/lib\libnds9.a(keys.o)
 *fill*         0x02026d2f        0x1 ff
 .data.fifo_buffer_free
                0x02026d30        0x4 D:/devkitPro/libnds/lib\libnds9.a(fifosystem.o)
                0x02026d30                fifo_buffer_free
 .data.fifo_freewords
                0x02026d34        0x4 D:/devkitPro/libnds/lib\libnds9.a(fifosystem.o)
                0x02026d34                fifo_freewords
 .data.fifo_receive_queue
                0x02026d38        0x4 D:/devkitPro/libnds/lib\libnds9.a(fifosystem.o)
                0x02026d38                fifo_receive_queue
 .data.fifo_send_queue
                0x02026d3c        0x4 D:/devkitPro/libnds/lib\libnds9.a(fifosystem.o)
                0x02026d3c                fifo_send_queue
 .data.bgControl
                0x02026d40       0x20 D:/devkitPro/libnds/lib\libnds9.a(background.o)
                0x02026d40                bgControl
 .data.bgScrollTable
                0x02026d60       0x20 D:/devkitPro/libnds/lib\libnds9.a(background.o)
                0x02026d60                bgScrollTable
 .data.bgTransform
                0x02026d80       0x20 D:/devkitPro/libnds/lib\libnds9.a(background.o)
                0x02026d80                bgTransform
 .data.__malloc_sbrk_base
                0x02026da0        0x4 D:/devkitPro/devkitARM/bin/../lib/gcc/arm-none-eabi/13.2.0/../../../../arm-none-eabi/lib/thumb\libg.a(libc_a-mallocr.o)
                0x02026da0                __malloc_sbrk_base
 .data.__malloc_trim_threshold
                0x02026da4        0x4 D:/devkitPro/devkitARM/bin/../lib/gcc/arm-none-eabi/13.2.0/../../../../arm-none-eabi/lib/thumb\libg.a(libc_a-mallocr.o)
                0x02026da4                __malloc_trim_threshold
 .data.__malloc_av_
                0x02026da8      0x408 D:/devkitPro/devkitARM/bin/../lib/gcc/arm-none-eabi/13.2.0/../../../../arm-none-eabi/lib/thumb\libg.a(libc_a-mallocr.o)
                0x02026da8                __malloc_av_
 .data._impure_ptr
                0x020271b0        0x4 D:/devkitPro/devkitARM/bin/../lib/gcc/arm-none-eabi/13.2.0/../../../../arm-none-eabi/lib/thumb\libg.a(libc_a-impure.o)
                0x020271b0                _impure_ptr
 *fill*         0x020271b4        0x4 ff
 .data._impure_data
                0x020271b8      0x120 D:/devkitPro/devkitARM/bin/../lib/gcc/arm-none-eabi/13.2.0/../../../../arm-none-eabi/lib/thumb\libg.a(libc_a-impure.o)
                0x020271b8                _impure_data
 .data.__sglue  0x020272d8        0xc D:/devkitPro/devkitARM/bin/../lib/gcc/arm-none-eabi/13.2.0/../../../../arm-none-eabi/lib/thumb\libg.a(libc_a-findfp.o)
                0x020272d8                __sglue
 .data.__global_locale
                0x020272e4      0x16c D:/devkitPro/devkitARM/bin/../lib/gcc/arm-none-eabi/13.2.0/../../../../arm-none-eabi/lib/thumb\libg.a(libc_a-locale.o)
                0x020272e4                __global_locale
 .data.handles  0x02027450     0x1000 D:/devkitPro/devkitARM/bin/../lib/gcc/arm-none-eabi/13.2.0/../../../../arm-none-eabi/lib/thumb\libsysbase.a(libsysbase_libsysbase_a-handle_manager.o)
 .data.__stderr_handle
                0x02028450        0xc D:/devkitPro/devkitARM/bin/../lib/gcc/arm-none-eabi/13.2.0/../../../../arm-none-eabi/lib/thumb\libsysbase.a(libsysbase_libsysbase_a-handle_manager.o)
 .data.__stdout_handle
                0x0202845c        0xc D:/devkitPro/devkitARM/bin/../lib/gcc/arm-none-eabi/13.2.0/../../../../arm-none-eabi/lib/thumb\libsysbase.a(libsysbase_libsysbase_a-handle_manager.o)
 .data.__stdin_handle
                0x02028468        0xc D:/devkitPro/devkitARM/bin/../lib/gcc/arm-none-eabi/13.2.0/../../../../arm-none-eabi/lib/thumb\libsysbase.a(libsysbase_libsysbase_a-handle_manager.o)
 .data.devoptab_list
                0x02028474       0x8c D:/devkitPro/devkitARM/bin/../lib/gcc/arm-none-eabi/13.2.0/../../../../arm-none-eabi/lib/thumb\libsysbase.a(libsysbase_libsysbase_a-iosupport.o)
                0x02028474                devoptab_list
 *(EXCLUDE_FILE(*.twl*) .gnu.linkonce.d*)
                0x02028500                        . = ALIGN (0x4)
                0x02028500                        __data_end = ABSOLUTE (.)
                0x02028500                        __bss_vma = .

.igot.plt       0x02028500        0x0
 .igot.plt      0x02028500        0x0 D:/devkitPro/devkitARM/bin/../lib/gcc/arm-none-eabi/13.2.0/../../../../arm-none-eabi/lib/thumb/ds_arm9_crt0.o

.dtcm           0x02ff0000        0x0 load address 0x02028500
                0x02028500                        __dtcm_lma = LOADADDR (.dtcm)
                0x02ff0000                        __dtcm_start = ABSOLUTE (.)
 *(.dtcm)
 *(.dtcm.*)
                0x02ff0000                        . = ALIGN (0x4)
                0x02ff0000                        __dtcm_end = ABSOLUTE (.)

.itcm           0x01000100      0x194 load address 0x02028500
                0x02028500                        __itcm_lma = LOADADDR (.itcm)
                0x01000100                        __itcm_start = ABSOLUTE (.)
 *(.itcm)
 .itcm          0x01000100       0xc8 D:/devkitPro/libnds/lib\libnds9.a(interrupts.o)
                0x01000100                irqTable
 .itcm          0x010001c8       0xcc D:/devkitPro/libnds/lib\libnds9.a(interruptDispatcher.o)
                0x010001c8                IntrMain
 *.itcm*(.text .stub .text.*)
                0x01000294                        . = ALIGN (0x4)
                0x01000294                        __itcm_end = ABSOLUTE (.)

.vectors        0x01000000        0x0 load address 0x02028694
                0x02028694                        __vectors_lma = LOADADDR (.vectors)
                0x01000000                        __vectors_start = ABSOLUTE (.)
 *(.vectors .vectors.*)
                0x01000000                        . = ALIGN (0x4)
                0x01000000                        __vectors_end = ABSOLUTE (.)

.sbss           0x02ff0000        0x0
                0x02ff0000                        __sbss_start = ABSOLUTE (.)
                0x02ff0000                        __sbss_start__ = ABSOLUTE (.)
 *(.sbss)
                0x02ff0000                        . = ALIGN (0x4)
                0x02ff0000                        __sbss_end = ABSOLUTE (.)

.bss            0x02028500     0x24f4
                0x02028500                        __bss_start = ABSOLUTE (.)
                0x02028500                        __bss_start__ = ABSOLUTE (.)
 *(EXCLUDE_FILE(*.twl*) .dynbss)
 *(EXCLUDE_FILE(*.twl*) .gnu.linkonce.b*)
 *(EXCLUDE_FILE(*.twl*) .bss*)
 .bss.completed.1
                0x02028500        0x1 D:/devkitPro/devkitARM/bin/../lib/gcc/arm-none-eabi/13.2.0/thumb/crtbegin.o
 *fill*         0x02028501        0x3 
 .bss.object.0  0x02028504       0x18 D:/devkitPro/devkitARM/bin/../lib/gcc/arm-none-eabi/13.2.0/thumb/crtbegin.o
 .bss           0x0202851c     0x16b4 main.o
                0x02028520                player_images
                0x02028534                cursor_images
                0x02028548                level_map
                0x020287d0                tiles_images
 .bss.currentCopy
                0x02029bd0       0x5c D:/devkitPro/libnds/lib\libnds9.a(console.o)
                0x02029bd0                currentCopy
 .bss.gCurrentTexture
                0x02029c2c        0x4 D:/devkitPro/libnds/lib\libnds9.a(gl2d.o)
                0x02029c2c                gCurrentTexture
 .bss.g_depth   0x02029c30        0x2 D:/devkitPro/libnds/lib\libnds9.a(gl2d.o)
 *fill*         0x02029c32        0x2 
 .bss.diffuse_ambient.1
                0x02029c34        0x4 D:/devkitPro/libnds/lib\libnds9.a(videoGL.o)
 .bss.glGlobalData
                0x02029c38       0x54 D:/devkitPro/libnds/lib\libnds9.a(videoGL.o)
                0x02029c38                glGlobalData
 .bss.specular_emission.0
                0x02029c8c        0x4 D:/devkitPro/libnds/lib\libnds9.a(videoGL.o)
 .bss.keys      0x02029c90        0x2 D:/devkitPro/libnds/lib\libnds9.a(keys.o)
 .bss.keysold   0x02029c92        0x2 D:/devkitPro/libnds/lib\libnds9.a(keys.o)
 .bss.keysrepeat
                0x02029c94        0x2 D:/devkitPro/libnds/lib\libnds9.a(keys.o)
 .bss.__dsimode
                0x02029c96        0x1 D:/devkitPro/libnds/lib\libnds9.a(initSystem.o)
                0x02029c96                __dsimode
 *fill*         0x02029c97        0x1 
 .bss.punixTime
                0x02029c98        0x4 D:/devkitPro/libnds/lib\libnds9.a(initSystem.o)
                0x02029c98                punixTime
 .bss.fifo_address_data
                0x02029c9c       0x40 D:/devkitPro/libnds/lib\libnds9.a(fifosystem.o)
                0x02029c9c                fifo_address_data
 .bss.fifo_address_func
                0x02029cdc       0x40 D:/devkitPro/libnds/lib\libnds9.a(fifosystem.o)
                0x02029cdc                fifo_address_func
 .bss.fifo_address_queue
                0x02029d1c       0x40 D:/devkitPro/libnds/lib\libnds9.a(fifosystem.o)
                0x02029d1c                fifo_address_queue
 .bss.fifo_buffer
                0x02029d5c      0x800 D:/devkitPro/libnds/lib\libnds9.a(fifosystem.o)
                0x02029d5c                fifo_buffer
 .bss.fifo_data_queue
                0x0202a55c       0x40 D:/devkitPro/libnds/lib\libnds9.a(fifosystem.o)
                0x0202a55c                fifo_data_queue
 .bss.fifo_datamsg_data
                0x0202a59c       0x40 D:/devkitPro/libnds/lib\libnds9.a(fifosystem.o)
                0x0202a59c                fifo_datamsg_data
 .bss.fifo_datamsg_func
                0x0202a5dc       0x40 D:/devkitPro/libnds/lib\libnds9.a(fifosystem.o)
                0x0202a5dc                fifo_datamsg_func
 .bss.fifo_value32_data
                0x0202a61c       0x40 D:/devkitPro/libnds/lib\libnds9.a(fifosystem.o)
                0x0202a61c                fifo_value32_data
 .bss.fifo_value32_func
                0x0202a65c       0x40 D:/devkitPro/libnds/lib\libnds9.a(fifosystem.o)
                0x0202a65c                fifo_value32_func
 .bss.fifo_value32_queue
                0x0202a69c       0x40 D:/devkitPro/libnds/lib\libnds9.a(fifosystem.o)
                0x0202a69c                fifo_value32_queue
 .bss.processing
                0x0202a6dc        0x4 D:/devkitPro/libnds/lib\libnds9.a(fifosystem.o)
                0x0202a6dc                processing
 .bss.bgIsTextLut
                0x0202a6e0        0x8 D:/devkitPro/libnds/lib\libnds9.a(background.o)
                0x0202a6e0                bgIsTextLut
 .bss.bgState   0x0202a6e8      0x140 D:/devkitPro/libnds/lib\libnds9.a(background.o)
                0x0202a6e8                bgState
 .bss.SDcallback
                0x0202a828        0x4 D:/devkitPro/libnds/lib\libnds9.a(system.o)
 .bss.__malloc_current_mallinfo
                0x0202a82c       0x28 D:/devkitPro/devkitARM/bin/../lib/gcc/arm-none-eabi/13.2.0/../../../../arm-none-eabi/lib/thumb\libg.a(libc_a-mallocr.o)
                0x0202a82c                __malloc_current_mallinfo
 .bss.__malloc_max_total_mem
                0x0202a854        0x4 D:/devkitPro/devkitARM/bin/../lib/gcc/arm-none-eabi/13.2.0/../../../../arm-none-eabi/lib/thumb\libg.a(libc_a-mallocr.o)
                0x0202a854                __malloc_max_total_mem
 .bss.__malloc_max_sbrked_mem
                0x0202a858        0x4 D:/devkitPro/devkitARM/bin/../lib/gcc/arm-none-eabi/13.2.0/../../../../arm-none-eabi/lib/thumb\libg.a(libc_a-mallocr.o)
                0x0202a858                __malloc_max_sbrked_mem
 .bss.__malloc_top_pad
                0x0202a85c        0x4 D:/devkitPro/devkitARM/bin/../lib/gcc/arm-none-eabi/13.2.0/../../../../arm-none-eabi/lib/thumb\libg.a(libc_a-mallocr.o)
                0x0202a85c                __malloc_top_pad
 .bss.__malloc_recursive_mutex
                0x0202a860        0xc D:/devkitPro/devkitARM/bin/../lib/gcc/arm-none-eabi/13.2.0/../../../../arm-none-eabi/lib/thumb\libg.a(libc_a-mlock.o)
 .bss.__sfp_recursive_mutex
                0x0202a86c        0xc D:/devkitPro/devkitARM/bin/../lib/gcc/arm-none-eabi/13.2.0/../../../../arm-none-eabi/lib/thumb\libg.a(libc_a-findfp.o)
 .bss.__sf      0x0202a878      0x168 D:/devkitPro/devkitARM/bin/../lib/gcc/arm-none-eabi/13.2.0/../../../../arm-none-eabi/lib/thumb\libg.a(libc_a-findfp.o)
                0x0202a878                __sf
 .bss.__stdio_exit_handler
                0x0202a9e0        0x4 D:/devkitPro/devkitARM/bin/../lib/gcc/arm-none-eabi/13.2.0/../../../../arm-none-eabi/lib/thumb\libg.a(libc_a-findfp.o)
                0x0202a9e0                __stdio_exit_handler
 .bss.__hndl_lock
                0x0202a9e4        0x4 D:/devkitPro/devkitARM/bin/../lib/gcc/arm-none-eabi/13.2.0/../../../../arm-none-eabi/lib/thumb\libsysbase.a(libsysbase_libsysbase_a-handle_manager.o)
 .bss.fake_heap_start
                0x0202a9e8        0x4 D:/devkitPro/devkitARM/bin/../lib/gcc/arm-none-eabi/13.2.0/../../../../arm-none-eabi/lib/thumb\libsysbase.a(libsysbase_libsysbase_a-malloc_vars.o)
                0x0202a9e8                fake_heap_start
 .bss.fake_heap_end
                0x0202a9ec        0x4 D:/devkitPro/devkitARM/bin/../lib/gcc/arm-none-eabi/13.2.0/../../../../arm-none-eabi/lib/thumb\libsysbase.a(libsysbase_libsysbase_a-malloc_vars.o)
                0x0202a9ec                fake_heap_end
 .bss.heap_start.0
                0x0202a9f0        0x4 D:/devkitPro/devkitARM/bin/../lib/gcc/arm-none-eabi/13.2.0/../../../../arm-none-eabi/lib/thumb\libsysbase.a(libsysbase_libsysbase_a-sbrk.o)
 *(EXCLUDE_FILE(*.twl*) COMMON)
                0x0202a9f4                        . = ALIGN (0x4)
                0x0202a9f4                        __bss_end__ = ABSOLUTE (.)
                0x0202a9f4                        __end__ = ABSOLUTE (.)

.twl            0x0202a9f4        0x0 load address 0x02400000
                0x02400000                        __arm9i_lma__ = LOADADDR (.twl)
                0x0202a9f4                        __arm9i_start__ = ABSOLUTE (.)
 *(.twl)
 *.twl*(.text .stub .text.* .gnu.linkonce.t.*)
 *.twl*(.rodata)
 *.twl*(.roda)
 *.twl*(.rodata.*)
 *.twl*(.data)
 *.twl*(.data.*)
 *.twl*(.gnu.linkonce.d*)
                0x0202a9f4                        __arm9i_end__ = ABSOLUTE (.)

.twl_bss        0x0202a9f4        0x0
                0x0202a9f4                        __twl_bss_start__ = ABSOLUTE (.)
 *(.twl_bss)
 *.twl*(.dynbss)
 *.twl*(.gnu.linkonce.b*)
 *.twl*(.bss*)
 *.twl*(COMMON)
                0x0202a9f4                        . = ALIGN (0x4)
                0x0202a9f4                        __twl_bss_end__ = ABSOLUTE (.)
                0x0202a9f4                        __twl_end__ = ABSOLUTE (.)

.stab
 *(.stab)

.stabstr
 *(.stabstr)

.stab.excl
 *(.stab.excl)

.stab.exclstr
 *(.stab.exclstr)

.stab.index
 *(.stab.index)

.stab.indexstr
 *(.stab.indexstr)

.comment        0x00000000       0x46
 *(.comment)
 .comment       0x00000000       0x46 D:/devkitPro/devkitARM/bin/../lib/gcc/arm-none-eabi/13.2.0/thumb/crtbegin.o
                                 0x24 (size before relaxing)
 .comment       0x00000046       0x24 main.o
 .comment       0x00000046       0x24 D:/devkitPro/libnds/lib\libnds9.a(console.o)
 .comment       0x00000046       0x24 D:/devkitPro/libnds/lib\libnds9.a(gl2d.o)
 .comment       0x00000046       0x24 D:/devkitPro/libnds/lib\libnds9.a(videoGL.o)
 .comment       0x00000046       0x24 D:/devkitPro/libnds/lib\libnds9.a(keys.o)
 .comment       0x00000046       0x24 D:/devkitPro/libnds/lib\libnds9.a(initSystem.o)
 .comment       0x00000046       0x24 D:/devkitPro/libnds/lib\libnds9.a(securearea.o)
 .comment       0x00000046       0x24 D:/devkitPro/libnds/lib\libnds9.a(interrupts.o)
 .comment       0x00000046       0x24 D:/devkitPro/libnds/lib\libnds9.a(libnds_exit.arm.o)
 .comment       0x00000046       0x24 D:/devkitPro/libnds/lib\libnds9.a(fifosystem.o)
 .comment       0x00000046       0x24 D:/devkitPro/libnds/lib\libnds9.a(background.o)
 .comment       0x00000046       0x24 D:/devkitPro/libnds/lib\libnds9.a(dynamicArray.o)
 .comment       0x00000046       0x24 D:/devkitPro/libnds/lib\libnds9.a(trig.o)
 .comment       0x00000046       0x24 D:/devkitPro/libnds/lib\libnds9.a(video.o)
 .comment       0x00000046       0x24 D:/devkitPro/libnds/lib\libnds9.a(system.o)
 .comment       0x00000046       0x24 D:/devkitPro/devkitARM/bin/../lib/gcc/arm-none-eabi/13.2.0/thumb\libgcc.a(_muldi3.o)
 .comment       0x00000046       0x24 D:/devkitPro/devkitARM/bin/../lib/gcc/arm-none-eabi/13.2.0/../../../../arm-none-eabi/lib/thumb\libg.a(libc_a-calloc.o)
 .comment       0x00000046       0x24 D:/devkitPro/devkitARM/bin/../lib/gcc/arm-none-eabi/13.2.0/../../../../arm-none-eabi/lib/thumb\libg.a(libc_a-siscanf.o)
 .comment       0x00000046       0x24 D:/devkitPro/devkitARM/bin/../lib/gcc/arm-none-eabi/13.2.0/../../../../arm-none-eabi/lib/thumb\libg.a(libc_a-stdio.o)
 .comment       0x00000046       0x24 D:/devkitPro/devkitARM/bin/../lib/gcc/arm-none-eabi/13.2.0/../../../../arm-none-eabi/lib/thumb\libg.a(libc_a-callocr.o)
 .comment       0x00000046       0x24 D:/devkitPro/devkitARM/bin/../lib/gcc/arm-none-eabi/13.2.0/../../../../arm-none-eabi/lib/thumb\libg.a(libc_a-realloc.o)
 .comment       0x00000046       0x24 D:/devkitPro/devkitARM/bin/../lib/gcc/arm-none-eabi/13.2.0/../../../../arm-none-eabi/lib/thumb\libg.a(libc_a-mallocr.o)
 .comment       0x00000046       0x24 D:/devkitPro/devkitARM/bin/../lib/gcc/arm-none-eabi/13.2.0/../../../../arm-none-eabi/lib/thumb\libg.a(libc_a-freer.o)
 .comment       0x00000046       0x24 D:/devkitPro/devkitARM/bin/../lib/gcc/arm-none-eabi/13.2.0/../../../../arm-none-eabi/lib/thumb\libg.a(libc_a-setvbuf.o)
 .comment       0x00000046       0x24 D:/devkitPro/devkitARM/bin/../lib/gcc/arm-none-eabi/13.2.0/../../../../arm-none-eabi/lib/thumb\libg.a(libc_a-errno.o)
 .comment       0x00000046       0x24 D:/devkitPro/devkitARM/bin/../lib/gcc/arm-none-eabi/13.2.0/../../../../arm-none-eabi/lib/thumb\libg.a(libc_a-malloc.o)
 .comment       0x00000046       0x24 D:/devkitPro/devkitARM/bin/../lib/gcc/arm-none-eabi/13.2.0/../../../../arm-none-eabi/lib/thumb\libg.a(libc_a-memcpy-stub.o)
 .comment       0x00000046       0x24 D:/devkitPro/devkitARM/bin/../lib/gcc/arm-none-eabi/13.2.0/../../../../arm-none-eabi/lib/thumb\libg.a(libc_a-memset.o)
 .comment       0x00000046       0x24 D:/devkitPro/devkitARM/bin/../lib/gcc/arm-none-eabi/13.2.0/../../../../arm-none-eabi/lib/thumb\libg.a(libc_a-reallocr.o)
 .comment       0x00000046       0x24 D:/devkitPro/devkitARM/bin/../lib/gcc/arm-none-eabi/13.2.0/../../../../arm-none-eabi/lib/thumb\libg.a(libc_a-mlock.o)
 .comment       0x00000046       0x24 D:/devkitPro/devkitARM/bin/../lib/gcc/arm-none-eabi/13.2.0/../../../../arm-none-eabi/lib/thumb\libg.a(libc_a-iprintf.o)
 .comment       0x00000046       0x24 D:/devkitPro/devkitARM/bin/../lib/gcc/arm-none-eabi/13.2.0/../../../../arm-none-eabi/lib/thumb\libg.a(libc_a-init.o)
 .comment       0x00000046       0x24 D:/devkitPro/devkitARM/bin/../lib/gcc/arm-none-eabi/13.2.0/../../../../arm-none-eabi/lib/thumb\libg.a(libc_a-fflush.o)
 .comment       0x00000046       0x24 D:/devkitPro/devkitARM/bin/../lib/gcc/arm-none-eabi/13.2.0/../../../../arm-none-eabi/lib/thumb\libg.a(libc_a-strlen-stub.o)
 .comment       0x00000046       0x24 D:/devkitPro/devkitARM/bin/../lib/gcc/arm-none-eabi/13.2.0/../../../../arm-none-eabi/lib/thumb\libg.a(libc_a-memmove.o)
 .comment       0x00000046       0x24 D:/devkitPro/devkitARM/bin/../lib/gcc/arm-none-eabi/13.2.0/../../../../arm-none-eabi/lib/thumb\libg.a(libc_a-impure.o)
 .comment       0x00000046       0x24 D:/devkitPro/devkitARM/bin/../lib/gcc/arm-none-eabi/13.2.0/../../../../arm-none-eabi/lib/thumb\libg.a(libc_a-vfiprintf.o)
 .comment       0x00000046       0x24 D:/devkitPro/devkitARM/bin/../lib/gcc/arm-none-eabi/13.2.0/../../../../arm-none-eabi/lib/thumb\libg.a(libc_a-memchr-stub.o)
 .comment       0x00000046       0x24 D:/devkitPro/devkitARM/bin/../lib/gcc/arm-none-eabi/13.2.0/../../../../arm-none-eabi/lib/thumb\libg.a(libc_a-svfiscanf.o)
 .comment       0x00000046       0x24 D:/devkitPro/devkitARM/bin/../lib/gcc/arm-none-eabi/13.2.0/../../../../arm-none-eabi/lib/thumb\libg.a(libc_a-strtoul.o)
 .comment       0x00000046       0x24 D:/devkitPro/devkitARM/bin/../lib/gcc/arm-none-eabi/13.2.0/../../../../arm-none-eabi/lib/thumb\libg.a(libc_a-sprint_r.o)
 .comment       0x00000046       0x24 D:/devkitPro/devkitARM/bin/../lib/gcc/arm-none-eabi/13.2.0/../../../../arm-none-eabi/lib/thumb\libg.a(libc_a-iswspace.o)
 .comment       0x00000046       0x24 D:/devkitPro/devkitARM/bin/../lib/gcc/arm-none-eabi/13.2.0/../../../../arm-none-eabi/lib/thumb\libg.a(libc_a-sccl.o)
 .comment       0x00000046       0x24 D:/devkitPro/devkitARM/bin/../lib/gcc/arm-none-eabi/13.2.0/../../../../arm-none-eabi/lib/thumb\libg.a(libc_a-localeconv.o)
 .comment       0x00000046       0x24 D:/devkitPro/devkitARM/bin/../lib/gcc/arm-none-eabi/13.2.0/../../../../arm-none-eabi/lib/thumb\libg.a(libc_a-makebuf.o)
 .comment       0x00000046       0x24 D:/devkitPro/devkitARM/bin/../lib/gcc/arm-none-eabi/13.2.0/../../../../arm-none-eabi/lib/thumb\libg.a(libc_a-findfp.o)
 .comment       0x00000046       0x24 D:/devkitPro/devkitARM/bin/../lib/gcc/arm-none-eabi/13.2.0/../../../../arm-none-eabi/lib/thumb\libg.a(libc_a-wcrtomb.o)
 .comment       0x00000046       0x24 D:/devkitPro/devkitARM/bin/../lib/gcc/arm-none-eabi/13.2.0/../../../../arm-none-eabi/lib/thumb\libg.a(libc_a-strtol.o)
 .comment       0x00000046       0x24 D:/devkitPro/devkitARM/bin/../lib/gcc/arm-none-eabi/13.2.0/../../../../arm-none-eabi/lib/thumb\libg.a(libc_a-ctype_.o)
 .comment       0x00000046       0x24 D:/devkitPro/devkitARM/bin/../lib/gcc/arm-none-eabi/13.2.0/../../../../arm-none-eabi/lib/thumb\libg.a(libc_a-fwalk.o)
 .comment       0x00000046       0x24 D:/devkitPro/devkitARM/bin/../lib/gcc/arm-none-eabi/13.2.0/../../../../arm-none-eabi/lib/thumb\libg.a(libc_a-strncpy.o)
 .comment       0x00000046       0x24 D:/devkitPro/devkitARM/bin/../lib/gcc/arm-none-eabi/13.2.0/../../../../arm-none-eabi/lib/thumb\libg.a(libc_a-strtoull.o)
 .comment       0x00000046       0x24 D:/devkitPro/devkitARM/bin/../lib/gcc/arm-none-eabi/13.2.0/../../../../arm-none-eabi/lib/thumb\libg.a(libc_a-wcsrtombs.o)
 .comment       0x00000046       0x24 D:/devkitPro/devkitARM/bin/../lib/gcc/arm-none-eabi/13.2.0/../../../../arm-none-eabi/lib/thumb\libg.a(libc_a-svfiprintf.o)
 .comment       0x00000046       0x24 D:/devkitPro/devkitARM/bin/../lib/gcc/arm-none-eabi/13.2.0/../../../../arm-none-eabi/lib/thumb\libg.a(libc_a-mbrtowc.o)
 .comment       0x00000046       0x24 D:/devkitPro/devkitARM/bin/../lib/gcc/arm-none-eabi/13.2.0/../../../../arm-none-eabi/lib/thumb\libg.a(libc_a-wsetup.o)
 .comment       0x00000046       0x24 D:/devkitPro/devkitARM/bin/../lib/gcc/arm-none-eabi/13.2.0/../../../../arm-none-eabi/lib/thumb\libg.a(libc_a-ungetc.o)
 .comment       0x00000046       0x24 D:/devkitPro/devkitARM/bin/../lib/gcc/arm-none-eabi/13.2.0/../../../../arm-none-eabi/lib/thumb\libg.a(libc_a-iswspace_l.o)
 .comment       0x00000046       0x24 D:/devkitPro/devkitARM/bin/../lib/gcc/arm-none-eabi/13.2.0/../../../../arm-none-eabi/lib/thumb\libg.a(libc_a-fvwrite.o)
 .comment       0x00000046       0x24 D:/devkitPro/devkitARM/bin/../lib/gcc/arm-none-eabi/13.2.0/../../../../arm-none-eabi/lib/thumb\libg.a(libc_a-strtoll.o)
 .comment       0x00000046       0x24 D:/devkitPro/devkitARM/bin/../lib/gcc/arm-none-eabi/13.2.0/../../../../arm-none-eabi/lib/thumb\libg.a(libc_a-locale.o)
 .comment       0x00000046       0x24 D:/devkitPro/devkitARM/bin/../lib/gcc/arm-none-eabi/13.2.0/../../../../arm-none-eabi/lib/thumb\libg.a(libc_a-wcsnrtombs.o)
 .comment       0x00000046       0x24 D:/devkitPro/devkitARM/bin/../lib/gcc/arm-none-eabi/13.2.0/../../../../arm-none-eabi/lib/thumb\libg.a(libc_a-mbtowc_r.o)
 .comment       0x00000046       0x24 D:/devkitPro/devkitARM/bin/../lib/gcc/arm-none-eabi/13.2.0/../../../../arm-none-eabi/lib/thumb\libg.a(libc_a-fclose.o)
 .comment       0x00000046       0x24 D:/devkitPro/devkitARM/bin/../lib/gcc/arm-none-eabi/13.2.0/../../../../arm-none-eabi/lib/thumb\libg.a(libc_a-categories.o)
 .comment       0x00000046       0x24 D:/devkitPro/devkitARM/bin/../lib/gcc/arm-none-eabi/13.2.0/../../../../arm-none-eabi/lib/thumb\libg.a(libc_a-wctomb_r.o)
 .comment       0x00000046       0x24 D:/devkitPro/devkitARM/bin/../lib/gcc/arm-none-eabi/13.2.0/../../../../arm-none-eabi/lib/thumb\libsysbase.a(libsysbase_libsysbase_a-build_argv.o)
 .comment       0x00000046       0x24 D:/devkitPro/devkitARM/bin/../lib/gcc/arm-none-eabi/13.2.0/../../../../arm-none-eabi/lib/thumb\libsysbase.a(libsysbase_libsysbase_a-fstat.o)
 .comment       0x00000046       0x24 D:/devkitPro/devkitARM/bin/../lib/gcc/arm-none-eabi/13.2.0/../../../../arm-none-eabi/lib/thumb\libsysbase.a(libsysbase_libsysbase_a-getreent.o)
 .comment       0x00000046       0x24 D:/devkitPro/devkitARM/bin/../lib/gcc/arm-none-eabi/13.2.0/../../../../arm-none-eabi/lib/thumb\libsysbase.a(libsysbase_libsysbase_a-handle_manager.o)
 .comment       0x00000046       0x24 D:/devkitPro/devkitARM/bin/../lib/gcc/arm-none-eabi/13.2.0/../../../../arm-none-eabi/lib/thumb\libsysbase.a(libsysbase_libsysbase_a-iosupport.o)
 .comment       0x00000046       0x24 D:/devkitPro/devkitARM/bin/../lib/gcc/arm-none-eabi/13.2.0/../../../../arm-none-eabi/lib/thumb\libsysbase.a(libsysbase_libsysbase_a-isatty.o)
 .comment       0x00000046       0x24 D:/devkitPro/devkitARM/bin/../lib/gcc/arm-none-eabi/13.2.0/../../../../arm-none-eabi/lib/thumb\libsysbase.a(libsysbase_libsysbase_a-lseek.o)
 .comment       0x00000046       0x24 D:/devkitPro/devkitARM/bin/../lib/gcc/arm-none-eabi/13.2.0/../../../../arm-none-eabi/lib/thumb\libsysbase.a(libsysbase_libsysbase_a-malloc_vars.o)
 .comment       0x00000046       0x24 D:/devkitPro/devkitARM/bin/../lib/gcc/arm-none-eabi/13.2.0/../../../../arm-none-eabi/lib/thumb\libsysbase.a(libsysbase_libsysbase_a-read.o)
 .comment       0x00000046       0x24 D:/devkitPro/devkitARM/bin/../lib/gcc/arm-none-eabi/13.2.0/../../../../arm-none-eabi/lib/thumb\libsysbase.a(libsysbase_libsysbase_a-sbrk.o)
 .comment       0x00000046       0x24 D:/devkitPro/devkitARM/bin/../lib/gcc/arm-none-eabi/13.2.0/../../../../arm-none-eabi/lib/thumb\libsysbase.a(libsysbase_libsysbase_a-syscall_support.o)
 .comment       0x00000046       0x24 D:/devkitPro/devkitARM/bin/../lib/gcc/arm-none-eabi/13.2.0/../../../../arm-none-eabi/lib/thumb\libsysbase.a(libsysbase_libsysbase_a-write.o)
 .comment       0x00000046       0x24 D:/devkitPro/devkitARM/bin/../lib/gcc/arm-none-eabi/13.2.0/thumb\libgcc.a(_udivmoddi4.o)
 .comment       0x00000046       0x24 D:/devkitPro/devkitARM/bin/../lib/gcc/arm-none-eabi/13.2.0/thumb/crtend.o

.ARM.attributes
                0x00000000       0x2d
 .ARM.attributes
                0x00000000       0x21 D:/devkitPro/devkitARM/bin/../lib/gcc/arm-none-eabi/13.2.0/../../../../arm-none-eabi/lib/thumb/ds_arm9_crt0.o
 .ARM.attributes
                0x00000021       0x1c D:/devkitPro/devkitARM/bin/../lib/gcc/arm-none-eabi/13.2.0/thumb/crti.o
 .ARM.attributes
                0x0000003d       0x2a D:/devkitPro/devkitARM/bin/../lib/gcc/arm-none-eabi/13.2.0/thumb/crtbegin.o
 .ARM.attributes
                0x00000067       0x1a cursor.o
 .ARM.attributes
                0x00000081       0x1a player.o
 .ARM.attributes
                0x0000009b       0x1a tiles.o
 .ARM.attributes
                0x000000b5       0x2b main.o
 .ARM.attributes
                0x000000e0       0x2b D:/devkitPro/libnds/lib\libnds9.a(console.o)
 .ARM.attributes
                0x0000010b       0x2b D:/devkitPro/libnds/lib\libnds9.a(gl2d.o)
 .ARM.attributes
                0x00000136       0x2b D:/devkitPro/libnds/lib\libnds9.a(videoGL.o)
 .ARM.attributes
                0x00000161       0x2b D:/devkitPro/libnds/lib\libnds9.a(keys.o)
 .ARM.attributes
                0x0000018c       0x2b D:/devkitPro/libnds/lib\libnds9.a(initSystem.o)
 .ARM.attributes
                0x000001b7       0x2b D:/devkitPro/libnds/lib\libnds9.a(securearea.o)
 .ARM.attributes
                0x000001e2       0x2b D:/devkitPro/libnds/lib\libnds9.a(interrupts.o)
 .ARM.attributes
                0x0000020d       0x2b D:/devkitPro/libnds/lib\libnds9.a(libnds_exit.arm.o)
 .ARM.attributes
                0x00000238       0x2b D:/devkitPro/libnds/lib\libnds9.a(fifosystem.o)
 .ARM.attributes
                0x00000263       0x21 D:/devkitPro/libnds/lib\libnds9.a(mpu_setup.o)
 .ARM.attributes
                0x00000284       0x21 D:/devkitPro/libnds/lib\libnds9.a(IntrWait.o)
 .ARM.attributes
                0x000002a5       0x21 D:/devkitPro/libnds/lib\libnds9.a(cpu_clock.o)
 .ARM.attributes
                0x000002c6       0x1b D:/devkitPro/libnds/lib\libnds9.a(interruptDispatcher.o)
 .ARM.attributes
                0x000002e1       0x1b D:/devkitPro/libnds/lib\libnds9.a(biosCalls.o)
 .ARM.attributes
                0x000002fc       0x21 D:/devkitPro/libnds/lib\libnds9.a(swiSoftReset.o)
 .ARM.attributes
                0x0000031d       0x14 D:/devkitPro/libnds/lib\libnds9.a(default_font.bin.o)
 .ARM.attributes
                0x00000331       0x2b D:/devkitPro/libnds/lib\libnds9.a(background.o)
 .ARM.attributes
                0x0000035c       0x2b D:/devkitPro/libnds/lib\libnds9.a(dynamicArray.o)
 .ARM.attributes
                0x00000387       0x2b D:/devkitPro/libnds/lib\libnds9.a(trig.o)
 .ARM.attributes
                0x000003b2       0x2b D:/devkitPro/libnds/lib\libnds9.a(video.o)
 .ARM.attributes
                0x000003dd       0x2b D:/devkitPro/libnds/lib\libnds9.a(system.o)
 .ARM.attributes
                0x00000408       0x1c D:/devkitPro/devkitARM/bin/../lib/gcc/arm-none-eabi/13.2.0/thumb\libgcc.a(_arm_mulsf3.o)
 .ARM.attributes
                0x00000424       0x1c D:/devkitPro/devkitARM/bin/../lib/gcc/arm-none-eabi/13.2.0/thumb\libgcc.a(_divsi3.o)
 .ARM.attributes
                0x00000440       0x1c D:/devkitPro/devkitARM/bin/../lib/gcc/arm-none-eabi/13.2.0/thumb\libgcc.a(_dvmd_tls.o)
 .ARM.attributes
                0x0000045c       0x1c D:/devkitPro/devkitARM/bin/../lib/gcc/arm-none-eabi/13.2.0/thumb\libgcc.a(_arm_addsubdf3.o)
 .ARM.attributes
                0x00000478       0x1c D:/devkitPro/devkitARM/bin/../lib/gcc/arm-none-eabi/13.2.0/thumb\libgcc.a(_arm_addsubsf3.o)
 .ARM.attributes
                0x00000494       0x1c D:/devkitPro/devkitARM/bin/../lib/gcc/arm-none-eabi/13.2.0/thumb\libgcc.a(_arm_cmpsf2.o)
 .ARM.attributes
                0x000004b0       0x1c D:/devkitPro/devkitARM/bin/../lib/gcc/arm-none-eabi/13.2.0/thumb\libgcc.a(_arm_fixsfsi.o)
 .ARM.attributes
                0x000004cc       0x2a D:/devkitPro/devkitARM/bin/../lib/gcc/arm-none-eabi/13.2.0/thumb\libgcc.a(_muldi3.o)
 .ARM.attributes
                0x000004f6       0x2a D:/devkitPro/devkitARM/bin/../lib/gcc/arm-none-eabi/13.2.0/../../../../arm-none-eabi/lib/thumb\libg.a(libc_a-calloc.o)
 .ARM.attributes
                0x00000520       0x2a D:/devkitPro/devkitARM/bin/../lib/gcc/arm-none-eabi/13.2.0/../../../../arm-none-eabi/lib/thumb\libg.a(libc_a-siscanf.o)
 .ARM.attributes
                0x0000054a       0x2a D:/devkitPro/devkitARM/bin/../lib/gcc/arm-none-eabi/13.2.0/../../../../arm-none-eabi/lib/thumb\libg.a(libc_a-stdio.o)
 .ARM.attributes
                0x00000574       0x2a D:/devkitPro/devkitARM/bin/../lib/gcc/arm-none-eabi/13.2.0/../../../../arm-none-eabi/lib/thumb\libg.a(libc_a-callocr.o)
 .ARM.attributes
                0x0000059e       0x2a D:/devkitPro/devkitARM/bin/../lib/gcc/arm-none-eabi/13.2.0/../../../../arm-none-eabi/lib/thumb\libg.a(libc_a-realloc.o)
 .ARM.attributes
                0x000005c8       0x2a D:/devkitPro/devkitARM/bin/../lib/gcc/arm-none-eabi/13.2.0/../../../../arm-none-eabi/lib/thumb\libg.a(libc_a-mallocr.o)
 .ARM.attributes
                0x000005f2       0x2a D:/devkitPro/devkitARM/bin/../lib/gcc/arm-none-eabi/13.2.0/../../../../arm-none-eabi/lib/thumb\libg.a(libc_a-freer.o)
 .ARM.attributes
                0x0000061c       0x2a D:/devkitPro/devkitARM/bin/../lib/gcc/arm-none-eabi/13.2.0/../../../../arm-none-eabi/lib/thumb\libg.a(libc_a-setvbuf.o)
 .ARM.attributes
                0x00000646       0x2a D:/devkitPro/devkitARM/bin/../lib/gcc/arm-none-eabi/13.2.0/../../../../arm-none-eabi/lib/thumb\libg.a(libc_a-errno.o)
 .ARM.attributes
                0x00000670       0x2a D:/devkitPro/devkitARM/bin/../lib/gcc/arm-none-eabi/13.2.0/../../../../arm-none-eabi/lib/thumb\libg.a(libc_a-malloc.o)
 .ARM.attributes
                0x0000069a       0x2a D:/devkitPro/devkitARM/bin/../lib/gcc/arm-none-eabi/13.2.0/../../../../arm-none-eabi/lib/thumb\libg.a(libc_a-memcpy-stub.o)
 .ARM.attributes
                0x000006c4       0x2a D:/devkitPro/devkitARM/bin/../lib/gcc/arm-none-eabi/13.2.0/../../../../arm-none-eabi/lib/thumb\libg.a(libc_a-memset.o)
 .ARM.attributes
                0x000006ee       0x2a D:/devkitPro/devkitARM/bin/../lib/gcc/arm-none-eabi/13.2.0/../../../../arm-none-eabi/lib/thumb\libg.a(libc_a-reallocr.o)
 .ARM.attributes
                0x00000718       0x2a D:/devkitPro/devkitARM/bin/../lib/gcc/arm-none-eabi/13.2.0/../../../../arm-none-eabi/lib/thumb\libg.a(libc_a-mlock.o)
 .ARM.attributes
                0x00000742       0x2a D:/devkitPro/devkitARM/bin/../lib/gcc/arm-none-eabi/13.2.0/../../../../arm-none-eabi/lib/thumb\libg.a(libc_a-iprintf.o)
 .ARM.attributes
                0x0000076c       0x2a D:/devkitPro/devkitARM/bin/../lib/gcc/arm-none-eabi/13.2.0/../../../../arm-none-eabi/lib/thumb\libg.a(libc_a-init.o)
 .ARM.attributes
                0x00000796       0x2a D:/devkitPro/devkitARM/bin/../lib/gcc/arm-none-eabi/13.2.0/../../../../arm-none-eabi/lib/thumb\libg.a(libc_a-fflush.o)
 .ARM.attributes
                0x000007c0       0x2a D:/devkitPro/devkitARM/bin/../lib/gcc/arm-none-eabi/13.2.0/../../../../arm-none-eabi/lib/thumb\libg.a(libc_a-strlen-stub.o)
 .ARM.attributes
                0x000007ea       0x2a D:/devkitPro/devkitARM/bin/../lib/gcc/arm-none-eabi/13.2.0/../../../../arm-none-eabi/lib/thumb\libg.a(libc_a-memmove.o)
 .ARM.attributes
                0x00000814       0x2a D:/devkitPro/devkitARM/bin/../lib/gcc/arm-none-eabi/13.2.0/../../../../arm-none-eabi/lib/thumb\libg.a(libc_a-impure.o)
 .ARM.attributes
                0x0000083e       0x2a D:/devkitPro/devkitARM/bin/../lib/gcc/arm-none-eabi/13.2.0/../../../../arm-none-eabi/lib/thumb\libg.a(libc_a-vfiprintf.o)
 .ARM.attributes
                0x00000868       0x2a D:/devkitPro/devkitARM/bin/../lib/gcc/arm-none-eabi/13.2.0/../../../../arm-none-eabi/lib/thumb\libg.a(libc_a-memchr-stub.o)
 .ARM.attributes
                0x00000892       0x2a D:/devkitPro/devkitARM/bin/../lib/gcc/arm-none-eabi/13.2.0/../../../../arm-none-eabi/lib/thumb\libg.a(libc_a-svfiscanf.o)
 .ARM.attributes
                0x000008bc       0x2a D:/devkitPro/devkitARM/bin/../lib/gcc/arm-none-eabi/13.2.0/../../../../arm-none-eabi/lib/thumb\libg.a(libc_a-strtoul.o)
 .ARM.attributes
                0x000008e6       0x2a D:/devkitPro/devkitARM/bin/../lib/gcc/arm-none-eabi/13.2.0/../../../../arm-none-eabi/lib/thumb\libg.a(libc_a-sprint_r.o)
 .ARM.attributes
                0x00000910       0x2a D:/devkitPro/devkitARM/bin/../lib/gcc/arm-none-eabi/13.2.0/../../../../arm-none-eabi/lib/thumb\libg.a(libc_a-iswspace.o)
 .ARM.attributes
                0x0000093a       0x2a D:/devkitPro/devkitARM/bin/../lib/gcc/arm-none-eabi/13.2.0/../../../../arm-none-eabi/lib/thumb\libg.a(libc_a-sccl.o)
 .ARM.attributes
                0x00000964       0x2a D:/devkitPro/devkitARM/bin/../lib/gcc/arm-none-eabi/13.2.0/../../../../arm-none-eabi/lib/thumb\libg.a(libc_a-localeconv.o)
 .ARM.attributes
                0x0000098e       0x2a D:/devkitPro/devkitARM/bin/../lib/gcc/arm-none-eabi/13.2.0/../../../../arm-none-eabi/lib/thumb\libg.a(libc_a-makebuf.o)
 .ARM.attributes
                0x000009b8       0x2a D:/devkitPro/devkitARM/bin/../lib/gcc/arm-none-eabi/13.2.0/../../../../arm-none-eabi/lib/thumb\libg.a(libc_a-findfp.o)
 .ARM.attributes
                0x000009e2       0x2a D:/devkitPro/devkitARM/bin/../lib/gcc/arm-none-eabi/13.2.0/../../../../arm-none-eabi/lib/thumb\libg.a(libc_a-wcrtomb.o)
 .ARM.attributes
                0x00000a0c       0x2a D:/devkitPro/devkitARM/bin/../lib/gcc/arm-none-eabi/13.2.0/../../../../arm-none-eabi/lib/thumb\libg.a(libc_a-strtol.o)
 .ARM.attributes
                0x00000a36       0x2a D:/devkitPro/devkitARM/bin/../lib/gcc/arm-none-eabi/13.2.0/../../../../arm-none-eabi/lib/thumb\libg.a(libc_a-ctype_.o)
 .ARM.attributes
                0x00000a60       0x2a D:/devkitPro/devkitARM/bin/../lib/gcc/arm-none-eabi/13.2.0/../../../../arm-none-eabi/lib/thumb\libg.a(libc_a-fwalk.o)
 .ARM.attributes
                0x00000a8a       0x2a D:/devkitPro/devkitARM/bin/../lib/gcc/arm-none-eabi/13.2.0/../../../../arm-none-eabi/lib/thumb\libg.a(libc_a-strncpy.o)
 .ARM.attributes
                0x00000ab4       0x2a D:/devkitPro/devkitARM/bin/../lib/gcc/arm-none-eabi/13.2.0/../../../../arm-none-eabi/lib/thumb\libg.a(libc_a-strtoull.o)
 .ARM.attributes
                0x00000ade       0x2a D:/devkitPro/devkitARM/bin/../lib/gcc/arm-none-eabi/13.2.0/../../../../arm-none-eabi/lib/thumb\libg.a(libc_a-wcsrtombs.o)
 .ARM.attributes
                0x00000b08       0x2a D:/devkitPro/devkitARM/bin/../lib/gcc/arm-none-eabi/13.2.0/../../../../arm-none-eabi/lib/thumb\libg.a(libc_a-svfiprintf.o)
 .ARM.attributes
                0x00000b32       0x2a D:/devkitPro/devkitARM/bin/../lib/gcc/arm-none-eabi/13.2.0/../../../../arm-none-eabi/lib/thumb\libg.a(libc_a-mbrtowc.o)
 .ARM.attributes
                0x00000b5c       0x2a D:/devkitPro/devkitARM/bin/../lib/gcc/arm-none-eabi/13.2.0/../../../../arm-none-eabi/lib/thumb\libg.a(libc_a-wsetup.o)
 .ARM.attributes
                0x00000b86       0x2a D:/devkitPro/devkitARM/bin/../lib/gcc/arm-none-eabi/13.2.0/../../../../arm-none-eabi/lib/thumb\libg.a(libc_a-ungetc.o)
 .ARM.attributes
                0x00000bb0       0x2a D:/devkitPro/devkitARM/bin/../lib/gcc/arm-none-eabi/13.2.0/../../../../arm-none-eabi/lib/thumb\libg.a(libc_a-iswspace_l.o)
 .ARM.attributes
                0x00000bda       0x2a D:/devkitPro/devkitARM/bin/../lib/gcc/arm-none-eabi/13.2.0/../../../../arm-none-eabi/lib/thumb\libg.a(libc_a-fvwrite.o)
 .ARM.attributes
                0x00000c04       0x2a D:/devkitPro/devkitARM/bin/../lib/gcc/arm-none-eabi/13.2.0/../../../../arm-none-eabi/lib/thumb\libg.a(libc_a-strtoll.o)
 .ARM.attributes
                0x00000c2e       0x2a D:/devkitPro/devkitARM/bin/../lib/gcc/arm-none-eabi/13.2.0/../../../../arm-none-eabi/lib/thumb\libg.a(libc_a-locale.o)
 .ARM.attributes
                0x00000c58       0x2a D:/devkitPro/devkitARM/bin/../lib/gcc/arm-none-eabi/13.2.0/../../../../arm-none-eabi/lib/thumb\libg.a(libc_a-wcsnrtombs.o)
 .ARM.attributes
                0x00000c82       0x2a D:/devkitPro/devkitARM/bin/../lib/gcc/arm-none-eabi/13.2.0/../../../../arm-none-eabi/lib/thumb\libg.a(libc_a-mbtowc_r.o)
 .ARM.attributes
                0x00000cac       0x2a D:/devkitPro/devkitARM/bin/../lib/gcc/arm-none-eabi/13.2.0/../../../../arm-none-eabi/lib/thumb\libg.a(libc_a-fclose.o)
 .ARM.attributes
                0x00000cd6       0x2a D:/devkitPro/devkitARM/bin/../lib/gcc/arm-none-eabi/13.2.0/../../../../arm-none-eabi/lib/thumb\libg.a(libc_a-categories.o)
 .ARM.attributes
                0x00000d00       0x2a D:/devkitPro/devkitARM/bin/../lib/gcc/arm-none-eabi/13.2.0/../../../../arm-none-eabi/lib/thumb\libg.a(libc_a-wctomb_r.o)
 .ARM.attributes
                0x00000d2a       0x2a D:/devkitPro/devkitARM/bin/../lib/gcc/arm-none-eabi/13.2.0/../../../../arm-none-eabi/lib/thumb\libsysbase.a(libsysbase_libsysbase_a-build_argv.o)
 .ARM.attributes
                0x00000d54       0x2a D:/devkitPro/devkitARM/bin/../lib/gcc/arm-none-eabi/13.2.0/../../../../arm-none-eabi/lib/thumb\libsysbase.a(libsysbase_libsysbase_a-fstat.o)
 .ARM.attributes
                0x00000d7e       0x2a D:/devkitPro/devkitARM/bin/../lib/gcc/arm-none-eabi/13.2.0/../../../../arm-none-eabi/lib/thumb\libsysbase.a(libsysbase_libsysbase_a-getreent.o)
 .ARM.attributes
                0x00000da8       0x2a D:/devkitPro/devkitARM/bin/../lib/gcc/arm-none-eabi/13.2.0/../../../../arm-none-eabi/lib/thumb\libsysbase.a(libsysbase_libsysbase_a-handle_manager.o)
 .ARM.attributes
                0x00000dd2       0x2a D:/devkitPro/devkitARM/bin/../lib/gcc/arm-none-eabi/13.2.0/../../../../arm-none-eabi/lib/thumb\libsysbase.a(libsysbase_libsysbase_a-iosupport.o)
 .ARM.attributes
                0x00000dfc       0x2a D:/devkitPro/devkitARM/bin/../lib/gcc/arm-none-eabi/13.2.0/../../../../arm-none-eabi/lib/thumb\libsysbase.a(libsysbase_libsysbase_a-isatty.o)
 .ARM.attributes
                0x00000e26       0x2a D:/devkitPro/devkitARM/bin/../lib/gcc/arm-none-eabi/13.2.0/../../../../arm-none-eabi/lib/thumb\libsysbase.a(libsysbase_libsysbase_a-lseek.o)
 .ARM.attributes
                0x00000e50       0x2a D:/devkitPro/devkitARM/bin/../lib/gcc/arm-none-eabi/13.2.0/../../../../arm-none-eabi/lib/thumb\libsysbase.a(libsysbase_libsysbase_a-malloc_vars.o)
 .ARM.attributes
                0x00000e7a       0x2a D:/devkitPro/devkitARM/bin/../lib/gcc/arm-none-eabi/13.2.0/../../../../arm-none-eabi/lib/thumb\libsysbase.a(libsysbase_libsysbase_a-read.o)
 .ARM.attributes
                0x00000ea4       0x2a D:/devkitPro/devkitARM/bin/../lib/gcc/arm-none-eabi/13.2.0/../../../../arm-none-eabi/lib/thumb\libsysbase.a(libsysbase_libsysbase_a-sbrk.o)
 .ARM.attributes
                0x00000ece       0x2a D:/devkitPro/devkitARM/bin/../lib/gcc/arm-none-eabi/13.2.0/../../../../arm-none-eabi/lib/thumb\libsysbase.a(libsysbase_libsysbase_a-syscall_support.o)
 .ARM.attributes
                0x00000ef8       0x2a D:/devkitPro/devkitARM/bin/../lib/gcc/arm-none-eabi/13.2.0/../../../../arm-none-eabi/lib/thumb\libsysbase.a(libsysbase_libsysbase_a-write.o)
 .ARM.attributes
                0x00000f22       0x1c D:/devkitPro/devkitARM/bin/../lib/gcc/arm-none-eabi/13.2.0/thumb\libgcc.a(_thumb1_case_uqi.o)
 .ARM.attributes
                0x00000f3e       0x1c D:/devkitPro/devkitARM/bin/../lib/gcc/arm-none-eabi/13.2.0/thumb\libgcc.a(_thumb1_case_uhi.o)
 .ARM.attributes
                0x00000f5a       0x1c D:/devkitPro/devkitARM/bin/../lib/gcc/arm-none-eabi/13.2.0/thumb\libgcc.a(_udivsi3.o)
 .ARM.attributes
                0x00000f76       0x1c D:/devkitPro/devkitARM/bin/../lib/gcc/arm-none-eabi/13.2.0/thumb\libgcc.a(_aeabi_uldivmod.o)
 .ARM.attributes
                0x00000f92       0x2a D:/devkitPro/devkitARM/bin/../lib/gcc/arm-none-eabi/13.2.0/thumb\libgcc.a(_udivmoddi4.o)
 .ARM.attributes
                0x00000fbc       0x1c D:/devkitPro/devkitARM/bin/../lib/gcc/arm-none-eabi/13.2.0/thumb\libgcc.a(_clzdi2.o)
 .ARM.attributes
                0x00000fd8       0x1c D:/devkitPro/devkitARM/bin/../lib/gcc/arm-none-eabi/13.2.0/thumb\libgcc.a(_clzsi2.o)
 .ARM.attributes
                0x00000ff4       0x2a D:/devkitPro/devkitARM/bin/../lib/gcc/arm-none-eabi/13.2.0/thumb/crtend.o
 .ARM.attributes
                0x0000101e       0x1c D:/devkitPro/devkitARM/bin/../lib/gcc/arm-none-eabi/13.2.0/thumb/crtn.o

.debug
 *(.debug)

.line
 *(.line)

.debug_srcinfo
 *(.debug_srcinfo)

.debug_sfnames
 *(.debug_sfnames)

.debug_aranges  0x00000000      0x778
 *(.debug_aranges)
 .debug_aranges
                0x00000000       0x28 main.o
 .debug_aranges
                0x00000028       0x80 D:/devkitPro/libnds/lib\libnds9.a(console.o)
 .debug_aranges
                0x000000a8       0xc8 D:/devkitPro/libnds/lib\libnds9.a(gl2d.o)
 .debug_aranges
                0x00000170      0x140 D:/devkitPro/libnds/lib\libnds9.a(videoGL.o)
 .debug_aranges
                0x000002b0       0x50 D:/devkitPro/libnds/lib\libnds9.a(keys.o)
 .debug_aranges
                0x00000300       0x30 D:/devkitPro/libnds/lib\libnds9.a(initSystem.o)
 .debug_aranges
                0x00000330       0x18 D:/devkitPro/libnds/lib\libnds9.a(securearea.o)
 .debug_aranges
                0x00000348       0x50 D:/devkitPro/libnds/lib\libnds9.a(interrupts.o)
 .debug_aranges
                0x00000398       0x28 D:/devkitPro/libnds/lib\libnds9.a(libnds_exit.arm.o)
 .debug_aranges
                0x000003c0       0xb0 D:/devkitPro/libnds/lib\libnds9.a(fifosystem.o)
 .debug_aranges
                0x00000470       0x30 D:/devkitPro/libnds/lib\libnds9.a(mpu_setup.o)
 .debug_aranges
                0x000004a0       0x28 D:/devkitPro/libnds/lib\libnds9.a(IntrWait.o)
 .debug_aranges
                0x000004c8       0x20 D:/devkitPro/libnds/lib\libnds9.a(cpu_clock.o)
 .debug_aranges
                0x000004e8       0x20 D:/devkitPro/libnds/lib\libnds9.a(interruptDispatcher.o)
 .debug_aranges
                0x00000508       0xc8 D:/devkitPro/libnds/lib\libnds9.a(biosCalls.o)
 .debug_aranges
                0x000005d0       0x20 D:/devkitPro/libnds/lib\libnds9.a(swiSoftReset.o)
 .debug_aranges
                0x000005f0       0x40 D:/devkitPro/libnds/lib\libnds9.a(background.o)
 .debug_aranges
                0x00000630       0x38 D:/devkitPro/libnds/lib\libnds9.a(dynamicArray.o)
 .debug_aranges
                0x00000668       0x60 D:/devkitPro/libnds/lib\libnds9.a(trig.o)
 .debug_aranges
                0x000006c8       0x48 D:/devkitPro/libnds/lib\libnds9.a(video.o)
 .debug_aranges
                0x00000710       0x68 D:/devkitPro/libnds/lib\libnds9.a(system.o)

.debug_pubnames
 *(.debug_pubnames)

.debug_info     0x00000000    0x12a44
 *(.debug_info)
 .debug_info    0x00000000     0x185a main.o
 .debug_info    0x0000185a     0x26ac D:/devkitPro/libnds/lib\libnds9.a(console.o)
 .debug_info    0x00003f06     0x52ea D:/devkitPro/libnds/lib\libnds9.a(gl2d.o)
 .debug_info    0x000091f0     0x3895 D:/devkitPro/libnds/lib\libnds9.a(videoGL.o)
 .debug_info    0x0000ca85      0x43b D:/devkitPro/libnds/lib\libnds9.a(keys.o)